[2026-09-24 14:27:31] INFO  sensor de campo iniciado; destino http://127.0.0.1:8098/telemetria
[2026-09-24 14:27:34] ERROR puente no disponible (<urlopen error [WinError 10061] No se puede establecer una conexión ya que el equipo de destino denegó expresamente dicha conexión>); se reintenta
[2026-09-24 14:29:35] INFO  HTTP 202 puente acepto {'puertaAbierta': False, 'eventosAcceso': 0, 'tempPuerta': 23.88}
[2026-09-24 14:31:35] INFO  HTTP 202 puente acepto {'puertaAbierta': False, 'eventosAcceso': 0, 'tempPuerta': 23.79}
[2026-09-24 14:33:36] INFO  HTTP 202 puente acepto {'puertaAbierta': False, 'eventosAcceso': 0, 'tempPuerta': 23.84}
[2026-09-24 14:35:36] INFO  HTTP 202 puente acepto {'puertaAbierta': True, 'eventosAcceso': 1, 'tempPuerta': 23.91}
[2026-09-24 14:37:36] INFO  HTTP 202 puente acepto {'puertaAbierta': False, 'eventosAcceso': 1, 'tempPuerta': 23.71}
[2026-09-24 14:39:37] INFO  HTTP 202 puente acepto {'puertaAbierta': False, 'eventosAcceso': 1, 'tempPuerta': 23.61}
[2026-09-24 14:41:38] INFO  HTTP 202 puente acepto {'puertaAbierta': False, 'eventosAcceso': 1, 'tempPuerta': 24.03}
[2026-09-24 14:43:38] INFO  HTTP 202 puente acepto {'puertaAbierta': False, 'eventosAcceso': 1, 'tempPuerta': 23.72}
[2026-09-24 14:45:39] INFO  HTTP 202 puente acepto {'puertaAbierta': False, 'eventosAcceso': 1, 'tempPuerta': 23.83}
Traceback (most recent call last):
  File "C:\Users\mvale\Documents\Parcial1_IoT_Central\dispositivos\python\dc_acceso_sim.py", line 51, in <module>
    sys.exit(main())
             ^^^^^^
  File "C:\Users\mvale\Documents\Parcial1_IoT_Central\dispositivos\python\dc_acceso_sim.py", line 42, in main
    with urllib.request.urlopen(req, timeout=15) as r:
         ^^^^^^^^^^^^^^^^^^^^^^^^^^^^^^^^^^^^^^^
  File "C:\Users\mvale\AppData\Local\Programs\Python\Python311\Lib\urllib\request.py", line 216, in urlopen
    return opener.open(url, data, timeout)
           ^^^^^^^^^^^^^^^^^^^^^^^^^^^^^^^
  File "C:\Users\mvale\AppData\Local\Programs\Python\Python311\Lib\urllib\request.py", line 519, in open
    response = self._open(req, data)
               ^^^^^^^^^^^^^^^^^^^^^
  File "C:\Users\mvale\AppData\Local\Programs\Python\Python311\Lib\urllib\request.py", line 536, in _open
    result = self._call_chain(self.handle_open, protocol, protocol +
             ^^^^^^^^^^^^^^^^^^^^^^^^^^^^^^^^^^^^^^^^^^^^^^^^^^^^^^^
  File "C:\Users\mvale\AppData\Local\Programs\Python\Python311\Lib\urllib\request.py", line 496, in _call_chain
    result = func(*args)
             ^^^^^^^^^^^
  File "C:\Users\mvale\AppData\Local\Programs\Python\Python311\Lib\urllib\request.py", line 1377, in http_open
    return self.do_open(http.client.HTTPConnection, req)
           ^^^^^^^^^^^^^^^^^^^^^^^^^^^^^^^^^^^^^^^^^^^^^
  File "C:\Users\mvale\AppData\Local\Programs\Python\Python311\Lib\urllib\request.py", line 1352, in do_open
    r = h.getresponse()
        ^^^^^^^^^^^^^^^
  File "C:\Users\mvale\AppData\Local\Programs\Python\Python311\Lib\http\client.py", line 1374, in getresponse
    response.begin()
  File "C:\Users\mvale\AppData\Local\Programs\Python\Python311\Lib\http\client.py", line 318, in begin
    version, status, reason = self._read_status()
                              ^^^^^^^^^^^^^^^^^^^
  File "C:\Users\mvale\AppData\Local\Programs\Python\Python311\Lib\http\client.py", line 279, in _read_status
    line = str(self.fp.readline(_MAXLINE + 1), "iso-8859-1")
               ^^^^^^^^^^^^^^^^^^^^^^^^^^^^^^
  File "C:\Users\mvale\AppData\Local\Programs\Python\Python311\Lib\socket.py", line 705, in readinto
    return self._sock.recv_into(b)
           ^^^^^^^^^^^^^^^^^^^^^^^
TimeoutError: timed out
[2026-09-24 14:48:28] INFO  sensor de campo iniciado; destino http://127.0.0.1:8098/telemetria
[2026-09-24 14:48:29] INFO  HTTP 202 puente acepto {'puertaAbierta': False, 'eventosAcceso': 0, 'tempPuerta': 24.14}
[2026-09-24 14:50:44] INFO  HTTP 202 puente acepto {'puertaAbierta': False, 'eventosAcceso': 0, 'tempPuerta': 23.98}
[2026-09-24 14:52:44] INFO  HTTP 202 puente acepto {'puertaAbierta': False, 'eventosAcceso': 0, 'tempPuerta': 24.27}
[2026-09-24 14:54:47] INFO  HTTP 202 puente acepto {'puertaAbierta': False, 'eventosAcceso': 0, 'tempPuerta': 24.26}
Traceback (most recent call last):
  File "C:\Users\mvale\Documents\Parcial1_IoT_Central\dispositivos\python\dc_acceso_sim.py", line 51, in <module>
    sys.exit(main())
             ^^^^^^
  File "C:\Users\mvale\Documents\Parcial1_IoT_Central\dispositivos\python\dc_acceso_sim.py", line 42, in main
    with urllib.request.urlopen(req, timeout=15) as r:
         ^^^^^^^^^^^^^^^^^^^^^^^^^^^^^^^^^^^^^^^
  File "C:\Users\mvale\AppData\Local\Programs\Python\Python311\Lib\urllib\request.py", line 216, in urlopen
    return opener.open(url, data, timeout)
           ^^^^^^^^^^^^^^^^^^^^^^^^^^^^^^^
  File "C:\Users\mvale\AppData\Local\Programs\Python\Python311\Lib\urllib\request.py", line 519, in open
    response = self._open(req, data)
               ^^^^^^^^^^^^^^^^^^^^^
  File "C:\Users\mvale\AppData\Local\Programs\Python\Python311\Lib\urllib\request.py", line 536, in _open
    result = self._call_chain(self.handle_open, protocol, protocol +
             ^^^^^^^^^^^^^^^^^^^^^^^^^^^^^^^^^^^^^^^^^^^^^^^^^^^^^^^
  File "C:\Users\mvale\AppData\Local\Programs\Python\Python311\Lib\urllib\request.py", line 496, in _call_chain
    result = func(*args)
             ^^^^^^^^^^^
  File "C:\Users\mvale\AppData\Local\Programs\Python\Python311\Lib\urllib\request.py", line 1377, in http_open
    return self.do_open(http.client.HTTPConnection, req)
           ^^^^^^^^^^^^^^^^^^^^^^^^^^^^^^^^^^^^^^^^^^^^^
  File "C:\Users\mvale\AppData\Local\Programs\Python\Python311\Lib\urllib\request.py", line 1352, in do_open
    r = h.getresponse()
        ^^^^^^^^^^^^^^^
  File "C:\Users\mvale\AppData\Local\Programs\Python\Python311\Lib\http\client.py", line 1374, in getresponse
    response.begin()
  File "C:\Users\mvale\AppData\Local\Programs\Python\Python311\Lib\http\client.py", line 318, in begin
    version, status, reason = self._read_status()
                              ^^^^^^^^^^^^^^^^^^^
  File "C:\Users\mvale\AppData\Local\Programs\Python\Python311\Lib\http\client.py", line 279, in _read_status
    line = str(self.fp.readline(_MAXLINE + 1), "iso-8859-1")
               ^^^^^^^^^^^^^^^^^^^^^^^^^^^^^^
  File "C:\Users\mvale\AppData\Local\Programs\Python\Python311\Lib\socket.py", line 705, in readinto
    return self._sock.recv_into(b)
           ^^^^^^^^^^^^^^^^^^^^^^^
TimeoutError: timed out
