[2026-09-24 14:27:27] INFO  DPS OK -> hub iotc-ce764639-456d-4e61-9e9c-e64c9a818624.azure-devices.net
[2026-09-24 14:27:28] INFO  puente conectado; propiedades: {'zona': 'Clima exterior (free-cooling)', 'ubicacion': 'Cubierta tecnica - estacion meteorologica del predio', 'origenEnvio': 'API publica Open-Meteo (puente HTTP -> IoT Central)', 'fabricante': 'Davis Vantage Pro2 (referencia) / feed Open-Meteo', 'modelo': 'Puente-API-Meteo/1.0', 'versionFirmware': '1.3.0', 'intervaloMuestreo': 900}
[2026-09-24 14:27:29] TX API publica Open-Meteo (puente HTTP -> IoT Central) -> {"tsFuente": "2026-09-24T14:15 (America/Bogota, Open-Meteo)", "tempExterior": 24.9, "humedadExterior": 84.0, "lluviaMm": 0.2, "vientoKmh": 7.6, "radiacionSolar": 629.0, "tsDispositivo": "2026-09-24T19:27:29+00:00"}
[2026-09-24 14:42:41] TX API publica Open-Meteo (puente HTTP -> IoT Central) -> {"tsFuente": "2026-09-24T14:30 (America/Bogota, Open-Meteo)", "tempExterior": 25.0, "humedadExterior": 84.0, "lluviaMm": 0.2, "vientoKmh": 7.2, "radiacionSolar": 606.0, "tsDispositivo": "2026-09-24T19:42:29+00:00"}
[2026-09-24 14:57:43] TX API publica Open-Meteo (puente HTTP -> IoT Central) -> {"tsFuente": "2026-09-24T14:45 (America/Bogota, Open-Meteo)", "tempExterior": 26.3, "humedadExterior": 73.0, "lluviaMm": 0.1, "vientoKmh": 5.9, "radiacionSolar": 542.0, "tsDispositivo": "2026-09-24T19:57:43+00:00"}
[2026-09-24 15:12:44] TX API publica Open-Meteo (puente HTTP -> IoT Central) -> {"tsFuente": "2026-09-24T15:00 (America/Bogota, Open-Meteo)", "tempExterior": 26.0, "humedadExterior": 75.0, "lluviaMm": 0.1, "vientoKmh": 5.4, "radiacionSolar": 486.0, "tsDispositivo": "2026-09-24T20:12:44+00:00"}
[2026-09-24 15:27:45] TX API publica Open-Meteo (puente HTTP -> IoT Central) -> {"tsFuente": "2026-09-24T15:15 (America/Bogota, Open-Meteo)", "tempExterior": 25.5, "humedadExterior": 78.0, "lluviaMm": 0.4, "vientoKmh": 4.8, "radiacionSolar": 432.0, "tsDispositivo": "2026-09-24T20:27:45+00:00"}
[2026-09-24 15:42:47] TX API publica Open-Meteo (puente HTTP -> IoT Central) -> {"tsFuente": "2026-09-24T15:30 (America/Bogota, Open-Meteo)", "tempExterior": 24.9, "humedadExterior": 83.0, "lluviaMm": 0.4, "vientoKmh": 4.7, "radiacionSolar": 379.0, "tsDispositivo": "2026-09-24T20:42:46+00:00"}
[2026-09-24 15:57:48] TX API publica Open-Meteo (puente HTTP -> IoT Central) -> {"tsFuente": "2026-09-24T15:45 (America/Bogota, Open-Meteo)", "tempExterior": 24.4, "humedadExterior": 87.0, "lluviaMm": 0.4, "vientoKmh": 4.9, "radiacionSolar": 326.0, "tsDispositivo": "2026-09-24T20:57:47+00:00"}
[2026-09-24 16:12:48] TX API publica Open-Meteo (puente HTTP -> IoT Central) -> {"tsFuente": "2026-09-24T16:00 (America/Bogota, Open-Meteo)", "tempExterior": 23.9, "humedadExterior": 90.0, "lluviaMm": 0.4, "vientoKmh": 4.8, "radiacionSolar": 278.0, "tsDispositivo": "2026-09-24T21:12:48+00:00"}
[2026-09-24 16:29:37] INFO  DPS OK -> hub iotc-ce764639-456d-4e61-9e9c-e64c9a818624.azure-devices.net
[2026-09-24 16:29:37] INFO  puente conectado; propiedades: {'zona': 'Clima exterior (free-cooling)', 'ubicacion': 'Cubierta tecnica - estacion meteorologica del predio', 'origenEnvio': 'API publica Open-Meteo (puente HTTP -> IoT Central)', 'fabricante': 'Davis Vantage Pro2 (referencia) / feed Open-Meteo', 'modelo': 'Puente-API-Meteo/1.0', 'versionFirmware': '1.3.0', 'intervaloMuestreo': 900}
[2026-09-24 16:29:39] TX API publica Open-Meteo (puente HTTP -> IoT Central) -> {"tsFuente": "2026-09-24T16:15 (America/Bogota, Open-Meteo)", "tempExterior": 23.5, "humedadExterior": 92.0, "lluviaMm": 1.2, "vientoKmh": 4.0, "radiacionSolar": 231.0, "tsDispositivo": "2026-09-24T21:29:38+00:00"}
[2026-09-24 16:44:40] TX API publica Open-Meteo (puente HTTP -> IoT Central) -> {"tsFuente": "2026-09-24T16:30 (America/Bogota, Open-Meteo)", "tempExterior": 23.3, "humedadExterior": 94.0, "lluviaMm": 1.2, "vientoKmh": 2.6, "radiacionSolar": 183.0, "tsDispositivo": "2026-09-24T21:44:39+00:00"}
[2026-09-24 16:59:41] TX API publica Open-Meteo (puente HTTP -> IoT Central) -> {"tsFuente": "2026-09-24T16:45 (America/Bogota, Open-Meteo)", "tempExterior": 23.0, "humedadExterior": 95.0, "lluviaMm": 1.2, "vientoKmh": 1.2, "radiacionSolar": 135.0, "tsDispositivo": "2026-09-24T21:59:40+00:00"}
[2026-09-24 17:14:41] TX API publica Open-Meteo (puente HTTP -> IoT Central) -> {"tsFuente": "2026-09-24T17:00 (America/Bogota, Open-Meteo)", "tempExterior": 22.8, "humedadExterior": 96.0, "lluviaMm": 1.2, "vientoKmh": 0.9, "radiacionSolar": 88.0, "tsDispositivo": "2026-09-24T22:14:41+00:00"}
[2026-09-24 17:29:42] TX API publica Open-Meteo (puente HTTP -> IoT Central) -> {"tsFuente": "2026-09-24T17:15 (America/Bogota, Open-Meteo)", "tempExterior": 22.6, "humedadExterior": 97.0, "lluviaMm": 1.5, "vientoKmh": 1.6, "radiacionSolar": 49.0, "tsDispositivo": "2026-09-24T22:29:42+00:00"}
[2026-09-24 17:44:43] TX API publica Open-Meteo (puente HTTP -> IoT Central) -> {"tsFuente": "2026-09-24T17:30 (America/Bogota, Open-Meteo)", "tempExterior": 22.4, "humedadExterior": 97.0, "lluviaMm": 1.5, "vientoKmh": 2.7, "radiacionSolar": 22.0, "tsDispositivo": "2026-09-24T22:44:43+00:00"}
[2026-09-24 17:59:44] TX API publica Open-Meteo (puente HTTP -> IoT Central) -> {"tsFuente": "2026-09-24T17:45 (America/Bogota, Open-Meteo)", "tempExterior": 22.2, "humedadExterior": 98.0, "lluviaMm": 1.5, "vientoKmh": 3.9, "radiacionSolar": 6.0, "tsDispositivo": "2026-09-24T22:59:44+00:00"}
[2026-09-24 18:14:45] TX API publica Open-Meteo (puente HTTP -> IoT Central) -> {"tsFuente": "2026-09-24T18:00 (America/Bogota, Open-Meteo)", "tempExterior": 22.1, "humedadExterior": 98.0, "lluviaMm": 1.5, "vientoKmh": 4.6, "radiacionSolar": 0.0, "tsDispositivo": "2026-09-24T23:14:45+00:00"}
[2026-09-24 18:29:46] TX API publica Open-Meteo (puente HTTP -> IoT Central) -> {"tsFuente": "2026-09-24T18:15 (America/Bogota, Open-Meteo)", "tempExterior": 22.1, "humedadExterior": 98.0, "lluviaMm": 1.3, "vientoKmh": 5.0, "radiacionSolar": 0.0, "tsDispositivo": "2026-09-24T23:29:46+00:00"}
[2026-09-24 18:44:48] TX API publica Open-Meteo (puente HTTP -> IoT Central) -> {"tsFuente": "2026-09-24T18:30 (America/Bogota, Open-Meteo)", "tempExterior": 22.1, "humedadExterior": 98.0, "lluviaMm": 1.3, "vientoKmh": 5.3, "radiacionSolar": 0.0, "tsDispositivo": "2026-09-24T23:44:47+00:00"}
[2026-09-24 18:59:49] TX API publica Open-Meteo (puente HTTP -> IoT Central) -> {"tsFuente": "2026-09-24T18:45 (America/Bogota, Open-Meteo)", "tempExterior": 22.1, "humedadExterior": 97.0, "lluviaMm": 1.3, "vientoKmh": 5.6, "radiacionSolar": 0.0, "tsDispositivo": "2026-09-24T23:59:49+00:00"}
[2026-09-24 19:14:50] TX API publica Open-Meteo (puente HTTP -> IoT Central) -> {"tsFuente": "2026-09-24T19:00 (America/Bogota, Open-Meteo)", "tempExterior": 22.1, "humedadExterior": 97.0, "lluviaMm": 1.3, "vientoKmh": 5.8, "radiacionSolar": 0.0, "tsDispositivo": "2026-09-25T00:14:50+00:00"}
[2026-09-24 19:29:51] TX API publica Open-Meteo (puente HTTP -> IoT Central) -> {"tsFuente": "2026-09-24T19:15 (America/Bogota, Open-Meteo)", "tempExterior": 21.6, "humedadExterior": 97.0, "lluviaMm": 0.7, "vientoKmh": 7.6, "radiacionSolar": 0.0, "tsDispositivo": "2026-09-25T00:29:51+00:00"}
[2026-09-24 19:44:58] TX API publica Open-Meteo (puente HTTP -> IoT Central) -> {"tsFuente": "2026-09-24T19:45 (America/Bogota, Open-Meteo)", "tempExterior": 21.7, "humedadExterior": 97.0, "lluviaMm": 0.7, "vientoKmh": 1.9, "radiacionSolar": 0.0, "tsDispositivo": "2026-09-25T00:44:57+00:00"}
[2026-09-24 19:55:40] INFO  DPS OK -> hub iotc-ce764639-456d-4e61-9e9c-e64c9a818624.azure-devices.net
[2026-09-24 19:55:40] INFO  puente conectado; propiedades: {'zona': 'Clima exterior (free-cooling)', 'ubicacion': 'Cubierta tecnica - estacion meteorologica del predio', 'origenEnvio': 'API publica Open-Meteo (puente HTTP -> IoT Central)', 'fabricante': 'Davis Vantage Pro2 (referencia) / feed Open-Meteo', 'modelo': 'Puente-API-Meteo/1.0', 'versionFirmware': '1.3.0', 'intervaloMuestreo': 900}
[2026-09-24 19:55:41] TX API publica Open-Meteo (puente HTTP -> IoT Central) -> {"tsFuente": "2026-09-24T19:45 (America/Bogota, Open-Meteo)", "tempExterior": 21.7, "humedadExterior": 97.0, "lluviaMm": 0.7, "vientoKmh": 4.9, "radiacionSolar": 0.0, "tsDispositivo": "2026-09-25T00:55:41+00:00"}
[2026-09-24 19:57:28] INFO  DPS OK -> hub iotc-ce764639-456d-4e61-9e9c-e64c9a818624.azure-devices.net
[2026-09-24 19:57:29] INFO  puente conectado; propiedades: {'zona': 'Clima exterior (free-cooling)', 'ubicacion': 'Cubierta tecnica - estacion meteorologica del predio', 'origenEnvio': 'API publica Open-Meteo (puente HTTP -> IoT Central)', 'fabricante': 'Davis Vantage Pro2 (referencia) / feed Open-Meteo', 'modelo': 'Puente-API-Meteo/1.0', 'versionFirmware': '1.3.0', 'intervaloMuestreo': 900}
[2026-09-24 19:57:30] TX API publica Open-Meteo (puente HTTP -> IoT Central) -> {"tsFuente": "2026-09-24T19:45 (America/Bogota, Open-Meteo)", "tempExterior": 21.7, "humedadExterior": 97.0, "lluviaMm": 0.7, "vientoKmh": 4.9, "radiacionSolar": 0.0, "tsDispositivo": "2026-09-25T00:57:29+00:00"}
[2026-09-24 19:59:08] INFO  DPS OK -> hub iotc-ce764639-456d-4e61-9e9c-e64c9a818624.azure-devices.net
[2026-09-24 19:59:08] INFO  puente conectado; propiedades: {'zona': 'Clima exterior (free-cooling)', 'ubicacion': 'Cubierta tecnica - estacion meteorologica del predio', 'origenEnvio': 'API publica Open-Meteo (puente HTTP -> IoT Central)', 'fabricante': 'Davis Vantage Pro2 (referencia) / feed Open-Meteo', 'modelo': 'Puente-API-Meteo/1.0', 'versionFirmware': '1.3.0', 'intervaloMuestreo': 900}
[2026-09-24 19:59:09] TX API publica Open-Meteo (puente HTTP -> IoT Central) -> {"tsFuente": "2026-09-24T19:45 (America/Bogota, Open-Meteo)", "tempExterior": 21.7, "humedadExterior": 97.0, "lluviaMm": 0.7, "vientoKmh": 4.9, "radiacionSolar": 0.0, "tsDispositivo": "2026-09-25T00:59:09+00:00"}
[2026-09-25 15:37:48] INFO  DPS OK -> hub iotc-ce764639-456d-4e61-9e9c-e64c9a818624.azure-devices.net
[2026-09-25 15:37:49] INFO  puente conectado; propiedades: {'zona': 'Clima exterior (free-cooling)', 'ubicacion': 'Cubierta tecnica - estacion meteorologica del predio', 'origenEnvio': 'API publica Open-Meteo (puente HTTP -> IoT Central)', 'fabricante': 'Davis Vantage Pro2 (referencia) / feed Open-Meteo', 'modelo': 'Puente-API-Meteo/1.0', 'versionFirmware': '1.3.0', 'intervaloMuestreo': 900}
[2026-09-25 15:37:50] TX API publica Open-Meteo (puente HTTP -> IoT Central) -> {"tsFuente": "2026-09-25T15:30 (America/Bogota, Open-Meteo)", "tempExterior": 25.3, "humedadExterior": 75.0, "lluviaMm": 0.1, "vientoKmh": 3.4, "radiacionSolar": 411.0, "tsDispositivo": "2026-09-25T20:37:50+00:00"}
[2026-09-25 15:52:51] TX API publica Open-Meteo (puente HTTP -> IoT Central) -> {"tsFuente": "2026-09-25T15:45 (America/Bogota, Open-Meteo)", "tempExterior": 25.3, "humedadExterior": 76.0, "lluviaMm": 0.1, "vientoKmh": 2.7, "radiacionSolar": 354.0, "tsDispositivo": "2026-09-25T20:52:51+00:00"}
[2026-09-25 16:07:51] TX API publica Open-Meteo (puente HTTP -> IoT Central) -> {"tsFuente": "2026-09-25T16:00 (America/Bogota, Open-Meteo)", "tempExterior": 25.2, "humedadExterior": 76.0, "lluviaMm": 0.1, "vientoKmh": 2.7, "radiacionSolar": 305.0, "tsDispositivo": "2026-09-25T21:07:51+00:00"}
[2026-09-25 16:22:52] TX API publica Open-Meteo (puente HTTP -> IoT Central) -> {"tsFuente": "2026-09-25T16:15 (America/Bogota, Open-Meteo)", "tempExterior": 25.0, "humedadExterior": 78.0, "lluviaMm": 0.0, "vientoKmh": 3.2, "radiacionSolar": 258.0, "tsDispositivo": "2026-09-25T21:22:52+00:00"}
[2026-09-25 16:37:53] TX API publica Open-Meteo (puente HTTP -> IoT Central) -> {"tsFuente": "2026-09-25T16:30 (America/Bogota, Open-Meteo)", "tempExterior": 24.7, "humedadExterior": 80.0, "lluviaMm": 0.0, "vientoKmh": 3.9, "radiacionSolar": 211.0, "tsDispositivo": "2026-09-25T21:37:53+00:00"}
[2026-09-25 16:52:54] TX API publica Open-Meteo (puente HTTP -> IoT Central) -> {"tsFuente": "2026-09-25T16:45 (America/Bogota, Open-Meteo)", "tempExterior": 24.3, "humedadExterior": 82.0, "lluviaMm": 0.0, "vientoKmh": 4.9, "radiacionSolar": 162.0, "tsDispositivo": "2026-09-25T21:52:54+00:00"}
[2026-09-25 17:07:55] TX API publica Open-Meteo (puente HTTP -> IoT Central) -> {"tsFuente": "2026-09-25T17:00 (America/Bogota, Open-Meteo)", "tempExterior": 24.0, "humedadExterior": 84.0, "lluviaMm": 0.0, "vientoKmh": 5.3, "radiacionSolar": 114.0, "tsDispositivo": "2026-09-25T22:07:55+00:00"}
[2026-09-25 17:22:56] TX API publica Open-Meteo (puente HTTP -> IoT Central) -> {"tsFuente": "2026-09-25T17:15 (America/Bogota, Open-Meteo)", "tempExterior": 23.7, "humedadExterior": 85.0, "lluviaMm": 0.0, "vientoKmh": 5.2, "radiacionSolar": 72.0, "tsDispositivo": "2026-09-25T22:22:56+00:00"}
[2026-09-25 17:37:58] TX API publica Open-Meteo (puente HTTP -> IoT Central) -> {"tsFuente": "2026-09-25T17:30 (America/Bogota, Open-Meteo)", "tempExterior": 23.5, "humedadExterior": 87.0, "lluviaMm": 0.0, "vientoKmh": 4.8, "radiacionSolar": 37.0, "tsDispositivo": "2026-09-25T22:37:57+00:00"}
[2026-09-25 17:52:59] TX API publica Open-Meteo (puente HTTP -> IoT Central) -> {"tsFuente": "2026-09-25T17:45 (America/Bogota, Open-Meteo)", "tempExterior": 23.2, "humedadExterior": 88.0, "lluviaMm": 0.0, "vientoKmh": 4.3, "radiacionSolar": 10.0, "tsDispositivo": "2026-09-25T22:52:59+00:00"}
[2026-09-25 18:08:00] TX API publica Open-Meteo (puente HTTP -> IoT Central) -> {"tsFuente": "2026-09-25T18:00 (America/Bogota, Open-Meteo)", "tempExterior": 23.0, "humedadExterior": 90.0, "lluviaMm": 0.0, "vientoKmh": 3.9, "radiacionSolar": 0.0, "tsDispositivo": "2026-09-25T23:08:00+00:00"}
[2026-09-25 18:23:01] TX API publica Open-Meteo (puente HTTP -> IoT Central) -> {"tsFuente": "2026-09-25T18:15 (America/Bogota, Open-Meteo)", "tempExterior": 22.7, "humedadExterior": 91.0, "lluviaMm": 0.2, "vientoKmh": 3.6, "radiacionSolar": 0.0, "tsDispositivo": "2026-09-25T23:23:01+00:00"}
[2026-09-25 18:38:02] TX API publica Open-Meteo (puente HTTP -> IoT Central) -> {"tsFuente": "2026-09-25T18:30 (America/Bogota, Open-Meteo)", "tempExterior": 22.4, "humedadExterior": 93.0, "lluviaMm": 0.2, "vientoKmh": 3.6, "radiacionSolar": 0.0, "tsDispositivo": "2026-09-25T23:38:02+00:00"}
[2026-09-25 18:53:03] TX API publica Open-Meteo (puente HTTP -> IoT Central) -> {"tsFuente": "2026-09-25T18:45 (America/Bogota, Open-Meteo)", "tempExterior": 22.2, "humedadExterior": 94.0, "lluviaMm": 0.2, "vientoKmh": 4.0, "radiacionSolar": 0.0, "tsDispositivo": "2026-09-25T23:53:03+00:00"}
[2026-09-25 19:12:08] INFO  DPS OK -> hub iotc-ce764639-456d-4e61-9e9c-e64c9a818624.azure-devices.net
[2026-09-25 19:12:10] INFO  puente conectado; propiedades: {'zona': 'Clima exterior (free-cooling)', 'ubicacion': 'Cubierta tecnica - estacion meteorologica del predio', 'origenEnvio': 'API publica Open-Meteo (puente HTTP -> IoT Central)', 'fabricante': 'Davis Vantage Pro2 (referencia) / feed Open-Meteo', 'modelo': 'Puente-API-Meteo/1.0', 'versionFirmware': '1.3.0', 'intervaloMuestreo': 900}
[2026-09-25 19:12:12] TX API publica Open-Meteo (puente HTTP -> IoT Central) -> {"tsFuente": "2026-09-25T19:00 (America/Bogota, Open-Meteo)", "tempExterior": 22.0, "humedadExterior": 95.0, "lluviaMm": 0.2, "vientoKmh": 4.1, "radiacionSolar": 0.0, "tsDispositivo": "2026-09-26T00:12:11+00:00"}
[2026-09-25 19:27:13] TX API publica Open-Meteo (puente HTTP -> IoT Central) -> {"tsFuente": "2026-09-25T19:15 (America/Bogota, Open-Meteo)", "tempExterior": 21.7, "humedadExterior": 97.0, "lluviaMm": 0.1, "vientoKmh": 4.3, "radiacionSolar": 0.0, "tsDispositivo": "2026-09-26T00:27:13+00:00"}
[2026-09-25 19:42:15] TX API publica Open-Meteo (puente HTTP -> IoT Central) -> {"tsFuente": "2026-09-25T19:30 (America/Bogota, Open-Meteo)", "tempExterior": 22.0, "humedadExterior": 96.0, "lluviaMm": 0.1, "vientoKmh": 2.9, "radiacionSolar": 0.0, "tsDispositivo": "2026-09-26T00:42:15+00:00"}
[2026-09-25 19:57:20] TX API publica Open-Meteo (puente HTTP -> IoT Central) -> {"tsFuente": "2026-09-25T19:45 (America/Bogota, Open-Meteo)", "tempExterior": 21.5, "humedadExterior": 98.0, "lluviaMm": 0.0, "vientoKmh": 3.2, "radiacionSolar": 0.0, "tsDispositivo": "2026-09-26T00:57:19+00:00"}
[2026-09-25 20:12:21] TX API publica Open-Meteo (puente HTTP -> IoT Central) -> {"tsFuente": "2026-09-25T20:00 (America/Bogota, Open-Meteo)", "tempExterior": 21.4, "humedadExterior": 98.0, "lluviaMm": 0.0, "vientoKmh": 3.0, "radiacionSolar": 0.0, "tsDispositivo": "2026-09-26T01:12:21+00:00"}
[2026-09-25 20:27:22] TX API publica Open-Meteo (puente HTTP -> IoT Central) -> {"tsFuente": "2026-09-25T20:15 (America/Bogota, Open-Meteo)", "tempExterior": 21.3, "humedadExterior": 99.0, "lluviaMm": 0.2, "vientoKmh": 2.4, "radiacionSolar": 0.0, "tsDispositivo": "2026-09-26T01:27:22+00:00"}
[2026-09-25 20:42:23] TX API publica Open-Meteo (puente HTTP -> IoT Central) -> {"tsFuente": "2026-09-25T20:30 (America/Bogota, Open-Meteo)", "tempExterior": 21.2, "humedadExterior": 99.0, "lluviaMm": 0.2, "vientoKmh": 1.8, "radiacionSolar": 0.0, "tsDispositivo": "2026-09-26T01:42:23+00:00"}
[2026-09-25 20:57:24] TX API publica Open-Meteo (puente HTTP -> IoT Central) -> {"tsFuente": "2026-09-25T20:45 (America/Bogota, Open-Meteo)", "tempExterior": 21.1, "humedadExterior": 99.0, "lluviaMm": 0.2, "vientoKmh": 1.0, "radiacionSolar": 0.0, "tsDispositivo": "2026-09-26T01:57:24+00:00"}
Exception caught in background thread.  Unable to handle.
['azure.iot.device.common.transport_exceptions.ConnectionDroppedError: Unexpected disconnection\n']
Exception caught in background thread.  Unable to handle.
['azure.iot.device.common.transport_exceptions.ConnectionFailedError\n']
Exception caught in background thread.  Unable to handle.
['azure.iot.device.common.transport_exceptions.ConnectionFailedError\n']
Exception caught in background thread.  Unable to handle.
['azure.iot.device.common.transport_exceptions.ConnectionFailedError\n']
[2026-09-25 21:12:25] TX API publica Open-Meteo (puente HTTP -> IoT Central) -> {"tsFuente": "2026-09-25T21:00 (America/Bogota, Open-Meteo)", "tempExterior": 21.0, "humedadExterior": 100.0, "lluviaMm": 0.2, "vientoKmh": 0.8, "radiacionSolar": 0.0, "tsDispositivo": "2026-09-26T02:12:25+00:00"}
[2026-09-25 21:27:26] TX API publica Open-Meteo (puente HTTP -> IoT Central) -> {"tsFuente": "2026-09-25T21:15 (America/Bogota, Open-Meteo)", "tempExterior": 20.9, "humedadExterior": 100.0, "lluviaMm": 0.5, "vientoKmh": 0.8, "radiacionSolar": 0.0, "tsDispositivo": "2026-09-26T02:27:26+00:00"}
[2026-09-25 21:42:27] TX API publica Open-Meteo (puente HTTP -> IoT Central) -> {"tsFuente": "2026-09-25T21:30 (America/Bogota, Open-Meteo)", "tempExterior": 20.9, "humedadExterior": 99.0, "lluviaMm": 0.5, "vientoKmh": 1.0, "radiacionSolar": 0.0, "tsDispositivo": "2026-09-26T02:42:27+00:00"}
[2026-09-25 21:57:30] TX API publica Open-Meteo (puente HTTP -> IoT Central) -> {"tsFuente": "2026-09-25T21:45 (America/Bogota, Open-Meteo)", "tempExterior": 20.9, "humedadExterior": 99.0, "lluviaMm": 0.5, "vientoKmh": 1.3, "radiacionSolar": 0.0, "tsDispositivo": "2026-09-26T02:57:29+00:00"}
[2026-09-25 22:12:32] TX API publica Open-Meteo (puente HTTP -> IoT Central) -> {"tsFuente": "2026-09-25T22:00 (America/Bogota, Open-Meteo)", "tempExterior": 20.8, "humedadExterior": 99.0, "lluviaMm": 0.5, "vientoKmh": 1.3, "radiacionSolar": 0.0, "tsDispositivo": "2026-09-26T03:12:32+00:00"}
[2026-09-25 22:27:33] TX API publica Open-Meteo (puente HTTP -> IoT Central) -> {"tsFuente": "2026-09-25T22:15 (America/Bogota, Open-Meteo)", "tempExterior": 20.8, "humedadExterior": 99.0, "lluviaMm": 0.9, "vientoKmh": 0.6, "radiacionSolar": 0.0, "tsDispositivo": "2026-09-26T03:27:33+00:00"}
[2026-09-25 22:42:34] TX API publica Open-Meteo (puente HTTP -> IoT Central) -> {"tsFuente": "2026-09-25T22:30 (America/Bogota, Open-Meteo)", "tempExterior": 20.7, "humedadExterior": 99.0, "lluviaMm": 0.9, "vientoKmh": 0.8, "radiacionSolar": 0.0, "tsDispositivo": "2026-09-26T03:42:34+00:00"}
[2026-09-25 22:57:36] TX API publica Open-Meteo (puente HTTP -> IoT Central) -> {"tsFuente": "2026-09-25T22:45 (America/Bogota, Open-Meteo)", "tempExterior": 20.6, "humedadExterior": 99.0, "lluviaMm": 0.9, "vientoKmh": 2.0, "radiacionSolar": 0.0, "tsDispositivo": "2026-09-26T03:57:36+00:00"}
[2026-09-25 23:12:37] TX API publica Open-Meteo (puente HTTP -> IoT Central) -> {"tsFuente": "2026-09-25T23:00 (America/Bogota, Open-Meteo)", "tempExterior": 20.6, "humedadExterior": 99.0, "lluviaMm": 0.9, "vientoKmh": 2.7, "radiacionSolar": 0.0, "tsDispositivo": "2026-09-26T04:12:37+00:00"}
[2026-09-25 23:27:38] TX API publica Open-Meteo (puente HTTP -> IoT Central) -> {"tsFuente": "2026-09-25T23:15 (America/Bogota, Open-Meteo)", "tempExterior": 20.7, "humedadExterior": 99.0, "lluviaMm": 0.4, "vientoKmh": 2.6, "radiacionSolar": 0.0, "tsDispositivo": "2026-09-26T04:27:37+00:00"}
[2026-09-25 23:42:38] TX API publica Open-Meteo (puente HTTP -> IoT Central) -> {"tsFuente": "2026-09-25T23:30 (America/Bogota, Open-Meteo)", "tempExterior": 20.8, "humedadExterior": 99.0, "lluviaMm": 0.4, "vientoKmh": 1.7, "radiacionSolar": 0.0, "tsDispositivo": "2026-09-26T04:42:38+00:00"}
[2026-09-25 23:57:39] TX API publica Open-Meteo (puente HTTP -> IoT Central) -> {"tsFuente": "2026-09-25T23:45 (America/Bogota, Open-Meteo)", "tempExterior": 20.9, "humedadExterior": 99.0, "lluviaMm": 0.4, "vientoKmh": 1.2, "radiacionSolar": 0.0, "tsDispositivo": "2026-09-26T04:57:39+00:00"}
[2026-09-26 00:12:40] TX API publica Open-Meteo (puente HTTP -> IoT Central) -> {"tsFuente": "2026-09-26T00:00 (America/Bogota, Open-Meteo)", "tempExterior": 20.9, "humedadExterior": 99.0, "lluviaMm": 0.4, "vientoKmh": 1.0, "radiacionSolar": 0.0, "tsDispositivo": "2026-09-26T05:12:40+00:00"}
[2026-09-26 00:27:41] TX API publica Open-Meteo (puente HTTP -> IoT Central) -> {"tsFuente": "2026-09-26T00:15 (America/Bogota, Open-Meteo)", "tempExterior": 20.9, "humedadExterior": 99.0, "lluviaMm": 0.1, "vientoKmh": 1.5, "radiacionSolar": 0.0, "tsDispositivo": "2026-09-26T05:27:41+00:00"}
[2026-09-26 00:42:42] TX API publica Open-Meteo (puente HTTP -> IoT Central) -> {"tsFuente": "2026-09-26T00:30 (America/Bogota, Open-Meteo)", "tempExterior": 20.8, "humedadExterior": 99.0, "lluviaMm": 0.1, "vientoKmh": 2.5, "radiacionSolar": 0.0, "tsDispositivo": "2026-09-26T05:42:42+00:00"}
[2026-09-26 00:57:43] TX API publica Open-Meteo (puente HTTP -> IoT Central) -> {"tsFuente": "2026-09-26T00:45 (America/Bogota, Open-Meteo)", "tempExterior": 20.7, "humedadExterior": 99.0, "lluviaMm": 0.1, "vientoKmh": 3.5, "radiacionSolar": 0.0, "tsDispositivo": "2026-09-26T05:57:43+00:00"}
[2026-09-26 01:12:44] TX API publica Open-Meteo (puente HTTP -> IoT Central) -> {"tsFuente": "2026-09-26T01:00 (America/Bogota, Open-Meteo)", "tempExterior": 20.6, "humedadExterior": 99.0, "lluviaMm": 0.1, "vientoKmh": 4.1, "radiacionSolar": 0.0, "tsDispositivo": "2026-09-26T06:12:44+00:00"}
[2026-09-26 01:27:45] TX API publica Open-Meteo (puente HTTP -> IoT Central) -> {"tsFuente": "2026-09-26T01:15 (America/Bogota, Open-Meteo)", "tempExterior": 20.6, "humedadExterior": 99.0, "lluviaMm": 0.5, "vientoKmh": 4.3, "radiacionSolar": 0.0, "tsDispositivo": "2026-09-26T06:27:45+00:00"}
[2026-09-26 01:42:46] TX API publica Open-Meteo (puente HTTP -> IoT Central) -> {"tsFuente": "2026-09-26T01:30 (America/Bogota, Open-Meteo)", "tempExterior": 20.6, "humedadExterior": 98.0, "lluviaMm": 0.5, "vientoKmh": 4.1, "radiacionSolar": 0.0, "tsDispositivo": "2026-09-26T06:42:46+00:00"}
[2026-09-26 01:57:47] TX API publica Open-Meteo (puente HTTP -> IoT Central) -> {"tsFuente": "2026-09-26T01:45 (America/Bogota, Open-Meteo)", "tempExterior": 20.6, "humedadExterior": 98.0, "lluviaMm": 0.1, "vientoKmh": 3.9, "radiacionSolar": 0.0, "tsDispositivo": "2026-09-26T06:57:47+00:00"}
[2026-09-26 02:12:47] TX API publica Open-Meteo (puente HTTP -> IoT Central) -> {"tsFuente": "2026-09-26T02:00 (America/Bogota, Open-Meteo)", "tempExterior": 20.6, "humedadExterior": 98.0, "lluviaMm": 0.5, "vientoKmh": 3.6, "radiacionSolar": 0.0, "tsDispositivo": "2026-09-26T07:12:47+00:00"}
[2026-09-26 02:27:48] TX API publica Open-Meteo (puente HTTP -> IoT Central) -> {"tsFuente": "2026-09-26T02:15 (America/Bogota, Open-Meteo)", "tempExterior": 20.7, "humedadExterior": 93.0, "lluviaMm": 0.2, "vientoKmh": 3.0, "radiacionSolar": 0.0, "tsDispositivo": "2026-09-26T07:27:48+00:00"}
[2026-09-26 02:42:50] TX API publica Open-Meteo (puente HTTP -> IoT Central) -> {"tsFuente": "2026-09-26T02:30 (America/Bogota, Open-Meteo)", "tempExterior": 20.6, "humedadExterior": 93.0, "lluviaMm": 0.2, "vientoKmh": 3.1, "radiacionSolar": 0.0, "tsDispositivo": "2026-09-26T07:42:50+00:00"}
[2026-09-26 02:57:51] TX API publica Open-Meteo (puente HTTP -> IoT Central) -> {"tsFuente": "2026-09-26T02:45 (America/Bogota, Open-Meteo)", "tempExterior": 20.4, "humedadExterior": 93.0, "lluviaMm": 0.2, "vientoKmh": 2.9, "radiacionSolar": 0.0, "tsDispositivo": "2026-09-26T07:57:51+00:00"}
[2026-09-26 03:12:52] TX API publica Open-Meteo (puente HTTP -> IoT Central) -> {"tsFuente": "2026-09-26T03:00 (America/Bogota, Open-Meteo)", "tempExterior": 20.3, "humedadExterior": 93.0, "lluviaMm": 0.2, "vientoKmh": 2.5, "radiacionSolar": 0.0, "tsDispositivo": "2026-09-26T08:12:52+00:00"}
[2026-09-26 03:27:53] TX API publica Open-Meteo (puente HTTP -> IoT Central) -> {"tsFuente": "2026-09-26T03:15 (America/Bogota, Open-Meteo)", "tempExterior": 20.2, "humedadExterior": 93.0, "lluviaMm": 0.2, "vientoKmh": 1.8, "radiacionSolar": 0.0, "tsDispositivo": "2026-09-26T08:27:53+00:00"}
[2026-09-26 03:42:54] TX API publica Open-Meteo (puente HTTP -> IoT Central) -> {"tsFuente": "2026-09-26T03:30 (America/Bogota, Open-Meteo)", "tempExterior": 20.2, "humedadExterior": 94.0, "lluviaMm": 0.2, "vientoKmh": 1.5, "radiacionSolar": 0.0, "tsDispositivo": "2026-09-26T08:42:54+00:00"}
[2026-09-26 03:57:55] TX API publica Open-Meteo (puente HTTP -> IoT Central) -> {"tsFuente": "2026-09-26T03:45 (America/Bogota, Open-Meteo)", "tempExterior": 20.1, "humedadExterior": 95.0, "lluviaMm": 0.2, "vientoKmh": 2.3, "radiacionSolar": 0.0, "tsDispositivo": "2026-09-26T08:57:55+00:00"}
[2026-09-26 04:12:55] TX API publica Open-Meteo (puente HTTP -> IoT Central) -> {"tsFuente": "2026-09-26T04:00 (America/Bogota, Open-Meteo)", "tempExterior": 20.1, "humedadExterior": 95.0, "lluviaMm": 0.2, "vientoKmh": 2.7, "radiacionSolar": 0.0, "tsDispositivo": "2026-09-26T09:12:55+00:00"}
[2026-09-26 04:27:56] TX API publica Open-Meteo (puente HTTP -> IoT Central) -> {"tsFuente": "2026-09-26T04:15 (America/Bogota, Open-Meteo)", "tempExterior": 20.1, "humedadExterior": 95.0, "lluviaMm": 0.1, "vientoKmh": 2.1, "radiacionSolar": 0.0, "tsDispositivo": "2026-09-26T09:27:56+00:00"}
[2026-09-26 04:42:57] TX API publica Open-Meteo (puente HTTP -> IoT Central) -> {"tsFuente": "2026-09-26T04:30 (America/Bogota, Open-Meteo)", "tempExterior": 20.2, "humedadExterior": 95.0, "lluviaMm": 0.1, "vientoKmh": 0.8, "radiacionSolar": 0.0, "tsDispositivo": "2026-09-26T09:42:57+00:00"}
[2026-09-26 04:57:58] TX API publica Open-Meteo (puente HTTP -> IoT Central) -> {"tsFuente": "2026-09-26T04:45 (America/Bogota, Open-Meteo)", "tempExterior": 20.3, "humedadExterior": 95.0, "lluviaMm": 0.1, "vientoKmh": 0.8, "radiacionSolar": 0.0, "tsDispositivo": "2026-09-26T09:57:58+00:00"}
[2026-09-26 05:12:59] TX API publica Open-Meteo (puente HTTP -> IoT Central) -> {"tsFuente": "2026-09-26T05:00 (America/Bogota, Open-Meteo)", "tempExterior": 20.4, "humedadExterior": 96.0, "lluviaMm": 0.1, "vientoKmh": 1.7, "radiacionSolar": 0.0, "tsDispositivo": "2026-09-26T10:12:59+00:00"}
[2026-09-26 05:28:00] TX API publica Open-Meteo (puente HTTP -> IoT Central) -> {"tsFuente": "2026-09-26T05:15 (America/Bogota, Open-Meteo)", "tempExterior": 20.4, "humedadExterior": 96.0, "lluviaMm": 0.1, "vientoKmh": 2.1, "radiacionSolar": 0.0, "tsDispositivo": "2026-09-26T10:28:00+00:00"}
[2026-09-26 05:43:01] TX API publica Open-Meteo (puente HTTP -> IoT Central) -> {"tsFuente": "2026-09-26T05:30 (America/Bogota, Open-Meteo)", "tempExterior": 20.3, "humedadExterior": 96.0, "lluviaMm": 0.1, "vientoKmh": 2.3, "radiacionSolar": 0.0, "tsDispositivo": "2026-09-26T10:43:01+00:00"}
[2026-09-26 05:58:01] TX API publica Open-Meteo (puente HTTP -> IoT Central) -> {"tsFuente": "2026-09-26T05:45 (America/Bogota, Open-Meteo)", "tempExterior": 20.2, "humedadExterior": 96.0, "lluviaMm": 0.1, "vientoKmh": 2.3, "radiacionSolar": 0.0, "tsDispositivo": "2026-09-26T10:58:01+00:00"}
[2026-09-26 06:13:02] TX API publica Open-Meteo (puente HTTP -> IoT Central) -> {"tsFuente": "2026-09-26T06:00 (America/Bogota, Open-Meteo)", "tempExterior": 20.2, "humedadExterior": 96.0, "lluviaMm": 0.1, "vientoKmh": 2.3, "radiacionSolar": 9.0, "tsDispositivo": "2026-09-26T11:13:02+00:00"}
[2026-09-26 06:28:03] TX API publica Open-Meteo (puente HTTP -> IoT Central) -> {"tsFuente": "2026-09-26T06:15 (America/Bogota, Open-Meteo)", "tempExterior": 20.3, "humedadExterior": 96.0, "lluviaMm": 0.1, "vientoKmh": 2.3, "radiacionSolar": 29.0, "tsDispositivo": "2026-09-26T11:28:03+00:00"}
[2026-09-26 06:43:05] TX API publica Open-Meteo (puente HTTP -> IoT Central) -> {"tsFuente": "2026-09-26T06:30 (America/Bogota, Open-Meteo)", "tempExterior": 20.4, "humedadExterior": 96.0, "lluviaMm": 0.1, "vientoKmh": 2.2, "radiacionSolar": 52.0, "tsDispositivo": "2026-09-26T11:43:04+00:00"}
[2026-09-26 06:58:13] TX API publica Open-Meteo (puente HTTP -> IoT Central) -> {"tsFuente": "2026-09-26T06:45 (America/Bogota, Open-Meteo)", "tempExterior": 20.6, "humedadExterior": 96.0, "lluviaMm": 0.1, "vientoKmh": 2.0, "radiacionSolar": 77.0, "tsDispositivo": "2026-09-26T11:58:12+00:00"}
[2026-09-26 07:13:21] TX API publica Open-Meteo (puente HTTP -> IoT Central) -> {"tsFuente": "2026-09-26T07:00 (America/Bogota, Open-Meteo)", "tempExterior": 20.7, "humedadExterior": 96.0, "lluviaMm": 0.1, "vientoKmh": 2.2, "radiacionSolar": 105.0, "tsDispositivo": "2026-09-26T12:13:18+00:00"}
[2026-09-26 07:28:22] TX API publica Open-Meteo (puente HTTP -> IoT Central) -> {"tsFuente": "2026-09-26T07:15 (America/Bogota, Open-Meteo)", "tempExterior": 20.9, "humedadExterior": 96.0, "lluviaMm": 0.1, "vientoKmh": 2.7, "radiacionSolar": 134.0, "tsDispositivo": "2026-09-26T12:28:22+00:00"}
[2026-09-26 07:43:23] TX API publica Open-Meteo (puente HTTP -> IoT Central) -> {"tsFuente": "2026-09-26T07:30 (America/Bogota, Open-Meteo)", "tempExterior": 21.7, "humedadExterior": 93.0, "lluviaMm": 0.0, "vientoKmh": 3.4, "radiacionSolar": 219.0, "tsDispositivo": "2026-09-26T12:43:23+00:00"}
[2026-09-26 07:58:24] TX API publica Open-Meteo (puente HTTP -> IoT Central) -> {"tsFuente": "2026-09-26T07:45 (America/Bogota, Open-Meteo)", "tempExterior": 21.3, "humedadExterior": 93.0, "lluviaMm": 0.1, "vientoKmh": 3.9, "radiacionSolar": 198.0, "tsDispositivo": "2026-09-26T12:58:24+00:00"}
[2026-09-26 08:13:25] TX API publica Open-Meteo (puente HTTP -> IoT Central) -> {"tsFuente": "2026-09-26T08:00 (America/Bogota, Open-Meteo)", "tempExterior": 21.9, "humedadExterior": 92.0, "lluviaMm": 0.0, "vientoKmh": 4.1, "radiacionSolar": 298.0, "tsDispositivo": "2026-09-26T13:13:25+00:00"}
[2026-09-26 08:28:26] TX API publica Open-Meteo (puente HTTP -> IoT Central) -> {"tsFuente": "2026-09-26T08:15 (America/Bogota, Open-Meteo)", "tempExterior": 22.3, "humedadExterior": 90.0, "lluviaMm": 0.0, "vientoKmh": 4.0, "radiacionSolar": 331.0, "tsDispositivo": "2026-09-26T13:28:26+00:00"}
[2026-09-26 08:43:27] TX API publica Open-Meteo (puente HTTP -> IoT Central) -> {"tsFuente": "2026-09-26T08:30 (America/Bogota, Open-Meteo)", "tempExterior": 22.7, "humedadExterior": 87.0, "lluviaMm": 0.0, "vientoKmh": 3.8, "radiacionSolar": 367.0, "tsDispositivo": "2026-09-26T13:43:27+00:00"}
[2026-09-26 08:58:28] TX API publica Open-Meteo (puente HTTP -> IoT Central) -> {"tsFuente": "2026-09-26T08:45 (America/Bogota, Open-Meteo)", "tempExterior": 23.2, "humedadExterior": 84.0, "lluviaMm": 0.0, "vientoKmh": 3.6, "radiacionSolar": 415.0, "tsDispositivo": "2026-09-26T13:58:28+00:00"}
[2026-09-26 09:13:29] TX API publica Open-Meteo (puente HTTP -> IoT Central) -> {"tsFuente": "2026-09-26T09:00 (America/Bogota, Open-Meteo)", "tempExterior": 23.6, "humedadExterior": 82.0, "lluviaMm": 0.0, "vientoKmh": 3.4, "radiacionSolar": 481.0, "tsDispositivo": "2026-09-26T14:13:29+00:00"}
[2026-09-26 09:28:30] TX API publica Open-Meteo (puente HTTP -> IoT Central) -> {"tsFuente": "2026-09-26T09:15 (America/Bogota, Open-Meteo)", "tempExterior": 24.0, "humedadExterior": 80.0, "lluviaMm": 0.1, "vientoKmh": 3.6, "radiacionSolar": 553.0, "tsDispositivo": "2026-09-26T14:28:29+00:00"}
[2026-09-26 09:43:30] TX API publica Open-Meteo (puente HTTP -> IoT Central) -> {"tsFuente": "2026-09-26T09:30 (America/Bogota, Open-Meteo)", "tempExterior": 24.4, "humedadExterior": 78.0, "lluviaMm": 0.1, "vientoKmh": 3.7, "radiacionSolar": 618.0, "tsDispositivo": "2026-09-26T14:43:30+00:00"}
[2026-09-26 09:58:31] TX API publica Open-Meteo (puente HTTP -> IoT Central) -> {"tsFuente": "2026-09-26T09:45 (America/Bogota, Open-Meteo)", "tempExterior": 24.7, "humedadExterior": 77.0, "lluviaMm": 0.1, "vientoKmh": 4.1, "radiacionSolar": 660.0, "tsDispositivo": "2026-09-26T14:58:31+00:00"}
[2026-09-26 10:13:32] TX API publica Open-Meteo (puente HTTP -> IoT Central) -> {"tsFuente": "2026-09-26T10:00 (America/Bogota, Open-Meteo)", "tempExterior": 24.9, "humedadExterior": 76.0, "lluviaMm": 0.1, "vientoKmh": 4.3, "radiacionSolar": 677.0, "tsDispositivo": "2026-09-26T15:13:32+00:00"}
[2026-09-26 10:28:33] TX API publica Open-Meteo (puente HTTP -> IoT Central) -> {"tsFuente": "2026-09-26T10:15 (America/Bogota, Open-Meteo)", "tempExterior": 24.9, "humedadExterior": 77.0, "lluviaMm": 0.2, "vientoKmh": 4.2, "radiacionSolar": 680.0, "tsDispositivo": "2026-09-26T15:28:32+00:00"}
[2026-09-26 10:43:34] TX API publica Open-Meteo (puente HTTP -> IoT Central) -> {"tsFuente": "2026-09-26T10:30 (America/Bogota, Open-Meteo)", "tempExterior": 24.8, "humedadExterior": 78.0, "lluviaMm": 0.2, "vientoKmh": 4.1, "radiacionSolar": 680.0, "tsDispositivo": "2026-09-26T15:43:34+00:00"}
[2026-09-26 10:58:35] TX API publica Open-Meteo (puente HTTP -> IoT Central) -> {"tsFuente": "2026-09-26T10:45 (America/Bogota, Open-Meteo)", "tempExterior": 24.6, "humedadExterior": 80.0, "lluviaMm": 0.2, "vientoKmh": 4.5, "radiacionSolar": 691.0, "tsDispositivo": "2026-09-26T15:58:35+00:00"}
[2026-09-26 11:13:38] TX API publica Open-Meteo (puente HTTP -> IoT Central) -> {"tsFuente": "2026-09-26T11:00 (America/Bogota, Open-Meteo)", "tempExterior": 24.5, "humedadExterior": 80.0, "lluviaMm": 0.2, "vientoKmh": 5.2, "radiacionSolar": 705.0, "tsDispositivo": "2026-09-26T16:13:37+00:00"}
[2026-09-26 11:28:38] TX API publica Open-Meteo (puente HTTP -> IoT Central) -> {"tsFuente": "2026-09-26T11:15 (America/Bogota, Open-Meteo)", "tempExterior": 24.5, "humedadExterior": 80.0, "lluviaMm": 0.1, "vientoKmh": 5.8, "radiacionSolar": 721.0, "tsDispositivo": "2026-09-26T16:28:38+00:00"}
[2026-09-26 11:43:39] TX API publica Open-Meteo (puente HTTP -> IoT Central) -> {"tsFuente": "2026-09-26T11:30 (America/Bogota, Open-Meteo)", "tempExterior": 24.6, "humedadExterior": 78.0, "lluviaMm": 0.1, "vientoKmh": 6.5, "radiacionSolar": 737.0, "tsDispositivo": "2026-09-26T16:43:39+00:00"}
[2026-09-26 11:58:40] TX API publica Open-Meteo (puente HTTP -> IoT Central) -> {"tsFuente": "2026-09-26T11:45 (America/Bogota, Open-Meteo)", "tempExterior": 24.7, "humedadExterior": 77.0, "lluviaMm": 0.1, "vientoKmh": 6.9, "radiacionSolar": 749.0, "tsDispositivo": "2026-09-26T16:58:40+00:00"}
[2026-09-26 12:13:41] TX API publica Open-Meteo (puente HTTP -> IoT Central) -> {"tsFuente": "2026-09-26T12:00 (America/Bogota, Open-Meteo)", "tempExterior": 24.8, "humedadExterior": 75.0, "lluviaMm": 0.1, "vientoKmh": 7.3, "radiacionSolar": 766.0, "tsDispositivo": "2026-09-26T17:13:41+00:00"}
[2026-09-26 12:28:42] TX API publica Open-Meteo (puente HTTP -> IoT Central) -> {"tsFuente": "2026-09-26T12:15 (America/Bogota, Open-Meteo)", "tempExterior": 25.0, "humedadExterior": 74.0, "lluviaMm": 0.1, "vientoKmh": 7.3, "radiacionSolar": 779.0, "tsDispositivo": "2026-09-26T17:28:42+00:00"}
[2026-09-26 12:43:44] TX API publica Open-Meteo (puente HTTP -> IoT Central) -> {"tsFuente": "2026-09-26T12:30 (America/Bogota, Open-Meteo)", "tempExterior": 25.3, "humedadExterior": 72.0, "lluviaMm": 0.1, "vientoKmh": 7.3, "radiacionSolar": 781.0, "tsDispositivo": "2026-09-26T17:43:43+00:00"}
[2026-09-26 12:58:44] TX API publica Open-Meteo (puente HTTP -> IoT Central) -> {"tsFuente": "2026-09-26T12:45 (America/Bogota, Open-Meteo)", "tempExterior": 25.6, "humedadExterior": 71.0, "lluviaMm": 0.1, "vientoKmh": 7.2, "radiacionSolar": 766.0, "tsDispositivo": "2026-09-26T17:58:44+00:00"}
[2026-09-26 13:13:45] TX API publica Open-Meteo (puente HTTP -> IoT Central) -> {"tsFuente": "2026-09-26T13:00 (America/Bogota, Open-Meteo)", "tempExterior": 25.7, "humedadExterior": 70.0, "lluviaMm": 0.1, "vientoKmh": 7.0, "radiacionSolar": 734.0, "tsDispositivo": "2026-09-26T18:13:45+00:00"}
[2026-09-26 13:28:46] TX API publica Open-Meteo (puente HTTP -> IoT Central) -> {"tsFuente": "2026-09-26T13:15 (America/Bogota, Open-Meteo)", "tempExterior": 25.7, "humedadExterior": 71.0, "lluviaMm": 0.2, "vientoKmh": 7.1, "radiacionSolar": 693.0, "tsDispositivo": "2026-09-26T18:28:46+00:00"}
[2026-09-26 13:43:47] TX API publica Open-Meteo (puente HTTP -> IoT Central) -> {"tsFuente": "2026-09-26T13:30 (America/Bogota, Open-Meteo)", "tempExterior": 25.5, "humedadExterior": 72.0, "lluviaMm": 0.2, "vientoKmh": 7.4, "radiacionSolar": 651.0, "tsDispositivo": "2026-09-26T18:43:47+00:00"}
[2026-09-26 13:58:48] TX API publica Open-Meteo (puente HTTP -> IoT Central) -> {"tsFuente": "2026-09-26T13:45 (America/Bogota, Open-Meteo)", "tempExterior": 25.3, "humedadExterior": 73.0, "lluviaMm": 0.2, "vientoKmh": 7.7, "radiacionSolar": 611.0, "tsDispositivo": "2026-09-26T18:58:48+00:00"}
[2026-09-26 14:13:52] TX API publica Open-Meteo (puente HTTP -> IoT Central) -> {"tsFuente": "2026-09-26T14:00 (America/Bogota, Open-Meteo)", "tempExterior": 26.1, "humedadExterior": 66.0, "lluviaMm": 0.0, "vientoKmh": 7.4, "radiacionSolar": 626.0, "tsDispositivo": "2026-09-26T19:13:52+00:00"}
[2026-09-26 14:28:53] TX API publica Open-Meteo (puente HTTP -> IoT Central) -> {"tsFuente": "2026-09-26T14:15 (America/Bogota, Open-Meteo)", "tempExterior": 26.0, "humedadExterior": 66.0, "lluviaMm": 0.1, "vientoKmh": 7.8, "radiacionSolar": 642.0, "tsDispositivo": "2026-09-26T19:28:53+00:00"}
[2026-09-26 14:43:54] TX API publica Open-Meteo (puente HTTP -> IoT Central) -> {"tsFuente": "2026-09-26T14:30 (America/Bogota, Open-Meteo)", "tempExterior": 25.9, "humedadExterior": 67.0, "lluviaMm": 0.1, "vientoKmh": 8.0, "radiacionSolar": 634.0, "tsDispositivo": "2026-09-26T19:43:54+00:00"}
[2026-09-26 14:58:55] TX API publica Open-Meteo (puente HTTP -> IoT Central) -> {"tsFuente": "2026-09-26T14:45 (America/Bogota, Open-Meteo)", "tempExterior": 25.6, "humedadExterior": 68.0, "lluviaMm": 0.1, "vientoKmh": 8.1, "radiacionSolar": 590.0, "tsDispositivo": "2026-09-26T19:58:55+00:00"}
[2026-09-26 15:13:56] TX API publica Open-Meteo (puente HTTP -> IoT Central) -> {"tsFuente": "2026-09-26T15:00 (America/Bogota, Open-Meteo)", "tempExterior": 25.3, "humedadExterior": 70.0, "lluviaMm": 0.1, "vientoKmh": 7.7, "radiacionSolar": 518.0, "tsDispositivo": "2026-09-26T20:13:55+00:00"}
