[2026-09-24 14:27:33] INFO  DPS OK -> hub iotc-ce764639-456d-4e61-9e9c-e64c9a818624.azure-devices.net
[2026-09-24 14:27:35] INFO  puente conectado y publicando el ciclo de la puerta cada 120 s
[2026-09-24 14:27:35] INFO  puente HTTP escuchando en http://127.0.0.1:8098/telemetria (sensor de campo)
[2026-09-24 14:27:35] TX Puente HTTP/REST (sensor de campo -> Central) -> {"puertaAbierta": true, "eventosAcceso": 1, "tempPuerta": 24.34, "tsDispositivo": "2026-09-24T19:27:35+00:00"}
[2026-09-24 14:29:35] TX Puente HTTP/REST (sensor de campo -> Central) -> {"puertaAbierta": false, "eventosAcceso": 0, "tempPuerta": 23.88, "tsDispositivo": "2026-09-24T19:29:34+00:00"}
[2026-09-24 14:29:35] TX Puente HTTP/REST (sensor de campo -> Central) -> {"puertaAbierta": false, "eventosAcceso": 1, "tempPuerta": 24.16, "tsDispositivo": "2026-09-24T19:29:35+00:00"}
[2026-09-24 14:31:35] TX Puente HTTP/REST (sensor de campo -> Central) -> {"puertaAbierta": false, "eventosAcceso": 0, "tempPuerta": 23.79, "tsDispositivo": "2026-09-24T19:31:35+00:00"}
[2026-09-24 14:31:36] TX Puente HTTP/REST (sensor de campo -> Central) -> {"puertaAbierta": true, "eventosAcceso": 2, "tempPuerta": 23.81, "tsDispositivo": "2026-09-24T19:31:35+00:00"}
[2026-09-24 14:33:36] TX Puente HTTP/REST (sensor de campo -> Central) -> {"puertaAbierta": false, "eventosAcceso": 0, "tempPuerta": 23.84, "tsDispositivo": "2026-09-24T19:33:35+00:00"}
[2026-09-24 14:33:36] TX Puente HTTP/REST (sensor de campo -> Central) -> {"puertaAbierta": false, "eventosAcceso": 2, "tempPuerta": 23.68, "tsDispositivo": "2026-09-24T19:33:36+00:00"}
[2026-09-24 14:35:36] TX Puente HTTP/REST (sensor de campo -> Central) -> {"puertaAbierta": true, "eventosAcceso": 1, "tempPuerta": 23.91, "tsDispositivo": "2026-09-24T19:35:36+00:00"}
[2026-09-24 14:35:37] TX Puente HTTP/REST (sensor de campo -> Central) -> {"puertaAbierta": false, "eventosAcceso": 2, "tempPuerta": 24.27, "tsDispositivo": "2026-09-24T19:35:36+00:00"}
[2026-09-24 14:37:36] TX Puente HTTP/REST (sensor de campo -> Central) -> {"puertaAbierta": false, "eventosAcceso": 1, "tempPuerta": 23.71, "tsDispositivo": "2026-09-24T19:37:36+00:00"}
[2026-09-24 14:37:37] TX Puente HTTP/REST (sensor de campo -> Central) -> {"puertaAbierta": false, "eventosAcceso": 2, "tempPuerta": 24.38, "tsDispositivo": "2026-09-24T19:37:37+00:00"}
[2026-09-24 14:39:37] TX Puente HTTP/REST (sensor de campo -> Central) -> {"puertaAbierta": false, "eventosAcceso": 1, "tempPuerta": 23.61, "tsDispositivo": "2026-09-24T19:39:36+00:00"}
[2026-09-24 14:39:37] TX Puente HTTP/REST (sensor de campo -> Central) -> {"puertaAbierta": false, "eventosAcceso": 2, "tempPuerta": 23.7, "tsDispositivo": "2026-09-24T19:39:37+00:00"}
[2026-09-24 14:41:38] TX Puente HTTP/REST (sensor de campo -> Central) -> {"puertaAbierta": false, "eventosAcceso": 2, "tempPuerta": 24.03, "tsDispositivo": "2026-09-24T19:41:37+00:00"}
[2026-09-24 14:41:38] TX Puente HTTP/REST (sensor de campo -> Central) -> {"puertaAbierta": false, "eventosAcceso": 1, "tempPuerta": 24.03, "tsDispositivo": "2026-09-24T19:41:37+00:00"}
[2026-09-24 14:43:38] TX Puente HTTP/REST (sensor de campo -> Central) -> {"puertaAbierta": true, "eventosAcceso": 3, "tempPuerta": 24.23, "tsDispositivo": "2026-09-24T19:43:38+00:00"}
[2026-09-24 14:43:38] TX Puente HTTP/REST (sensor de campo -> Central) -> {"puertaAbierta": false, "eventosAcceso": 1, "tempPuerta": 23.72, "tsDispositivo": "2026-09-24T19:43:38+00:00"}
[2026-09-24 14:45:38] TX Puente HTTP/REST (sensor de campo -> Central) -> {"puertaAbierta": false, "eventosAcceso": 3, "tempPuerta": 23.95, "tsDispositivo": "2026-09-24T19:45:38+00:00"}
[2026-09-24 14:45:39] TX Puente HTTP/REST (sensor de campo -> Central) -> {"puertaAbierta": false, "eventosAcceso": 1, "tempPuerta": 23.83, "tsDispositivo": "2026-09-24T19:45:38+00:00"}
[2026-09-24 14:48:03] TX Puente HTTP/REST (sensor de campo -> Central) -> {"puertaAbierta": false, "eventosAcceso": 3, "tempPuerta": 24.03, "tsDispositivo": "2026-09-24T19:47:38+00:00"}
[2026-09-24 14:48:03] TX Puente HTTP/REST (sensor de campo -> Central) -> {"puertaAbierta": false, "eventosAcceso": 1, "tempPuerta": 24.03, "tsDispositivo": "2026-09-24T19:47:39+00:00"}
[2026-09-24 14:48:03] ERROR fallo reenviando: ConnectionAbortedError: [WinError 10053] Se ha anulado una conexión establecida por el software en su equipo host
----------------------------------------
Exception occurred during processing of request from ('127.0.0.1', 59942)
Traceback (most recent call last):
  File "C:\Users\mvale\Documents\Parcial1_IoT_Central\dispositivos\python\dc_http_bridge.py", line 79, in do_POST
    self._responder(202, {"aceptado": True, "reenviado_a": "IoT Central"})
  File "C:\Users\mvale\Documents\Parcial1_IoT_Central\dispositivos\python\dc_http_bridge.py", line 51, in _responder
    self.wfile.write(datos)
  File "C:\Users\mvale\AppData\Local\Programs\Python\Python311\Lib\socketserver.py", line 834, in write
    self._sock.sendall(b)
ConnectionAbortedError: [WinError 10053] Se ha anulado una conexión establecida por el software en su equipo host

During handling of the above exception, another exception occurred:

Traceback (most recent call last):
  File "C:\Users\mvale\AppData\Local\Programs\Python\Python311\Lib\socketserver.py", line 691, in process_request_thread
    self.finish_request(request, client_address)
  File "C:\Users\mvale\AppData\Local\Programs\Python\Python311\Lib\socketserver.py", line 361, in finish_request
    self.RequestHandlerClass(request, client_address, self)
  File "C:\Users\mvale\AppData\Local\Programs\Python\Python311\Lib\socketserver.py", line 755, in __init__
    self.handle()
  File "C:\Users\mvale\AppData\Local\Programs\Python\Python311\Lib\http\server.py", line 431, in handle
    self.handle_one_request()
  File "C:\Users\mvale\AppData\Local\Programs\Python\Python311\Lib\http\server.py", line 419, in handle_one_request
    method()
  File "C:\Users\mvale\Documents\Parcial1_IoT_Central\dispositivos\python\dc_http_bridge.py", line 84, in do_POST
    self._responder(502, {"error": str(e)[:120]})
  File "C:\Users\mvale\Documents\Parcial1_IoT_Central\dispositivos\python\dc_http_bridge.py", line 50, in _responder
    self.end_headers()
  File "C:\Users\mvale\AppData\Local\Programs\Python\Python311\Lib\http\server.py", line 533, in end_headers
    self.flush_headers()
  File "C:\Users\mvale\AppData\Local\Programs\Python\Python311\Lib\http\server.py", line 537, in flush_headers
    self.wfile.write(b"".join(self._headers_buffer))
  File "C:\Users\mvale\AppData\Local\Programs\Python\Python311\Lib\socketserver.py", line 834, in write
    self._sock.sendall(b)
ConnectionAbortedError: [WinError 10053] Se ha anulado una conexión establecida por el software en su equipo host
----------------------------------------
[2026-09-24 14:48:29] TX Puente HTTP/REST (sensor de campo -> Central) -> {"puertaAbierta": false, "eventosAcceso": 0, "tempPuerta": 24.14, "tsDispositivo": "2026-09-24T19:48:28+00:00"}
[2026-09-24 14:50:07] TX Puente HTTP/REST (sensor de campo -> Central) -> {"puertaAbierta": false, "eventosAcceso": 3, "tempPuerta": 24.36, "tsDispositivo": "2026-09-24T19:50:03+00:00"}
[2026-09-24 14:50:44] TX Puente HTTP/REST (sensor de campo -> Central) -> {"puertaAbierta": false, "eventosAcceso": 0, "tempPuerta": 23.98, "tsDispositivo": "2026-09-24T19:50:29+00:00"}
[2026-09-24 14:52:07] TX Puente HTTP/REST (sensor de campo -> Central) -> {"puertaAbierta": false, "eventosAcceso": 3, "tempPuerta": 24.17, "tsDispositivo": "2026-09-24T19:52:07+00:00"}
[2026-09-24 14:52:44] TX Puente HTTP/REST (sensor de campo -> Central) -> {"puertaAbierta": false, "eventosAcceso": 0, "tempPuerta": 24.27, "tsDispositivo": "2026-09-24T19:52:44+00:00"}
[2026-09-24 14:54:08] TX Puente HTTP/REST (sensor de campo -> Central) -> {"puertaAbierta": false, "eventosAcceso": 3, "tempPuerta": 23.7, "tsDispositivo": "2026-09-24T19:54:07+00:00"}
[2026-09-24 14:54:47] TX Puente HTTP/REST (sensor de campo -> Central) -> {"puertaAbierta": false, "eventosAcceso": 0, "tempPuerta": 24.26, "tsDispositivo": "2026-09-24T19:54:44+00:00"}
[2026-09-24 14:56:11] TX Puente HTTP/REST (sensor de campo -> Central) -> {"puertaAbierta": false, "eventosAcceso": 3, "tempPuerta": 23.78, "tsDispositivo": "2026-09-24T19:56:08+00:00"}
[2026-09-24 14:57:05] TX Puente HTTP/REST (sensor de campo -> Central) -> {"puertaAbierta": false, "eventosAcceso": 0, "tempPuerta": 23.87, "tsDispositivo": "2026-09-24T19:56:47+00:00"}
[2026-09-24 14:57:05] ERROR fallo reenviando: ConnectionAbortedError: [WinError 10053] Se ha anulado una conexión establecida por el software en su equipo host
----------------------------------------
Exception occurred during processing of request from ('127.0.0.1', 49630)
Traceback (most recent call last):
  File "C:\Users\mvale\Documents\Parcial1_IoT_Central\dispositivos\python\dc_http_bridge.py", line 79, in do_POST
    self._responder(202, {"aceptado": True, "reenviado_a": "IoT Central"})
  File "C:\Users\mvale\Documents\Parcial1_IoT_Central\dispositivos\python\dc_http_bridge.py", line 51, in _responder
    self.wfile.write(datos)
  File "C:\Users\mvale\AppData\Local\Programs\Python\Python311\Lib\socketserver.py", line 834, in write
    self._sock.sendall(b)
ConnectionAbortedError: [WinError 10053] Se ha anulado una conexión establecida por el software en su equipo host

During handling of the above exception, another exception occurred:

Traceback (most recent call last):
  File "C:\Users\mvale\AppData\Local\Programs\Python\Python311\Lib\socketserver.py", line 691, in process_request_thread
    self.finish_request(request, client_address)
  File "C:\Users\mvale\AppData\Local\Programs\Python\Python311\Lib\socketserver.py", line 361, in finish_request
    self.RequestHandlerClass(request, client_address, self)
  File "C:\Users\mvale\AppData\Local\Programs\Python\Python311\Lib\socketserver.py", line 755, in __init__
    self.handle()
  File "C:\Users\mvale\AppData\Local\Programs\Python\Python311\Lib\http\server.py", line 431, in handle
    self.handle_one_request()
  File "C:\Users\mvale\AppData\Local\Programs\Python\Python311\Lib\http\server.py", line 419, in handle_one_request
    method()
  File "C:\Users\mvale\Documents\Parcial1_IoT_Central\dispositivos\python\dc_http_bridge.py", line 84, in do_POST
    self._responder(502, {"error": str(e)[:120]})
  File "C:\Users\mvale\Documents\Parcial1_IoT_Central\dispositivos\python\dc_http_bridge.py", line 50, in _responder
    self.end_headers()
  File "C:\Users\mvale\AppData\Local\Programs\Python\Python311\Lib\http\server.py", line 533, in end_headers
    self.flush_headers()
  File "C:\Users\mvale\AppData\Local\Programs\Python\Python311\Lib\http\server.py", line 537, in flush_headers
    self.wfile.write(b"".join(self._headers_buffer))
  File "C:\Users\mvale\AppData\Local\Programs\Python\Python311\Lib\socketserver.py", line 834, in write
    self._sock.sendall(b)
ConnectionAbortedError: [WinError 10053] Se ha anulado una conexión establecida por el software en su equipo host
----------------------------------------
[2026-09-24 14:57:31] TX Puente HTTP/REST (sensor de campo -> Central) -> {"puertaAbierta": false, "eventosAcceso": 0, "tempPuerta": 23.68, "tsDispositivo": "2026-09-24T19:57:30+00:00"}
[2026-09-24 14:58:20] TX Puente HTTP/REST (sensor de campo -> Central) -> {"puertaAbierta": false, "eventosAcceso": 3, "tempPuerta": 24.28, "tsDispositivo": "2026-09-24T19:58:20+00:00"}
[2026-09-24 14:59:32] TX Puente HTTP/REST (sensor de campo -> Central) -> {"puertaAbierta": false, "eventosAcceso": 0, "tempPuerta": 23.78, "tsDispositivo": "2026-09-24T19:59:31+00:00"}
[2026-09-24 15:00:42] TX Puente HTTP/REST (sensor de campo -> Central) -> {"puertaAbierta": false, "eventosAcceso": 3, "tempPuerta": 24.18, "tsDispositivo": "2026-09-24T20:00:20+00:00"}
[2026-09-24 15:01:32] TX Puente HTTP/REST (sensor de campo -> Central) -> {"puertaAbierta": false, "eventosAcceso": 0, "tempPuerta": 24.21, "tsDispositivo": "2026-09-24T20:01:32+00:00"}
[2026-09-24 15:02:43] TX Puente HTTP/REST (sensor de campo -> Central) -> {"puertaAbierta": false, "eventosAcceso": 3, "tempPuerta": 23.88, "tsDispositivo": "2026-09-24T20:02:42+00:00"}
[2026-09-24 15:03:32] TX Puente HTTP/REST (sensor de campo -> Central) -> {"puertaAbierta": false, "eventosAcceso": 0, "tempPuerta": 24.33, "tsDispositivo": "2026-09-24T20:03:32+00:00"}
[2026-09-24 15:04:43] TX Puente HTTP/REST (sensor de campo -> Central) -> {"puertaAbierta": false, "eventosAcceso": 3, "tempPuerta": 23.62, "tsDispositivo": "2026-09-24T20:04:43+00:00"}
[2026-09-24 15:05:32] TX Puente HTTP/REST (sensor de campo -> Central) -> {"puertaAbierta": false, "eventosAcceso": 0, "tempPuerta": 24.2, "tsDispositivo": "2026-09-24T20:05:32+00:00"}
[2026-09-24 15:06:43] TX Puente HTTP/REST (sensor de campo -> Central) -> {"puertaAbierta": false, "eventosAcceso": 3, "tempPuerta": 23.98, "tsDispositivo": "2026-09-24T20:06:43+00:00"}
[2026-09-24 15:07:33] TX Puente HTTP/REST (sensor de campo -> Central) -> {"puertaAbierta": true, "eventosAcceso": 1, "tempPuerta": 23.81, "tsDispositivo": "2026-09-24T20:07:32+00:00"}
[2026-09-24 15:08:43] TX Puente HTTP/REST (sensor de campo -> Central) -> {"puertaAbierta": false, "eventosAcceso": 3, "tempPuerta": 23.81, "tsDispositivo": "2026-09-24T20:08:43+00:00"}
[2026-09-24 15:09:33] TX Puente HTTP/REST (sensor de campo -> Central) -> {"puertaAbierta": false, "eventosAcceso": 1, "tempPuerta": 23.65, "tsDispositivo": "2026-09-24T20:09:33+00:00"}
[2026-09-24 15:10:44] TX Puente HTTP/REST (sensor de campo -> Central) -> {"puertaAbierta": true, "eventosAcceso": 4, "tempPuerta": 23.98, "tsDispositivo": "2026-09-24T20:10:43+00:00"}
[2026-09-24 15:11:33] TX Puente HTTP/REST (sensor de campo -> Central) -> {"puertaAbierta": false, "eventosAcceso": 1, "tempPuerta": 24.3, "tsDispositivo": "2026-09-24T20:11:33+00:00"}
[2026-09-24 15:12:44] TX Puente HTTP/REST (sensor de campo -> Central) -> {"puertaAbierta": true, "eventosAcceso": 5, "tempPuerta": 24.27, "tsDispositivo": "2026-09-24T20:12:44+00:00"}
[2026-09-24 15:13:33] TX Puente HTTP/REST (sensor de campo -> Central) -> {"puertaAbierta": false, "eventosAcceso": 1, "tempPuerta": 24.14, "tsDispositivo": "2026-09-24T20:13:33+00:00"}
[2026-09-24 15:14:44] TX Puente HTTP/REST (sensor de campo -> Central) -> {"puertaAbierta": false, "eventosAcceso": 5, "tempPuerta": 23.71, "tsDispositivo": "2026-09-24T20:14:44+00:00"}
[2026-09-24 15:15:34] TX Puente HTTP/REST (sensor de campo -> Central) -> {"puertaAbierta": false, "eventosAcceso": 1, "tempPuerta": 23.69, "tsDispositivo": "2026-09-24T20:15:33+00:00"}
[2026-09-24 15:16:44] TX Puente HTTP/REST (sensor de campo -> Central) -> {"puertaAbierta": false, "eventosAcceso": 5, "tempPuerta": 24.04, "tsDispositivo": "2026-09-24T20:16:44+00:00"}
[2026-09-24 15:17:34] TX Puente HTTP/REST (sensor de campo -> Central) -> {"puertaAbierta": false, "eventosAcceso": 1, "tempPuerta": 24.12, "tsDispositivo": "2026-09-24T20:17:34+00:00"}
[2026-09-24 15:18:44] TX Puente HTTP/REST (sensor de campo -> Central) -> {"puertaAbierta": false, "eventosAcceso": 5, "tempPuerta": 24.16, "tsDispositivo": "2026-09-24T20:18:44+00:00"}
[2026-09-24 15:19:34] TX Puente HTTP/REST (sensor de campo -> Central) -> {"puertaAbierta": false, "eventosAcceso": 1, "tempPuerta": 24.2, "tsDispositivo": "2026-09-24T20:19:34+00:00"}
[2026-09-24 15:20:45] TX Puente HTTP/REST (sensor de campo -> Central) -> {"puertaAbierta": false, "eventosAcceso": 5, "tempPuerta": 24.14, "tsDispositivo": "2026-09-24T20:20:44+00:00"}
[2026-09-24 15:21:34] TX Puente HTTP/REST (sensor de campo -> Central) -> {"puertaAbierta": false, "eventosAcceso": 1, "tempPuerta": 24.06, "tsDispositivo": "2026-09-24T20:21:34+00:00"}
[2026-09-24 15:22:45] TX Puente HTTP/REST (sensor de campo -> Central) -> {"puertaAbierta": true, "eventosAcceso": 6, "tempPuerta": 24.24, "tsDispositivo": "2026-09-24T20:22:45+00:00"}
[2026-09-24 15:23:35] TX Puente HTTP/REST (sensor de campo -> Central) -> {"puertaAbierta": false, "eventosAcceso": 1, "tempPuerta": 23.67, "tsDispositivo": "2026-09-24T20:23:34+00:00"}
[2026-09-24 15:24:45] TX Puente HTTP/REST (sensor de campo -> Central) -> {"puertaAbierta": false, "eventosAcceso": 6, "tempPuerta": 23.82, "tsDispositivo": "2026-09-24T20:24:45+00:00"}
[2026-09-24 15:25:35] TX Puente HTTP/REST (sensor de campo -> Central) -> {"puertaAbierta": false, "eventosAcceso": 1, "tempPuerta": 24.03, "tsDispositivo": "2026-09-24T20:25:35+00:00"}
[2026-09-24 15:26:45] TX Puente HTTP/REST (sensor de campo -> Central) -> {"puertaAbierta": false, "eventosAcceso": 6, "tempPuerta": 24.06, "tsDispositivo": "2026-09-24T20:26:45+00:00"}
[2026-09-24 15:27:35] TX Puente HTTP/REST (sensor de campo -> Central) -> {"puertaAbierta": false, "eventosAcceso": 1, "tempPuerta": 23.62, "tsDispositivo": "2026-09-24T20:27:35+00:00"}
[2026-09-24 15:28:46] TX Puente HTTP/REST (sensor de campo -> Central) -> {"puertaAbierta": false, "eventosAcceso": 6, "tempPuerta": 23.87, "tsDispositivo": "2026-09-24T20:28:45+00:00"}
[2026-09-24 15:29:35] TX Puente HTTP/REST (sensor de campo -> Central) -> {"puertaAbierta": false, "eventosAcceso": 1, "tempPuerta": 23.93, "tsDispositivo": "2026-09-24T20:29:35+00:00"}
[2026-09-24 15:30:46] TX Puente HTTP/REST (sensor de campo -> Central) -> {"puertaAbierta": false, "eventosAcceso": 6, "tempPuerta": 23.96, "tsDispositivo": "2026-09-24T20:30:46+00:00"}
[2026-09-24 15:31:35] TX Puente HTTP/REST (sensor de campo -> Central) -> {"puertaAbierta": false, "eventosAcceso": 1, "tempPuerta": 24.16, "tsDispositivo": "2026-09-24T20:31:35+00:00"}
[2026-09-24 15:32:46] TX Puente HTTP/REST (sensor de campo -> Central) -> {"puertaAbierta": false, "eventosAcceso": 6, "tempPuerta": 23.8, "tsDispositivo": "2026-09-24T20:32:46+00:00"}
[2026-09-24 15:33:36] TX Puente HTTP/REST (sensor de campo -> Central) -> {"puertaAbierta": false, "eventosAcceso": 1, "tempPuerta": 24.27, "tsDispositivo": "2026-09-24T20:33:35+00:00"}
[2026-09-24 15:34:46] TX Puente HTTP/REST (sensor de campo -> Central) -> {"puertaAbierta": false, "eventosAcceso": 6, "tempPuerta": 23.71, "tsDispositivo": "2026-09-24T20:34:46+00:00"}
[2026-09-24 15:35:36] TX Puente HTTP/REST (sensor de campo -> Central) -> {"puertaAbierta": false, "eventosAcceso": 1, "tempPuerta": 24.25, "tsDispositivo": "2026-09-24T20:35:36+00:00"}
[2026-09-24 15:36:47] TX Puente HTTP/REST (sensor de campo -> Central) -> {"puertaAbierta": false, "eventosAcceso": 6, "tempPuerta": 23.75, "tsDispositivo": "2026-09-24T20:36:46+00:00"}
[2026-09-24 15:37:36] TX Puente HTTP/REST (sensor de campo -> Central) -> {"puertaAbierta": false, "eventosAcceso": 1, "tempPuerta": 23.58, "tsDispositivo": "2026-09-24T20:37:36+00:00"}
[2026-09-24 15:38:47] TX Puente HTTP/REST (sensor de campo -> Central) -> {"puertaAbierta": true, "eventosAcceso": 7, "tempPuerta": 23.72, "tsDispositivo": "2026-09-24T20:38:47+00:00"}
[2026-09-24 15:39:36] TX Puente HTTP/REST (sensor de campo -> Central) -> {"puertaAbierta": false, "eventosAcceso": 1, "tempPuerta": 23.92, "tsDispositivo": "2026-09-24T20:39:36+00:00"}
[2026-09-24 15:40:47] TX Puente HTTP/REST (sensor de campo -> Central) -> {"puertaAbierta": true, "eventosAcceso": 8, "tempPuerta": 24.05, "tsDispositivo": "2026-09-24T20:40:47+00:00"}
[2026-09-24 15:41:37] TX Puente HTTP/REST (sensor de campo -> Central) -> {"puertaAbierta": false, "eventosAcceso": 1, "tempPuerta": 24.32, "tsDispositivo": "2026-09-24T20:41:36+00:00"}
[2026-09-24 15:42:47] TX Puente HTTP/REST (sensor de campo -> Central) -> {"puertaAbierta": false, "eventosAcceso": 8, "tempPuerta": 23.81, "tsDispositivo": "2026-09-24T20:42:47+00:00"}
[2026-09-24 15:43:37] TX Puente HTTP/REST (sensor de campo -> Central) -> {"puertaAbierta": false, "eventosAcceso": 1, "tempPuerta": 23.58, "tsDispositivo": "2026-09-24T20:43:37+00:00"}
[2026-09-24 15:44:47] TX Puente HTTP/REST (sensor de campo -> Central) -> {"puertaAbierta": false, "eventosAcceso": 8, "tempPuerta": 24.07, "tsDispositivo": "2026-09-24T20:44:47+00:00"}
[2026-09-24 15:45:37] TX Puente HTTP/REST (sensor de campo -> Central) -> {"puertaAbierta": false, "eventosAcceso": 1, "tempPuerta": 24.06, "tsDispositivo": "2026-09-24T20:45:37+00:00"}
[2026-09-24 15:46:48] TX Puente HTTP/REST (sensor de campo -> Central) -> {"puertaAbierta": false, "eventosAcceso": 8, "tempPuerta": 23.85, "tsDispositivo": "2026-09-24T20:46:47+00:00"}
[2026-09-24 15:47:37] TX Puente HTTP/REST (sensor de campo -> Central) -> {"puertaAbierta": false, "eventosAcceso": 1, "tempPuerta": 24.03, "tsDispositivo": "2026-09-24T20:47:37+00:00"}
[2026-09-24 15:48:48] TX Puente HTTP/REST (sensor de campo -> Central) -> {"puertaAbierta": false, "eventosAcceso": 8, "tempPuerta": 23.99, "tsDispositivo": "2026-09-24T20:48:48+00:00"}
[2026-09-24 15:49:38] TX Puente HTTP/REST (sensor de campo -> Central) -> {"puertaAbierta": false, "eventosAcceso": 1, "tempPuerta": 24.25, "tsDispositivo": "2026-09-24T20:49:37+00:00"}
[2026-09-24 15:50:48] TX Puente HTTP/REST (sensor de campo -> Central) -> {"puertaAbierta": false, "eventosAcceso": 8, "tempPuerta": 24.2, "tsDispositivo": "2026-09-24T20:50:48+00:00"}
[2026-09-24 15:51:38] TX Puente HTTP/REST (sensor de campo -> Central) -> {"puertaAbierta": false, "eventosAcceso": 1, "tempPuerta": 23.62, "tsDispositivo": "2026-09-24T20:51:38+00:00"}
[2026-09-24 15:52:48] TX Puente HTTP/REST (sensor de campo -> Central) -> {"puertaAbierta": false, "eventosAcceso": 8, "tempPuerta": 23.68, "tsDispositivo": "2026-09-24T20:52:48+00:00"}
[2026-09-24 15:53:38] TX Puente HTTP/REST (sensor de campo -> Central) -> {"puertaAbierta": false, "eventosAcceso": 1, "tempPuerta": 23.66, "tsDispositivo": "2026-09-24T20:53:38+00:00"}
[2026-09-24 15:54:49] TX Puente HTTP/REST (sensor de campo -> Central) -> {"puertaAbierta": true, "eventosAcceso": 9, "tempPuerta": 24.31, "tsDispositivo": "2026-09-24T20:54:48+00:00"}
[2026-09-24 15:55:38] TX Puente HTTP/REST (sensor de campo -> Central) -> {"puertaAbierta": false, "eventosAcceso": 1, "tempPuerta": 24.16, "tsDispositivo": "2026-09-24T20:55:38+00:00"}
[2026-09-24 15:56:49] TX Puente HTTP/REST (sensor de campo -> Central) -> {"puertaAbierta": false, "eventosAcceso": 9, "tempPuerta": 24.09, "tsDispositivo": "2026-09-24T20:56:49+00:00"}
[2026-09-24 15:57:39] TX Puente HTTP/REST (sensor de campo -> Central) -> {"puertaAbierta": true, "eventosAcceso": 2, "tempPuerta": 24.21, "tsDispositivo": "2026-09-24T20:57:38+00:00"}
[2026-09-24 15:58:49] TX Puente HTTP/REST (sensor de campo -> Central) -> {"puertaAbierta": false, "eventosAcceso": 9, "tempPuerta": 23.84, "tsDispositivo": "2026-09-24T20:58:49+00:00"}
[2026-09-24 15:59:39] TX Puente HTTP/REST (sensor de campo -> Central) -> {"puertaAbierta": false, "eventosAcceso": 2, "tempPuerta": 24.16, "tsDispositivo": "2026-09-24T20:59:39+00:00"}
[2026-09-24 16:00:49] TX Puente HTTP/REST (sensor de campo -> Central) -> {"puertaAbierta": true, "eventosAcceso": 10, "tempPuerta": 23.72, "tsDispositivo": "2026-09-24T21:00:49+00:00"}
[2026-09-24 16:01:39] TX Puente HTTP/REST (sensor de campo -> Central) -> {"puertaAbierta": true, "eventosAcceso": 3, "tempPuerta": 24.27, "tsDispositivo": "2026-09-24T21:01:39+00:00"}
[2026-09-24 16:02:49] TX Puente HTTP/REST (sensor de campo -> Central) -> {"puertaAbierta": false, "eventosAcceso": 10, "tempPuerta": 23.91, "tsDispositivo": "2026-09-24T21:02:49+00:00"}
[2026-09-24 16:03:39] TX Puente HTTP/REST (sensor de campo -> Central) -> {"puertaAbierta": false, "eventosAcceso": 3, "tempPuerta": 24.02, "tsDispositivo": "2026-09-24T21:03:39+00:00"}
[2026-09-24 16:04:50] TX Puente HTTP/REST (sensor de campo -> Central) -> {"puertaAbierta": false, "eventosAcceso": 10, "tempPuerta": 23.7, "tsDispositivo": "2026-09-24T21:04:49+00:00"}
[2026-09-24 16:05:40] TX Puente HTTP/REST (sensor de campo -> Central) -> {"puertaAbierta": false, "eventosAcceso": 3, "tempPuerta": 23.57, "tsDispositivo": "2026-09-24T21:05:39+00:00"}
[2026-09-24 16:06:50] TX Puente HTTP/REST (sensor de campo -> Central) -> {"puertaAbierta": false, "eventosAcceso": 10, "tempPuerta": 24.14, "tsDispositivo": "2026-09-24T21:06:50+00:00"}
[2026-09-24 16:07:40] TX Puente HTTP/REST (sensor de campo -> Central) -> {"puertaAbierta": false, "eventosAcceso": 3, "tempPuerta": 23.63, "tsDispositivo": "2026-09-24T21:07:40+00:00"}
[2026-09-24 16:08:50] TX Puente HTTP/REST (sensor de campo -> Central) -> {"puertaAbierta": false, "eventosAcceso": 10, "tempPuerta": 23.58, "tsDispositivo": "2026-09-24T21:08:50+00:00"}
[2026-09-24 16:09:40] TX Puente HTTP/REST (sensor de campo -> Central) -> {"puertaAbierta": false, "eventosAcceso": 3, "tempPuerta": 24.15, "tsDispositivo": "2026-09-24T21:09:40+00:00"}
[2026-09-24 16:10:50] TX Puente HTTP/REST (sensor de campo -> Central) -> {"puertaAbierta": false, "eventosAcceso": 10, "tempPuerta": 23.86, "tsDispositivo": "2026-09-24T21:10:50+00:00"}
[2026-09-24 16:11:40] TX Puente HTTP/REST (sensor de campo -> Central) -> {"puertaAbierta": false, "eventosAcceso": 3, "tempPuerta": 23.82, "tsDispositivo": "2026-09-24T21:11:40+00:00"}
[2026-09-24 16:12:51] TX Puente HTTP/REST (sensor de campo -> Central) -> {"puertaAbierta": false, "eventosAcceso": 10, "tempPuerta": 24.04, "tsDispositivo": "2026-09-24T21:12:50+00:00"}
[2026-09-24 16:13:41] TX Puente HTTP/REST (sensor de campo -> Central) -> {"puertaAbierta": false, "eventosAcceso": 3, "tempPuerta": 23.72, "tsDispositivo": "2026-09-24T21:13:40+00:00"}
[2026-09-24 16:14:51] TX Puente HTTP/REST (sensor de campo -> Central) -> {"puertaAbierta": false, "eventosAcceso": 10, "tempPuerta": 24.08, "tsDispositivo": "2026-09-24T21:14:51+00:00"}
[2026-09-24 16:15:41] TX Puente HTTP/REST (sensor de campo -> Central) -> {"puertaAbierta": true, "eventosAcceso": 4, "tempPuerta": 24.27, "tsDispositivo": "2026-09-24T21:15:41+00:00"}
[2026-09-24 16:16:51] TX Puente HTTP/REST (sensor de campo -> Central) -> {"puertaAbierta": false, "eventosAcceso": 10, "tempPuerta": 23.92, "tsDispositivo": "2026-09-24T21:16:51+00:00"}
[2026-09-24 16:17:41] TX Puente HTTP/REST (sensor de campo -> Central) -> {"puertaAbierta": false, "eventosAcceso": 4, "tempPuerta": 24.01, "tsDispositivo": "2026-09-24T21:17:41+00:00"}
[2026-09-24 16:18:51] TX Puente HTTP/REST (sensor de campo -> Central) -> {"puertaAbierta": false, "eventosAcceso": 10, "tempPuerta": 24.28, "tsDispositivo": "2026-09-24T21:18:51+00:00"}
[2026-09-24 16:19:41] TX Puente HTTP/REST (sensor de campo -> Central) -> {"puertaAbierta": false, "eventosAcceso": 4, "tempPuerta": 24.17, "tsDispositivo": "2026-09-24T21:19:41+00:00"}
[2026-09-24 16:20:51] TX Puente HTTP/REST (sensor de campo -> Central) -> {"puertaAbierta": false, "eventosAcceso": 10, "tempPuerta": 23.86, "tsDispositivo": "2026-09-24T21:20:51+00:00"}
[2026-09-24 16:21:41] TX Puente HTTP/REST (sensor de campo -> Central) -> {"puertaAbierta": false, "eventosAcceso": 4, "tempPuerta": 24.07, "tsDispositivo": "2026-09-24T21:21:41+00:00"}
[2026-09-24 16:22:52] TX Puente HTTP/REST (sensor de campo -> Central) -> {"puertaAbierta": false, "eventosAcceso": 10, "tempPuerta": 24.29, "tsDispositivo": "2026-09-24T21:22:51+00:00"}
[2026-09-24 16:23:42] TX Puente HTTP/REST (sensor de campo -> Central) -> {"puertaAbierta": false, "eventosAcceso": 4, "tempPuerta": 23.71, "tsDispositivo": "2026-09-24T21:23:41+00:00"}
[2026-09-24 16:24:52] TX Puente HTTP/REST (sensor de campo -> Central) -> {"puertaAbierta": false, "eventosAcceso": 10, "tempPuerta": 24.09, "tsDispositivo": "2026-09-24T21:24:52+00:00"}
[2026-09-24 16:29:43] INFO  DPS OK -> hub iotc-ce764639-456d-4e61-9e9c-e64c9a818624.azure-devices.net
[2026-09-24 16:29:44] INFO  puente conectado y publicando el ciclo de la puerta cada 120 s
[2026-09-24 16:29:44] INFO  puente HTTP escuchando en http://127.0.0.1:8098/telemetria (sensor de campo)
[2026-09-24 16:29:44] TX Puente HTTP/REST (sensor de campo -> Central) -> {"puertaAbierta": false, "eventosAcceso": 0, "tempPuerta": 23.72, "tsDispositivo": "2026-09-24T21:29:44+00:00"}
[2026-09-24 16:29:44] TX Puente HTTP/REST (sensor de campo -> Central) -> {"puertaAbierta": false, "eventosAcceso": 0, "tempPuerta": 23.57, "tsDispositivo": "2026-09-24T21:29:44+00:00"}
[2026-09-24 16:31:44] TX Puente HTTP/REST (sensor de campo -> Central) -> {"puertaAbierta": false, "eventosAcceso": 0, "tempPuerta": 24.18, "tsDispositivo": "2026-09-24T21:31:44+00:00"}
[2026-09-24 16:31:44] TX Puente HTTP/REST (sensor de campo -> Central) -> {"puertaAbierta": false, "eventosAcceso": 0, "tempPuerta": 23.81, "tsDispositivo": "2026-09-24T21:31:44+00:00"}
[2026-09-24 16:33:44] TX Puente HTTP/REST (sensor de campo -> Central) -> {"puertaAbierta": false, "eventosAcceso": 0, "tempPuerta": 23.66, "tsDispositivo": "2026-09-24T21:33:44+00:00"}
[2026-09-24 16:33:44] TX Puente HTTP/REST (sensor de campo -> Central) -> {"puertaAbierta": false, "eventosAcceso": 0, "tempPuerta": 23.51, "tsDispositivo": "2026-09-24T21:33:44+00:00"}
[2026-09-24 16:35:44] TX Puente HTTP/REST (sensor de campo -> Central) -> {"puertaAbierta": false, "eventosAcceso": 0, "tempPuerta": 23.63, "tsDispositivo": "2026-09-24T21:35:44+00:00"}
[2026-09-24 16:35:45] TX Puente HTTP/REST (sensor de campo -> Central) -> {"puertaAbierta": false, "eventosAcceso": 0, "tempPuerta": 24.18, "tsDispositivo": "2026-09-24T21:35:44+00:00"}
[2026-09-24 16:37:45] TX Puente HTTP/REST (sensor de campo -> Central) -> {"puertaAbierta": false, "eventosAcceso": 0, "tempPuerta": 23.58, "tsDispositivo": "2026-09-24T21:37:44+00:00"}
[2026-09-24 16:37:45] TX Puente HTTP/REST (sensor de campo -> Central) -> {"puertaAbierta": false, "eventosAcceso": 0, "tempPuerta": 23.97, "tsDispositivo": "2026-09-24T21:37:45+00:00"}
[2026-09-24 16:39:45] TX Puente HTTP/REST (sensor de campo -> Central) -> {"puertaAbierta": false, "eventosAcceso": 0, "tempPuerta": 23.81, "tsDispositivo": "2026-09-24T21:39:45+00:00"}
[2026-09-24 16:39:45] TX Puente HTTP/REST (sensor de campo -> Central) -> {"puertaAbierta": false, "eventosAcceso": 0, "tempPuerta": 23.7, "tsDispositivo": "2026-09-24T21:39:45+00:00"}
[2026-09-24 16:41:45] TX Puente HTTP/REST (sensor de campo -> Central) -> {"puertaAbierta": false, "eventosAcceso": 0, "tempPuerta": 23.91, "tsDispositivo": "2026-09-24T21:41:45+00:00"}
[2026-09-24 16:41:45] TX Puente HTTP/REST (sensor de campo -> Central) -> {"puertaAbierta": false, "eventosAcceso": 0, "tempPuerta": 23.59, "tsDispositivo": "2026-09-24T21:41:45+00:00"}
[2026-09-24 16:43:45] TX Puente HTTP/REST (sensor de campo -> Central) -> {"puertaAbierta": false, "eventosAcceso": 0, "tempPuerta": 23.53, "tsDispositivo": "2026-09-24T21:43:45+00:00"}
[2026-09-24 16:43:45] TX Puente HTTP/REST (sensor de campo -> Central) -> {"puertaAbierta": false, "eventosAcceso": 0, "tempPuerta": 23.45, "tsDispositivo": "2026-09-24T21:43:45+00:00"}
[2026-09-24 16:45:45] TX Puente HTTP/REST (sensor de campo -> Central) -> {"puertaAbierta": false, "eventosAcceso": 0, "tempPuerta": 23.48, "tsDispositivo": "2026-09-24T21:45:45+00:00"}
[2026-09-24 16:45:46] TX Puente HTTP/REST (sensor de campo -> Central) -> {"puertaAbierta": false, "eventosAcceso": 0, "tempPuerta": 24.03, "tsDispositivo": "2026-09-24T21:45:46+00:00"}
[2026-09-24 16:47:46] TX Puente HTTP/REST (sensor de campo -> Central) -> {"puertaAbierta": false, "eventosAcceso": 0, "tempPuerta": 23.55, "tsDispositivo": "2026-09-24T21:47:45+00:00"}
[2026-09-24 16:47:46] TX Puente HTTP/REST (sensor de campo -> Central) -> {"puertaAbierta": false, "eventosAcceso": 0, "tempPuerta": 23.64, "tsDispositivo": "2026-09-24T21:47:46+00:00"}
[2026-09-24 16:49:46] TX Puente HTTP/REST (sensor de campo -> Central) -> {"puertaAbierta": true, "eventosAcceso": 1, "tempPuerta": 24.18, "tsDispositivo": "2026-09-24T21:49:46+00:00"}
[2026-09-24 16:49:46] TX Puente HTTP/REST (sensor de campo -> Central) -> {"puertaAbierta": false, "eventosAcceso": 0, "tempPuerta": 23.91, "tsDispositivo": "2026-09-24T21:49:46+00:00"}
[2026-09-24 16:51:46] TX Puente HTTP/REST (sensor de campo -> Central) -> {"puertaAbierta": false, "eventosAcceso": 1, "tempPuerta": 23.9, "tsDispositivo": "2026-09-24T21:51:46+00:00"}
[2026-09-24 16:51:46] TX Puente HTTP/REST (sensor de campo -> Central) -> {"puertaAbierta": false, "eventosAcceso": 0, "tempPuerta": 24.19, "tsDispositivo": "2026-09-24T21:51:46+00:00"}
[2026-09-24 16:53:46] TX Puente HTTP/REST (sensor de campo -> Central) -> {"puertaAbierta": false, "eventosAcceso": 1, "tempPuerta": 23.86, "tsDispositivo": "2026-09-24T21:53:46+00:00"}
[2026-09-24 16:53:47] TX Puente HTTP/REST (sensor de campo -> Central) -> {"puertaAbierta": false, "eventosAcceso": 0, "tempPuerta": 23.88, "tsDispositivo": "2026-09-24T21:53:46+00:00"}
[2026-09-24 16:55:46] TX Puente HTTP/REST (sensor de campo -> Central) -> {"puertaAbierta": false, "eventosAcceso": 1, "tempPuerta": 23.53, "tsDispositivo": "2026-09-24T21:55:46+00:00"}
[2026-09-24 16:55:47] TX Puente HTTP/REST (sensor de campo -> Central) -> {"puertaAbierta": true, "eventosAcceso": 1, "tempPuerta": 23.7, "tsDispositivo": "2026-09-24T21:55:47+00:00"}
[2026-09-24 16:57:47] TX Puente HTTP/REST (sensor de campo -> Central) -> {"puertaAbierta": false, "eventosAcceso": 1, "tempPuerta": 23.92, "tsDispositivo": "2026-09-24T21:57:46+00:00"}
[2026-09-24 16:57:47] TX Puente HTTP/REST (sensor de campo -> Central) -> {"puertaAbierta": false, "eventosAcceso": 1, "tempPuerta": 23.46, "tsDispositivo": "2026-09-24T21:57:47+00:00"}
[2026-09-24 16:59:47] TX Puente HTTP/REST (sensor de campo -> Central) -> {"puertaAbierta": false, "eventosAcceso": 1, "tempPuerta": 23.39, "tsDispositivo": "2026-09-24T21:59:47+00:00"}
[2026-09-24 16:59:47] TX Puente HTTP/REST (sensor de campo -> Central) -> {"puertaAbierta": false, "eventosAcceso": 1, "tempPuerta": 24.17, "tsDispositivo": "2026-09-24T21:59:47+00:00"}
[2026-09-24 17:01:47] TX Puente HTTP/REST (sensor de campo -> Central) -> {"puertaAbierta": false, "eventosAcceso": 1, "tempPuerta": 23.8, "tsDispositivo": "2026-09-24T22:01:47+00:00"}
[2026-09-24 17:01:47] TX Puente HTTP/REST (sensor de campo -> Central) -> {"puertaAbierta": true, "eventosAcceso": 2, "tempPuerta": 23.73, "tsDispositivo": "2026-09-24T22:01:47+00:00"}
[2026-09-24 17:03:47] TX Puente HTTP/REST (sensor de campo -> Central) -> {"puertaAbierta": false, "eventosAcceso": 1, "tempPuerta": 23.78, "tsDispositivo": "2026-09-24T22:03:47+00:00"}
[2026-09-24 17:03:48] TX Puente HTTP/REST (sensor de campo -> Central) -> {"puertaAbierta": false, "eventosAcceso": 2, "tempPuerta": 23.99, "tsDispositivo": "2026-09-24T22:03:47+00:00"}
[2026-09-24 17:05:48] TX Puente HTTP/REST (sensor de campo -> Central) -> {"puertaAbierta": false, "eventosAcceso": 1, "tempPuerta": 23.8, "tsDispositivo": "2026-09-24T22:05:47+00:00"}
[2026-09-24 17:05:48] TX Puente HTTP/REST (sensor de campo -> Central) -> {"puertaAbierta": false, "eventosAcceso": 2, "tempPuerta": 23.59, "tsDispositivo": "2026-09-24T22:05:48+00:00"}
[2026-09-24 17:07:48] TX Puente HTTP/REST (sensor de campo -> Central) -> {"puertaAbierta": false, "eventosAcceso": 1, "tempPuerta": 23.77, "tsDispositivo": "2026-09-24T22:07:48+00:00"}
[2026-09-24 17:07:48] TX Puente HTTP/REST (sensor de campo -> Central) -> {"puertaAbierta": false, "eventosAcceso": 2, "tempPuerta": 23.85, "tsDispositivo": "2026-09-24T22:07:48+00:00"}
[2026-09-24 17:09:48] TX Puente HTTP/REST (sensor de campo -> Central) -> {"puertaAbierta": false, "eventosAcceso": 1, "tempPuerta": 24.03, "tsDispositivo": "2026-09-24T22:09:48+00:00"}
[2026-09-24 17:09:48] TX Puente HTTP/REST (sensor de campo -> Central) -> {"puertaAbierta": false, "eventosAcceso": 2, "tempPuerta": 23.61, "tsDispositivo": "2026-09-24T22:09:48+00:00"}
[2026-09-24 17:11:48] TX Puente HTTP/REST (sensor de campo -> Central) -> {"puertaAbierta": false, "eventosAcceso": 1, "tempPuerta": 23.76, "tsDispositivo": "2026-09-24T22:11:48+00:00"}
[2026-09-24 17:11:49] TX Puente HTTP/REST (sensor de campo -> Central) -> {"puertaAbierta": false, "eventosAcceso": 2, "tempPuerta": 24.07, "tsDispositivo": "2026-09-24T22:11:48+00:00"}
[2026-09-24 17:13:48] TX Puente HTTP/REST (sensor de campo -> Central) -> {"puertaAbierta": false, "eventosAcceso": 1, "tempPuerta": 23.69, "tsDispositivo": "2026-09-24T22:13:48+00:00"}
[2026-09-24 17:13:49] TX Puente HTTP/REST (sensor de campo -> Central) -> {"puertaAbierta": false, "eventosAcceso": 2, "tempPuerta": 23.94, "tsDispositivo": "2026-09-24T22:13:49+00:00"}
[2026-09-24 17:15:49] TX Puente HTTP/REST (sensor de campo -> Central) -> {"puertaAbierta": false, "eventosAcceso": 1, "tempPuerta": 23.73, "tsDispositivo": "2026-09-24T22:15:48+00:00"}
[2026-09-24 17:15:49] TX Puente HTTP/REST (sensor de campo -> Central) -> {"puertaAbierta": false, "eventosAcceso": 2, "tempPuerta": 23.83, "tsDispositivo": "2026-09-24T22:15:49+00:00"}
[2026-09-24 17:17:49] TX Puente HTTP/REST (sensor de campo -> Central) -> {"puertaAbierta": false, "eventosAcceso": 1, "tempPuerta": 23.92, "tsDispositivo": "2026-09-24T22:17:49+00:00"}
[2026-09-24 17:17:49] TX Puente HTTP/REST (sensor de campo -> Central) -> {"puertaAbierta": false, "eventosAcceso": 2, "tempPuerta": 23.38, "tsDispositivo": "2026-09-24T22:17:49+00:00"}
[2026-09-24 17:19:49] TX Puente HTTP/REST (sensor de campo -> Central) -> {"puertaAbierta": false, "eventosAcceso": 1, "tempPuerta": 23.97, "tsDispositivo": "2026-09-24T22:19:49+00:00"}
[2026-09-24 17:19:49] TX Puente HTTP/REST (sensor de campo -> Central) -> {"puertaAbierta": false, "eventosAcceso": 2, "tempPuerta": 23.76, "tsDispositivo": "2026-09-24T22:19:49+00:00"}
[2026-09-24 17:21:49] TX Puente HTTP/REST (sensor de campo -> Central) -> {"puertaAbierta": true, "eventosAcceso": 2, "tempPuerta": 23.47, "tsDispositivo": "2026-09-24T22:21:49+00:00"}
[2026-09-24 17:21:50] TX Puente HTTP/REST (sensor de campo -> Central) -> {"puertaAbierta": false, "eventosAcceso": 2, "tempPuerta": 23.98, "tsDispositivo": "2026-09-24T22:21:49+00:00"}
[2026-09-24 17:23:49] TX Puente HTTP/REST (sensor de campo -> Central) -> {"puertaAbierta": true, "eventosAcceso": 3, "tempPuerta": 23.4, "tsDispositivo": "2026-09-24T22:23:49+00:00"}
[2026-09-24 17:23:50] TX Puente HTTP/REST (sensor de campo -> Central) -> {"puertaAbierta": false, "eventosAcceso": 2, "tempPuerta": 24.01, "tsDispositivo": "2026-09-24T22:23:50+00:00"}
[2026-09-24 17:25:50] TX Puente HTTP/REST (sensor de campo -> Central) -> {"puertaAbierta": false, "eventosAcceso": 3, "tempPuerta": 23.95, "tsDispositivo": "2026-09-24T22:25:49+00:00"}
[2026-09-24 17:25:50] TX Puente HTTP/REST (sensor de campo -> Central) -> {"puertaAbierta": false, "eventosAcceso": 2, "tempPuerta": 23.75, "tsDispositivo": "2026-09-24T22:25:50+00:00"}
[2026-09-24 17:27:50] TX Puente HTTP/REST (sensor de campo -> Central) -> {"puertaAbierta": false, "eventosAcceso": 3, "tempPuerta": 23.54, "tsDispositivo": "2026-09-24T22:27:50+00:00"}
[2026-09-24 17:27:50] TX Puente HTTP/REST (sensor de campo -> Central) -> {"puertaAbierta": false, "eventosAcceso": 2, "tempPuerta": 24.05, "tsDispositivo": "2026-09-24T22:27:50+00:00"}
[2026-09-24 17:29:50] TX Puente HTTP/REST (sensor de campo -> Central) -> {"puertaAbierta": false, "eventosAcceso": 3, "tempPuerta": 23.81, "tsDispositivo": "2026-09-24T22:29:50+00:00"}
[2026-09-24 17:29:50] TX Puente HTTP/REST (sensor de campo -> Central) -> {"puertaAbierta": false, "eventosAcceso": 2, "tempPuerta": 23.91, "tsDispositivo": "2026-09-24T22:29:50+00:00"}
[2026-09-24 17:31:50] TX Puente HTTP/REST (sensor de campo -> Central) -> {"puertaAbierta": false, "eventosAcceso": 3, "tempPuerta": 24.0, "tsDispositivo": "2026-09-24T22:31:50+00:00"}
[2026-09-24 17:31:51] TX Puente HTTP/REST (sensor de campo -> Central) -> {"puertaAbierta": false, "eventosAcceso": 2, "tempPuerta": 23.51, "tsDispositivo": "2026-09-24T22:31:50+00:00"}
[2026-09-24 17:33:50] TX Puente HTTP/REST (sensor de campo -> Central) -> {"puertaAbierta": false, "eventosAcceso": 3, "tempPuerta": 23.73, "tsDispositivo": "2026-09-24T22:33:50+00:00"}
[2026-09-24 17:33:51] TX Puente HTTP/REST (sensor de campo -> Central) -> {"puertaAbierta": false, "eventosAcceso": 2, "tempPuerta": 24.04, "tsDispositivo": "2026-09-24T22:33:51+00:00"}
[2026-09-24 17:35:51] TX Puente HTTP/REST (sensor de campo -> Central) -> {"puertaAbierta": false, "eventosAcceso": 3, "tempPuerta": 23.66, "tsDispositivo": "2026-09-24T22:35:50+00:00"}
[2026-09-24 17:35:51] TX Puente HTTP/REST (sensor de campo -> Central) -> {"puertaAbierta": false, "eventosAcceso": 2, "tempPuerta": 23.31, "tsDispositivo": "2026-09-24T22:35:51+00:00"}
[2026-09-24 17:37:51] TX Puente HTTP/REST (sensor de campo -> Central) -> {"puertaAbierta": false, "eventosAcceso": 3, "tempPuerta": 23.66, "tsDispositivo": "2026-09-24T22:37:51+00:00"}
[2026-09-24 17:37:51] TX Puente HTTP/REST (sensor de campo -> Central) -> {"puertaAbierta": false, "eventosAcceso": 2, "tempPuerta": 23.27, "tsDispositivo": "2026-09-24T22:37:51+00:00"}
[2026-09-24 17:39:51] TX Puente HTTP/REST (sensor de campo -> Central) -> {"puertaAbierta": false, "eventosAcceso": 3, "tempPuerta": 23.94, "tsDispositivo": "2026-09-24T22:39:51+00:00"}
[2026-09-24 17:39:52] TX Puente HTTP/REST (sensor de campo -> Central) -> {"puertaAbierta": true, "eventosAcceso": 3, "tempPuerta": 24.01, "tsDispositivo": "2026-09-24T22:39:51+00:00"}
[2026-09-24 17:41:51] TX Puente HTTP/REST (sensor de campo -> Central) -> {"puertaAbierta": false, "eventosAcceso": 3, "tempPuerta": 23.49, "tsDispositivo": "2026-09-24T22:41:51+00:00"}
[2026-09-24 17:41:52] TX Puente HTTP/REST (sensor de campo -> Central) -> {"puertaAbierta": false, "eventosAcceso": 3, "tempPuerta": 23.85, "tsDispositivo": "2026-09-24T22:41:52+00:00"}
[2026-09-24 17:43:51] TX Puente HTTP/REST (sensor de campo -> Central) -> {"puertaAbierta": false, "eventosAcceso": 3, "tempPuerta": 23.46, "tsDispositivo": "2026-09-24T22:43:51+00:00"}
[2026-09-24 17:43:52] TX Puente HTTP/REST (sensor de campo -> Central) -> {"puertaAbierta": false, "eventosAcceso": 3, "tempPuerta": 23.44, "tsDispositivo": "2026-09-24T22:43:52+00:00"}
[2026-09-24 17:45:52] TX Puente HTTP/REST (sensor de campo -> Central) -> {"puertaAbierta": false, "eventosAcceso": 3, "tempPuerta": 23.94, "tsDispositivo": "2026-09-24T22:45:51+00:00"}
[2026-09-24 17:45:52] TX Puente HTTP/REST (sensor de campo -> Central) -> {"puertaAbierta": false, "eventosAcceso": 3, "tempPuerta": 23.8, "tsDispositivo": "2026-09-24T22:45:52+00:00"}
[2026-09-24 17:47:52] TX Puente HTTP/REST (sensor de campo -> Central) -> {"puertaAbierta": false, "eventosAcceso": 3, "tempPuerta": 23.29, "tsDispositivo": "2026-09-24T22:47:52+00:00"}
[2026-09-24 17:47:52] TX Puente HTTP/REST (sensor de campo -> Central) -> {"puertaAbierta": true, "eventosAcceso": 4, "tempPuerta": 23.49, "tsDispositivo": "2026-09-24T22:47:52+00:00"}
[2026-09-24 17:49:52] TX Puente HTTP/REST (sensor de campo -> Central) -> {"puertaAbierta": false, "eventosAcceso": 3, "tempPuerta": 23.35, "tsDispositivo": "2026-09-24T22:49:52+00:00"}
[2026-09-24 17:49:53] TX Puente HTTP/REST (sensor de campo -> Central) -> {"puertaAbierta": true, "eventosAcceso": 5, "tempPuerta": 23.57, "tsDispositivo": "2026-09-24T22:49:52+00:00"}
[2026-09-24 17:51:52] TX Puente HTTP/REST (sensor de campo -> Central) -> {"puertaAbierta": false, "eventosAcceso": 3, "tempPuerta": 23.96, "tsDispositivo": "2026-09-24T22:51:52+00:00"}
[2026-09-24 17:51:53] TX Puente HTTP/REST (sensor de campo -> Central) -> {"puertaAbierta": false, "eventosAcceso": 5, "tempPuerta": 23.8, "tsDispositivo": "2026-09-24T22:51:53+00:00"}
[2026-09-24 17:53:52] TX Puente HTTP/REST (sensor de campo -> Central) -> {"puertaAbierta": false, "eventosAcceso": 3, "tempPuerta": 23.24, "tsDispositivo": "2026-09-24T22:53:52+00:00"}
[2026-09-24 17:53:53] TX Puente HTTP/REST (sensor de campo -> Central) -> {"puertaAbierta": true, "eventosAcceso": 6, "tempPuerta": 23.69, "tsDispositivo": "2026-09-24T22:53:53+00:00"}
[2026-09-24 17:55:53] TX Puente HTTP/REST (sensor de campo -> Central) -> {"puertaAbierta": false, "eventosAcceso": 3, "tempPuerta": 23.58, "tsDispositivo": "2026-09-24T22:55:52+00:00"}
[2026-09-24 17:55:53] TX Puente HTTP/REST (sensor de campo -> Central) -> {"puertaAbierta": false, "eventosAcceso": 6, "tempPuerta": 23.53, "tsDispositivo": "2026-09-24T22:55:53+00:00"}
[2026-09-24 17:57:53] TX Puente HTTP/REST (sensor de campo -> Central) -> {"puertaAbierta": false, "eventosAcceso": 3, "tempPuerta": 23.85, "tsDispositivo": "2026-09-24T22:57:53+00:00"}
[2026-09-24 17:57:53] TX Puente HTTP/REST (sensor de campo -> Central) -> {"puertaAbierta": false, "eventosAcceso": 6, "tempPuerta": 23.31, "tsDispositivo": "2026-09-24T22:57:53+00:00"}
[2026-09-24 17:59:53] TX Puente HTTP/REST (sensor de campo -> Central) -> {"puertaAbierta": false, "eventosAcceso": 3, "tempPuerta": 23.59, "tsDispositivo": "2026-09-24T22:59:53+00:00"}
[2026-09-24 17:59:54] TX Puente HTTP/REST (sensor de campo -> Central) -> {"puertaAbierta": false, "eventosAcceso": 6, "tempPuerta": 23.27, "tsDispositivo": "2026-09-24T22:59:53+00:00"}
[2026-09-24 18:01:53] TX Puente HTTP/REST (sensor de campo -> Central) -> {"puertaAbierta": false, "eventosAcceso": 3, "tempPuerta": 23.19, "tsDispositivo": "2026-09-24T23:01:53+00:00"}
[2026-09-24 18:01:54] TX Puente HTTP/REST (sensor de campo -> Central) -> {"puertaAbierta": false, "eventosAcceso": 6, "tempPuerta": 23.77, "tsDispositivo": "2026-09-24T23:01:54+00:00"}
[2026-09-24 18:03:53] TX Puente HTTP/REST (sensor de campo -> Central) -> {"puertaAbierta": false, "eventosAcceso": 3, "tempPuerta": 23.45, "tsDispositivo": "2026-09-24T23:03:53+00:00"}
[2026-09-24 18:03:54] TX Puente HTTP/REST (sensor de campo -> Central) -> {"puertaAbierta": true, "eventosAcceso": 7, "tempPuerta": 23.32, "tsDispositivo": "2026-09-24T23:03:54+00:00"}
[2026-09-24 18:05:54] TX Puente HTTP/REST (sensor de campo -> Central) -> {"puertaAbierta": false, "eventosAcceso": 3, "tempPuerta": 23.71, "tsDispositivo": "2026-09-24T23:05:53+00:00"}
[2026-09-24 18:05:54] TX Puente HTTP/REST (sensor de campo -> Central) -> {"puertaAbierta": false, "eventosAcceso": 7, "tempPuerta": 23.36, "tsDispositivo": "2026-09-24T23:05:54+00:00"}
[2026-09-24 18:07:54] TX Puente HTTP/REST (sensor de campo -> Central) -> {"puertaAbierta": false, "eventosAcceso": 3, "tempPuerta": 23.16, "tsDispositivo": "2026-09-24T23:07:54+00:00"}
[2026-09-24 18:07:55] TX Puente HTTP/REST (sensor de campo -> Central) -> {"puertaAbierta": false, "eventosAcceso": 7, "tempPuerta": 23.78, "tsDispositivo": "2026-09-24T23:07:54+00:00"}
[2026-09-24 18:09:54] TX Puente HTTP/REST (sensor de campo -> Central) -> {"puertaAbierta": false, "eventosAcceso": 3, "tempPuerta": 23.59, "tsDispositivo": "2026-09-24T23:09:54+00:00"}
[2026-09-24 18:09:55] TX Puente HTTP/REST (sensor de campo -> Central) -> {"puertaAbierta": false, "eventosAcceso": 7, "tempPuerta": 23.75, "tsDispositivo": "2026-09-24T23:09:55+00:00"}
[2026-09-24 18:11:54] TX Puente HTTP/REST (sensor de campo -> Central) -> {"puertaAbierta": false, "eventosAcceso": 3, "tempPuerta": 23.39, "tsDispositivo": "2026-09-24T23:11:54+00:00"}
[2026-09-24 18:11:55] TX Puente HTTP/REST (sensor de campo -> Central) -> {"puertaAbierta": false, "eventosAcceso": 7, "tempPuerta": 23.7, "tsDispositivo": "2026-09-24T23:11:55+00:00"}
[2026-09-24 18:13:55] TX Puente HTTP/REST (sensor de campo -> Central) -> {"puertaAbierta": false, "eventosAcceso": 3, "tempPuerta": 23.73, "tsDispositivo": "2026-09-24T23:13:54+00:00"}
[2026-09-24 18:13:55] TX Puente HTTP/REST (sensor de campo -> Central) -> {"puertaAbierta": false, "eventosAcceso": 7, "tempPuerta": 23.47, "tsDispositivo": "2026-09-24T23:13:55+00:00"}
[2026-09-24 18:15:55] TX Puente HTTP/REST (sensor de campo -> Central) -> {"puertaAbierta": false, "eventosAcceso": 3, "tempPuerta": 23.15, "tsDispositivo": "2026-09-24T23:15:55+00:00"}
[2026-09-24 18:15:55] TX Puente HTTP/REST (sensor de campo -> Central) -> {"puertaAbierta": true, "eventosAcceso": 8, "tempPuerta": 23.56, "tsDispositivo": "2026-09-24T23:15:55+00:00"}
[2026-09-24 18:17:55] TX Puente HTTP/REST (sensor de campo -> Central) -> {"puertaAbierta": false, "eventosAcceso": 3, "tempPuerta": 23.39, "tsDispositivo": "2026-09-24T23:17:55+00:00"}
[2026-09-24 18:17:56] TX Puente HTTP/REST (sensor de campo -> Central) -> {"puertaAbierta": true, "eventosAcceso": 9, "tempPuerta": 23.21, "tsDispositivo": "2026-09-24T23:17:55+00:00"}
[2026-09-24 18:19:55] TX Puente HTTP/REST (sensor de campo -> Central) -> {"puertaAbierta": false, "eventosAcceso": 3, "tempPuerta": 23.18, "tsDispositivo": "2026-09-24T23:19:55+00:00"}
[2026-09-24 18:19:56] TX Puente HTTP/REST (sensor de campo -> Central) -> {"puertaAbierta": true, "eventosAcceso": 10, "tempPuerta": 23.26, "tsDispositivo": "2026-09-24T23:19:56+00:00"}
[2026-09-24 18:21:55] TX Puente HTTP/REST (sensor de campo -> Central) -> {"puertaAbierta": true, "eventosAcceso": 4, "tempPuerta": 23.32, "tsDispositivo": "2026-09-24T23:21:55+00:00"}
[2026-09-24 18:21:56] TX Puente HTTP/REST (sensor de campo -> Central) -> {"puertaAbierta": false, "eventosAcceso": 10, "tempPuerta": 23.58, "tsDispositivo": "2026-09-24T23:21:56+00:00"}
[2026-09-24 18:23:56] TX Puente HTTP/REST (sensor de campo -> Central) -> {"puertaAbierta": false, "eventosAcceso": 4, "tempPuerta": 23.63, "tsDispositivo": "2026-09-24T23:23:55+00:00"}
[2026-09-24 18:23:56] TX Puente HTTP/REST (sensor de campo -> Central) -> {"puertaAbierta": false, "eventosAcceso": 10, "tempPuerta": 23.54, "tsDispositivo": "2026-09-24T23:23:56+00:00"}
[2026-09-24 18:25:56] TX Puente HTTP/REST (sensor de campo -> Central) -> {"puertaAbierta": false, "eventosAcceso": 4, "tempPuerta": 23.12, "tsDispositivo": "2026-09-24T23:25:56+00:00"}
[2026-09-24 18:25:57] TX Puente HTTP/REST (sensor de campo -> Central) -> {"puertaAbierta": false, "eventosAcceso": 10, "tempPuerta": 23.22, "tsDispositivo": "2026-09-24T23:25:56+00:00"}
[2026-09-24 18:27:56] TX Puente HTTP/REST (sensor de campo -> Central) -> {"puertaAbierta": false, "eventosAcceso": 4, "tempPuerta": 23.46, "tsDispositivo": "2026-09-24T23:27:56+00:00"}
[2026-09-24 18:27:57] TX Puente HTTP/REST (sensor de campo -> Central) -> {"puertaAbierta": false, "eventosAcceso": 10, "tempPuerta": 23.59, "tsDispositivo": "2026-09-24T23:27:57+00:00"}
[2026-09-24 18:29:56] TX Puente HTTP/REST (sensor de campo -> Central) -> {"puertaAbierta": false, "eventosAcceso": 4, "tempPuerta": 23.49, "tsDispositivo": "2026-09-24T23:29:56+00:00"}
[2026-09-24 18:29:57] TX Puente HTTP/REST (sensor de campo -> Central) -> {"puertaAbierta": false, "eventosAcceso": 10, "tempPuerta": 23.44, "tsDispositivo": "2026-09-24T23:29:57+00:00"}
[2026-09-24 18:31:56] TX Puente HTTP/REST (sensor de campo -> Central) -> {"puertaAbierta": false, "eventosAcceso": 4, "tempPuerta": 23.06, "tsDispositivo": "2026-09-24T23:31:56+00:00"}
[2026-09-24 18:31:57] TX Puente HTTP/REST (sensor de campo -> Central) -> {"puertaAbierta": false, "eventosAcceso": 10, "tempPuerta": 23.68, "tsDispositivo": "2026-09-24T23:31:57+00:00"}
[2026-09-24 18:33:57] TX Puente HTTP/REST (sensor de campo -> Central) -> {"puertaAbierta": false, "eventosAcceso": 4, "tempPuerta": 23.59, "tsDispositivo": "2026-09-24T23:33:56+00:00"}
[2026-09-24 18:33:57] TX Puente HTTP/REST (sensor de campo -> Central) -> {"puertaAbierta": false, "eventosAcceso": 10, "tempPuerta": 23.68, "tsDispositivo": "2026-09-24T23:33:57+00:00"}
[2026-09-24 18:35:57] TX Puente HTTP/REST (sensor de campo -> Central) -> {"puertaAbierta": false, "eventosAcceso": 4, "tempPuerta": 23.06, "tsDispositivo": "2026-09-24T23:35:57+00:00"}
[2026-09-24 18:35:58] TX Puente HTTP/REST (sensor de campo -> Central) -> {"puertaAbierta": false, "eventosAcceso": 10, "tempPuerta": 23.72, "tsDispositivo": "2026-09-24T23:35:57+00:00"}
[2026-09-24 18:37:57] TX Puente HTTP/REST (sensor de campo -> Central) -> {"puertaAbierta": false, "eventosAcceso": 4, "tempPuerta": 22.96, "tsDispositivo": "2026-09-24T23:37:57+00:00"}
[2026-09-24 18:37:58] TX Puente HTTP/REST (sensor de campo -> Central) -> {"puertaAbierta": false, "eventosAcceso": 10, "tempPuerta": 23.56, "tsDispositivo": "2026-09-24T23:37:58+00:00"}
[2026-09-24 18:39:57] TX Puente HTTP/REST (sensor de campo -> Central) -> {"puertaAbierta": false, "eventosAcceso": 4, "tempPuerta": 23.14, "tsDispositivo": "2026-09-24T23:39:57+00:00"}
[2026-09-24 18:39:58] TX Puente HTTP/REST (sensor de campo -> Central) -> {"puertaAbierta": false, "eventosAcceso": 10, "tempPuerta": 23.36, "tsDispositivo": "2026-09-24T23:39:58+00:00"}
[2026-09-24 18:41:57] TX Puente HTTP/REST (sensor de campo -> Central) -> {"puertaAbierta": false, "eventosAcceso": 4, "tempPuerta": 22.99, "tsDispositivo": "2026-09-24T23:41:57+00:00"}
[2026-09-24 18:41:58] TX Puente HTTP/REST (sensor de campo -> Central) -> {"puertaAbierta": false, "eventosAcceso": 10, "tempPuerta": 23.28, "tsDispositivo": "2026-09-24T23:41:58+00:00"}
[2026-09-24 18:43:58] TX Puente HTTP/REST (sensor de campo -> Central) -> {"puertaAbierta": false, "eventosAcceso": 4, "tempPuerta": 23.43, "tsDispositivo": "2026-09-24T23:43:57+00:00"}
[2026-09-24 18:43:58] TX Puente HTTP/REST (sensor de campo -> Central) -> {"puertaAbierta": false, "eventosAcceso": 10, "tempPuerta": 23.34, "tsDispositivo": "2026-09-24T23:43:58+00:00"}
[2026-09-24 18:45:58] TX Puente HTTP/REST (sensor de campo -> Central) -> {"puertaAbierta": false, "eventosAcceso": 4, "tempPuerta": 22.92, "tsDispositivo": "2026-09-24T23:45:58+00:00"}
[2026-09-24 18:45:59] TX Puente HTTP/REST (sensor de campo -> Central) -> {"puertaAbierta": false, "eventosAcceso": 10, "tempPuerta": 23.26, "tsDispositivo": "2026-09-24T23:45:58+00:00"}
[2026-09-24 18:47:58] TX Puente HTTP/REST (sensor de campo -> Central) -> {"puertaAbierta": false, "eventosAcceso": 4, "tempPuerta": 23.65, "tsDispositivo": "2026-09-24T23:47:58+00:00"}
[2026-09-24 18:47:59] TX Puente HTTP/REST (sensor de campo -> Central) -> {"puertaAbierta": false, "eventosAcceso": 10, "tempPuerta": 23.6, "tsDispositivo": "2026-09-24T23:47:59+00:00"}
[2026-09-24 18:49:58] TX Puente HTTP/REST (sensor de campo -> Central) -> {"puertaAbierta": false, "eventosAcceso": 4, "tempPuerta": 23.54, "tsDispositivo": "2026-09-24T23:49:58+00:00"}
[2026-09-24 18:49:59] TX Puente HTTP/REST (sensor de campo -> Central) -> {"puertaAbierta": false, "eventosAcceso": 10, "tempPuerta": 23.32, "tsDispositivo": "2026-09-24T23:49:59+00:00"}
[2026-09-24 18:51:59] TX Puente HTTP/REST (sensor de campo -> Central) -> {"puertaAbierta": false, "eventosAcceso": 4, "tempPuerta": 23.63, "tsDispositivo": "2026-09-24T23:51:58+00:00"}
[2026-09-24 18:51:59] TX Puente HTTP/REST (sensor de campo -> Central) -> {"puertaAbierta": false, "eventosAcceso": 10, "tempPuerta": 22.96, "tsDispositivo": "2026-09-24T23:51:59+00:00"}
[2026-09-24 18:53:59] TX Puente HTTP/REST (sensor de campo -> Central) -> {"puertaAbierta": false, "eventosAcceso": 4, "tempPuerta": 23.25, "tsDispositivo": "2026-09-24T23:53:59+00:00"}
[2026-09-24 18:54:00] TX Puente HTTP/REST (sensor de campo -> Central) -> {"puertaAbierta": false, "eventosAcceso": 10, "tempPuerta": 23.03, "tsDispositivo": "2026-09-24T23:53:59+00:00"}
[2026-09-24 18:55:59] TX Puente HTTP/REST (sensor de campo -> Central) -> {"puertaAbierta": false, "eventosAcceso": 4, "tempPuerta": 23.16, "tsDispositivo": "2026-09-24T23:55:59+00:00"}
[2026-09-24 18:56:00] TX Puente HTTP/REST (sensor de campo -> Central) -> {"puertaAbierta": false, "eventosAcceso": 10, "tempPuerta": 23.09, "tsDispositivo": "2026-09-24T23:56:00+00:00"}
[2026-09-24 18:57:59] TX Puente HTTP/REST (sensor de campo -> Central) -> {"puertaAbierta": false, "eventosAcceso": 4, "tempPuerta": 23.52, "tsDispositivo": "2026-09-24T23:57:59+00:00"}
[2026-09-24 18:58:00] TX Puente HTTP/REST (sensor de campo -> Central) -> {"puertaAbierta": false, "eventosAcceso": 10, "tempPuerta": 23.32, "tsDispositivo": "2026-09-24T23:58:00+00:00"}
[2026-09-24 19:00:00] TX Puente HTTP/REST (sensor de campo -> Central) -> {"puertaAbierta": false, "eventosAcceso": 4, "tempPuerta": 23.34, "tsDispositivo": "2026-09-24T23:59:59+00:00"}
[2026-09-24 19:00:00] TX Puente HTTP/REST (sensor de campo -> Central) -> {"puertaAbierta": false, "eventosAcceso": 10, "tempPuerta": 23.42, "tsDispositivo": "2026-09-25T00:00:00+00:00"}
[2026-09-24 19:02:00] TX Puente HTTP/REST (sensor de campo -> Central) -> {"puertaAbierta": false, "eventosAcceso": 4, "tempPuerta": 22.87, "tsDispositivo": "2026-09-25T00:02:00+00:00"}
[2026-09-24 19:02:00] TX Puente HTTP/REST (sensor de campo -> Central) -> {"puertaAbierta": false, "eventosAcceso": 10, "tempPuerta": 23.37, "tsDispositivo": "2026-09-25T00:02:00+00:00"}
[2026-09-24 19:04:00] TX Puente HTTP/REST (sensor de campo -> Central) -> {"puertaAbierta": false, "eventosAcceso": 4, "tempPuerta": 23.54, "tsDispositivo": "2026-09-25T00:04:00+00:00"}
[2026-09-24 19:04:01] TX Puente HTTP/REST (sensor de campo -> Central) -> {"puertaAbierta": false, "eventosAcceso": 10, "tempPuerta": 23.56, "tsDispositivo": "2026-09-25T00:04:00+00:00"}
[2026-09-24 19:06:00] TX Puente HTTP/REST (sensor de campo -> Central) -> {"puertaAbierta": false, "eventosAcceso": 4, "tempPuerta": 23.41, "tsDispositivo": "2026-09-25T00:06:00+00:00"}
[2026-09-24 19:06:01] TX Puente HTTP/REST (sensor de campo -> Central) -> {"puertaAbierta": false, "eventosAcceso": 10, "tempPuerta": 23.01, "tsDispositivo": "2026-09-25T00:06:01+00:00"}
[2026-09-24 19:08:00] TX Puente HTTP/REST (sensor de campo -> Central) -> {"puertaAbierta": false, "eventosAcceso": 4, "tempPuerta": 23.2, "tsDispositivo": "2026-09-25T00:08:00+00:00"}
[2026-09-24 19:08:01] TX Puente HTTP/REST (sensor de campo -> Central) -> {"puertaAbierta": false, "eventosAcceso": 10, "tempPuerta": 23.38, "tsDispositivo": "2026-09-25T00:08:01+00:00"}
[2026-09-24 19:10:01] TX Puente HTTP/REST (sensor de campo -> Central) -> {"puertaAbierta": false, "eventosAcceso": 4, "tempPuerta": 22.8, "tsDispositivo": "2026-09-25T00:10:00+00:00"}
[2026-09-24 19:10:01] TX Puente HTTP/REST (sensor de campo -> Central) -> {"puertaAbierta": false, "eventosAcceso": 10, "tempPuerta": 23.32, "tsDispositivo": "2026-09-25T00:10:01+00:00"}
[2026-09-24 19:12:01] TX Puente HTTP/REST (sensor de campo -> Central) -> {"puertaAbierta": false, "eventosAcceso": 4, "tempPuerta": 23.08, "tsDispositivo": "2026-09-25T00:12:01+00:00"}
[2026-09-24 19:12:01] TX Puente HTTP/REST (sensor de campo -> Central) -> {"puertaAbierta": false, "eventosAcceso": 10, "tempPuerta": 22.83, "tsDispositivo": "2026-09-25T00:12:01+00:00"}
[2026-09-24 19:14:01] TX Puente HTTP/REST (sensor de campo -> Central) -> {"puertaAbierta": false, "eventosAcceso": 4, "tempPuerta": 23.03, "tsDispositivo": "2026-09-25T00:14:01+00:00"}
[2026-09-24 19:14:02] TX Puente HTTP/REST (sensor de campo -> Central) -> {"puertaAbierta": false, "eventosAcceso": 10, "tempPuerta": 23.26, "tsDispositivo": "2026-09-25T00:14:01+00:00"}
[2026-09-24 19:16:01] TX Puente HTTP/REST (sensor de campo -> Central) -> {"puertaAbierta": false, "eventosAcceso": 4, "tempPuerta": 23.39, "tsDispositivo": "2026-09-25T00:16:01+00:00"}
[2026-09-24 19:16:02] TX Puente HTTP/REST (sensor de campo -> Central) -> {"puertaAbierta": false, "eventosAcceso": 10, "tempPuerta": 23.41, "tsDispositivo": "2026-09-25T00:16:02+00:00"}
[2026-09-24 19:18:01] TX Puente HTTP/REST (sensor de campo -> Central) -> {"puertaAbierta": false, "eventosAcceso": 4, "tempPuerta": 23.47, "tsDispositivo": "2026-09-25T00:18:01+00:00"}
[2026-09-24 19:18:02] TX Puente HTTP/REST (sensor de campo -> Central) -> {"puertaAbierta": false, "eventosAcceso": 10, "tempPuerta": 23.36, "tsDispositivo": "2026-09-25T00:18:02+00:00"}
[2026-09-24 19:20:02] TX Puente HTTP/REST (sensor de campo -> Central) -> {"puertaAbierta": false, "eventosAcceso": 4, "tempPuerta": 22.79, "tsDispositivo": "2026-09-25T00:20:01+00:00"}
[2026-09-24 19:20:02] TX Puente HTTP/REST (sensor de campo -> Central) -> {"puertaAbierta": false, "eventosAcceso": 10, "tempPuerta": 22.9, "tsDispositivo": "2026-09-25T00:20:02+00:00"}
[2026-09-24 19:22:02] TX Puente HTTP/REST (sensor de campo -> Central) -> {"puertaAbierta": false, "eventosAcceso": 4, "tempPuerta": 23.35, "tsDispositivo": "2026-09-25T00:22:02+00:00"}
[2026-09-24 19:22:03] TX Puente HTTP/REST (sensor de campo -> Central) -> {"puertaAbierta": false, "eventosAcceso": 10, "tempPuerta": 23.05, "tsDispositivo": "2026-09-25T00:22:02+00:00"}
[2026-09-24 19:24:02] TX Puente HTTP/REST (sensor de campo -> Central) -> {"puertaAbierta": false, "eventosAcceso": 4, "tempPuerta": 22.83, "tsDispositivo": "2026-09-25T00:24:02+00:00"}
[2026-09-24 19:24:03] TX Puente HTTP/REST (sensor de campo -> Central) -> {"puertaAbierta": false, "eventosAcceso": 10, "tempPuerta": 22.93, "tsDispositivo": "2026-09-25T00:24:03+00:00"}
[2026-09-24 19:26:02] TX Puente HTTP/REST (sensor de campo -> Central) -> {"puertaAbierta": false, "eventosAcceso": 4, "tempPuerta": 22.97, "tsDispositivo": "2026-09-25T00:26:02+00:00"}
[2026-09-24 19:26:03] TX Puente HTTP/REST (sensor de campo -> Central) -> {"puertaAbierta": false, "eventosAcceso": 10, "tempPuerta": 23.23, "tsDispositivo": "2026-09-25T00:26:03+00:00"}
[2026-09-24 19:28:03] TX Puente HTTP/REST (sensor de campo -> Central) -> {"puertaAbierta": false, "eventosAcceso": 4, "tempPuerta": 22.81, "tsDispositivo": "2026-09-25T00:28:02+00:00"}
[2026-09-24 19:28:03] TX Puente HTTP/REST (sensor de campo -> Central) -> {"puertaAbierta": false, "eventosAcceso": 10, "tempPuerta": 22.77, "tsDispositivo": "2026-09-25T00:28:03+00:00"}
[2026-09-24 19:30:03] TX Puente HTTP/REST (sensor de campo -> Central) -> {"puertaAbierta": false, "eventosAcceso": 4, "tempPuerta": 22.93, "tsDispositivo": "2026-09-25T00:30:03+00:00"}
[2026-09-24 19:30:03] TX Puente HTTP/REST (sensor de campo -> Central) -> {"puertaAbierta": false, "eventosAcceso": 10, "tempPuerta": 22.81, "tsDispositivo": "2026-09-25T00:30:03+00:00"}
[2026-09-24 19:32:03] TX Puente HTTP/REST (sensor de campo -> Central) -> {"puertaAbierta": false, "eventosAcceso": 4, "tempPuerta": 23.17, "tsDispositivo": "2026-09-25T00:32:03+00:00"}
[2026-09-24 19:32:04] TX Puente HTTP/REST (sensor de campo -> Central) -> {"puertaAbierta": false, "eventosAcceso": 10, "tempPuerta": 23.3, "tsDispositivo": "2026-09-25T00:32:03+00:00"}
[2026-09-24 19:34:03] TX Puente HTTP/REST (sensor de campo -> Central) -> {"puertaAbierta": false, "eventosAcceso": 4, "tempPuerta": 23.09, "tsDispositivo": "2026-09-25T00:34:03+00:00"}
[2026-09-24 19:34:04] TX Puente HTTP/REST (sensor de campo -> Central) -> {"puertaAbierta": false, "eventosAcceso": 10, "tempPuerta": 22.97, "tsDispositivo": "2026-09-25T00:34:04+00:00"}
[2026-09-24 19:36:03] TX Puente HTTP/REST (sensor de campo -> Central) -> {"puertaAbierta": false, "eventosAcceso": 4, "tempPuerta": 22.66, "tsDispositivo": "2026-09-25T00:36:03+00:00"}
[2026-09-24 19:36:04] TX Puente HTTP/REST (sensor de campo -> Central) -> {"puertaAbierta": false, "eventosAcceso": 10, "tempPuerta": 22.63, "tsDispositivo": "2026-09-25T00:36:04+00:00"}
[2026-09-24 19:38:04] TX Puente HTTP/REST (sensor de campo -> Central) -> {"puertaAbierta": false, "eventosAcceso": 4, "tempPuerta": 22.73, "tsDispositivo": "2026-09-25T00:38:03+00:00"}
[2026-09-24 19:38:04] TX Puente HTTP/REST (sensor de campo -> Central) -> {"puertaAbierta": false, "eventosAcceso": 10, "tempPuerta": 22.57, "tsDispositivo": "2026-09-25T00:38:04+00:00"}
[2026-09-24 19:40:04] TX Puente HTTP/REST (sensor de campo -> Central) -> {"puertaAbierta": false, "eventosAcceso": 4, "tempPuerta": 22.68, "tsDispositivo": "2026-09-25T00:40:04+00:00"}
[2026-09-24 19:40:05] TX Puente HTTP/REST (sensor de campo -> Central) -> {"puertaAbierta": false, "eventosAcceso": 10, "tempPuerta": 23.02, "tsDispositivo": "2026-09-25T00:40:04+00:00"}
[2026-09-24 19:42:04] TX Puente HTTP/REST (sensor de campo -> Central) -> {"puertaAbierta": false, "eventosAcceso": 4, "tempPuerta": 23.03, "tsDispositivo": "2026-09-25T00:42:04+00:00"}
[2026-09-24 19:42:05] TX Puente HTTP/REST (sensor de campo -> Central) -> {"puertaAbierta": false, "eventosAcceso": 10, "tempPuerta": 22.54, "tsDispositivo": "2026-09-25T00:42:05+00:00"}
[2026-09-24 19:44:11] TX Puente HTTP/REST (sensor de campo -> Central) -> {"puertaAbierta": false, "eventosAcceso": 4, "tempPuerta": 22.92, "tsDispositivo": "2026-09-25T00:44:06+00:00"}
[2026-09-24 19:44:13] TX Puente HTTP/REST (sensor de campo -> Central) -> {"puertaAbierta": false, "eventosAcceso": 10, "tempPuerta": 23.11, "tsDispositivo": "2026-09-25T00:44:11+00:00"}
[2026-09-24 19:46:12] TX Puente HTTP/REST (sensor de campo -> Central) -> {"puertaAbierta": false, "eventosAcceso": 4, "tempPuerta": 22.69, "tsDispositivo": "2026-09-25T00:46:11+00:00"}
[2026-09-24 19:46:14] TX Puente HTTP/REST (sensor de campo -> Central) -> {"puertaAbierta": false, "eventosAcceso": 10, "tempPuerta": 23.28, "tsDispositivo": "2026-09-25T00:46:14+00:00"}
[2026-09-24 19:48:12] TX Puente HTTP/REST (sensor de campo -> Central) -> {"puertaAbierta": false, "eventosAcceso": 4, "tempPuerta": 23.25, "tsDispositivo": "2026-09-25T00:48:12+00:00"}
[2026-09-24 19:48:14] TX Puente HTTP/REST (sensor de campo -> Central) -> {"puertaAbierta": false, "eventosAcceso": 10, "tempPuerta": 23.1, "tsDispositivo": "2026-09-25T00:48:14+00:00"}
[2026-09-24 19:50:12] TX Puente HTTP/REST (sensor de campo -> Central) -> {"puertaAbierta": false, "eventosAcceso": 4, "tempPuerta": 22.95, "tsDispositivo": "2026-09-25T00:50:12+00:00"}
[2026-09-24 19:50:15] TX Puente HTTP/REST (sensor de campo -> Central) -> {"puertaAbierta": false, "eventosAcceso": 10, "tempPuerta": 22.99, "tsDispositivo": "2026-09-25T00:50:14+00:00"}
[2026-09-24 19:52:12] TX Puente HTTP/REST (sensor de campo -> Central) -> {"puertaAbierta": false, "eventosAcceso": 4, "tempPuerta": 22.59, "tsDispositivo": "2026-09-25T00:52:12+00:00"}
[2026-09-24 19:52:15] TX Puente HTTP/REST (sensor de campo -> Central) -> {"puertaAbierta": false, "eventosAcceso": 10, "tempPuerta": 22.66, "tsDispositivo": "2026-09-25T00:52:15+00:00"}
[2026-09-24 19:54:12] TX Puente HTTP/REST (sensor de campo -> Central) -> {"puertaAbierta": false, "eventosAcceso": 4, "tempPuerta": 22.91, "tsDispositivo": "2026-09-25T00:54:12+00:00"}
[2026-09-24 19:54:15] TX Puente HTTP/REST (sensor de campo -> Central) -> {"puertaAbierta": false, "eventosAcceso": 10, "tempPuerta": 22.89, "tsDispositivo": "2026-09-25T00:54:15+00:00"}
[2026-09-24 19:55:46] INFO  DPS OK -> hub iotc-ce764639-456d-4e61-9e9c-e64c9a818624.azure-devices.net
[2026-09-24 19:55:46] INFO  puente conectado y publicando el ciclo de la puerta cada 120 s
[2026-09-24 19:55:47] INFO  puente HTTP escuchando en http://127.0.0.1:8098/telemetria (sensor de campo)
[2026-09-24 19:55:47] TX Puente HTTP/REST (sensor de campo -> Central) -> {"puertaAbierta": false, "eventosAcceso": 0, "tempPuerta": 23.02, "tsDispositivo": "2026-09-25T00:55:47+00:00"}
[2026-09-24 19:57:34] INFO  DPS OK -> hub iotc-ce764639-456d-4e61-9e9c-e64c9a818624.azure-devices.net
[2026-09-24 19:57:35] INFO  puente conectado y publicando el ciclo de la puerta cada 120 s
[2026-09-24 19:57:35] INFO  puente HTTP escuchando en http://127.0.0.1:8098/telemetria (sensor de campo)
[2026-09-24 19:57:35] TX Puente HTTP/REST (sensor de campo -> Central) -> {"puertaAbierta": false, "eventosAcceso": 0, "tempPuerta": 22.47, "tsDispositivo": "2026-09-25T00:57:35+00:00"}
[2026-09-24 19:59:13] INFO  DPS OK -> hub iotc-ce764639-456d-4e61-9e9c-e64c9a818624.azure-devices.net
[2026-09-24 19:59:15] INFO  puente conectado y publicando el ciclo de la puerta cada 120 s
[2026-09-24 19:59:15] INFO  puente HTTP escuchando en http://127.0.0.1:8098/telemetria (sensor de campo)
[2026-09-24 19:59:15] TX Puente HTTP/REST (sensor de campo -> Central) -> {"puertaAbierta": false, "eventosAcceso": 0, "tempPuerta": 22.86, "tsDispositivo": "2026-09-25T00:59:15+00:00"}
[2026-09-24 20:01:15] TX Puente HTTP/REST (sensor de campo -> Central) -> {"puertaAbierta": false, "eventosAcceso": 0, "tempPuerta": 23.07, "tsDispositivo": "2026-09-25T01:01:14+00:00"}
[2026-09-24 20:01:15] TX Puente HTTP/REST (sensor de campo -> Central) -> {"puertaAbierta": false, "eventosAcceso": 0, "tempPuerta": 23.08, "tsDispositivo": "2026-09-25T01:01:15+00:00"}
[2026-09-24 20:03:15] TX Puente HTTP/REST (sensor de campo -> Central) -> {"puertaAbierta": false, "eventosAcceso": 0, "tempPuerta": 22.52, "tsDispositivo": "2026-09-25T01:03:15+00:00"}
[2026-09-24 20:03:15] TX Puente HTTP/REST (sensor de campo -> Central) -> {"puertaAbierta": false, "eventosAcceso": 0, "tempPuerta": 22.93, "tsDispositivo": "2026-09-25T01:03:15+00:00"}
[2026-09-24 20:05:15] TX Puente HTTP/REST (sensor de campo -> Central) -> {"puertaAbierta": false, "eventosAcceso": 0, "tempPuerta": 22.6, "tsDispositivo": "2026-09-25T01:05:15+00:00"}
[2026-09-24 20:05:15] TX Puente HTTP/REST (sensor de campo -> Central) -> {"puertaAbierta": false, "eventosAcceso": 0, "tempPuerta": 22.63, "tsDispositivo": "2026-09-25T01:05:15+00:00"}
