[2026-09-24 14:27:20] INFO  hub listo: iotc-ce764639-456d-4e61-9e9c-e64c9a818624.azure-devices.net
[2026-09-24 14:27:25] INFO  MQTT explicito conectado a iotc-ce764639-456d-4e61-9e9c-e64c9a818624.azure-devices.net:8883 (QoS 1, topic devices/DC-HUMO-08/messages/events/)
[2026-09-24 14:27:25] INFO  [HUB] CONNECT rc=0 (0=OK, 4=timeout de red, 5=no autorizado)
[2026-09-24 14:27:25] TX Cliente MQTT explicito (paho, SAS manual) -> {"humo": 0.02, "tempTecho": 26.62, "tsDispositivo": "2026-09-24T19:27:25+00:00"}
[2026-09-24 14:27:25] INFO  propiedades reportadas: {'zona': 'Deteccion de humo / incendio (techo sala blanca)', 'ubicacion': 'Sala blanca - losa superior, cerca del VESDA', 'origenEnvio': 'Cliente MQTT explicito (paho, SAS manual)', 'fabricante': 'Siemens FDA241 + ESP32-WROOM', 'modelo': 'Nodo-Paho-MQTT/1.0', 'versionFirmware': '1.1.0', 'intervaloMuestreo': 45}
[2026-09-24 14:28:11] TX Cliente MQTT explicito (paho, SAS manual) -> {"humo": 0.021, "tempTecho": 27.13, "tsDispositivo": "2026-09-24T19:28:10+00:00"}
[2026-09-24 14:28:56] TX Cliente MQTT explicito (paho, SAS manual) -> {"humo": 0.019, "tempTecho": 27.05, "tsDispositivo": "2026-09-24T19:28:56+00:00"}
[2026-09-24 14:29:46] TX Cliente MQTT explicito (paho, SAS manual) -> {"humo": 0.021, "tempTecho": 26.78, "tsDispositivo": "2026-09-24T19:29:41+00:00"}
[2026-09-24 14:30:38] TX Cliente MQTT explicito (paho, SAS manual) -> {"humo": 0.019, "tempTecho": 26.73, "tsDispositivo": "2026-09-24T19:30:31+00:00"}
[2026-09-24 14:31:31] TX Cliente MQTT explicito (paho, SAS manual) -> {"humo": 0.02, "tempTecho": 27.04, "tsDispositivo": "2026-09-24T19:31:23+00:00"}
[2026-09-24 14:32:22] TX Cliente MQTT explicito (paho, SAS manual) -> {"humo": 0.021, "tempTecho": 27.02, "tsDispositivo": "2026-09-24T19:32:16+00:00"}
[2026-09-24 14:33:07] TX Cliente MQTT explicito (paho, SAS manual) -> {"humo": 0.021, "tempTecho": 26.64, "tsDispositivo": "2026-09-24T19:33:07+00:00"}
[2026-09-24 14:33:52] TX Cliente MQTT explicito (paho, SAS manual) -> {"humo": 0.021, "tempTecho": 27.01, "tsDispositivo": "2026-09-24T19:33:52+00:00"}
[2026-09-24 14:34:46] TX Cliente MQTT explicito (paho, SAS manual) -> {"humo": 0.02, "tempTecho": 26.62, "tsDispositivo": "2026-09-24T19:34:37+00:00"}
[2026-09-24 14:35:35] TX Cliente MQTT explicito (paho, SAS manual) -> {"humo": 0.022, "tempTecho": 26.71, "tsDispositivo": "2026-09-24T19:35:32+00:00"}
[2026-09-24 14:36:20] TX Cliente MQTT explicito (paho, SAS manual) -> {"humo": 0.019, "tempTecho": 27.15, "tsDispositivo": "2026-09-24T19:36:20+00:00"}
[2026-09-24 14:37:05] TX Cliente MQTT explicito (paho, SAS manual) -> {"humo": 0.019, "tempTecho": 26.91, "tsDispositivo": "2026-09-24T19:37:05+00:00"}
[2026-09-24 14:37:57] TX Cliente MQTT explicito (paho, SAS manual) -> {"humo": 0.019, "tempTecho": 27.29, "tsDispositivo": "2026-09-24T19:37:50+00:00"}
[2026-09-24 14:38:42] TX Cliente MQTT explicito (paho, SAS manual) -> {"humo": 0.022, "tempTecho": 26.7, "tsDispositivo": "2026-09-24T19:38:42+00:00"}
[2026-09-24 14:39:35] TX Cliente MQTT explicito (paho, SAS manual) -> {"humo": 0.022, "tempTecho": 27.2, "tsDispositivo": "2026-09-24T19:39:27+00:00"}
[2026-09-24 14:40:25] TX Cliente MQTT explicito (paho, SAS manual) -> {"humo": 0.018, "tempTecho": 26.93, "tsDispositivo": "2026-09-24T19:40:20+00:00"}
[2026-09-24 14:41:10] TX Cliente MQTT explicito (paho, SAS manual) -> {"humo": 0.019, "tempTecho": 27.3, "tsDispositivo": "2026-09-24T19:41:10+00:00"}
[2026-09-24 14:41:55] TX Cliente MQTT explicito (paho, SAS manual) -> {"humo": 0.019, "tempTecho": 26.87, "tsDispositivo": "2026-09-24T19:41:55+00:00"}
[2026-09-24 14:42:41] TX Cliente MQTT explicito (paho, SAS manual) -> {"humo": 0.022, "tempTecho": 26.95, "tsDispositivo": "2026-09-24T19:42:40+00:00"}
[2026-09-24 14:43:26] TX Cliente MQTT explicito (paho, SAS manual) -> {"humo": 0.019, "tempTecho": 26.68, "tsDispositivo": "2026-09-24T19:43:26+00:00"}
[2026-09-24 14:44:11] TX Cliente MQTT explicito (paho, SAS manual) -> {"humo": 0.02, "tempTecho": 26.71, "tsDispositivo": "2026-09-24T19:44:11+00:00"}
[2026-09-24 14:44:56] TX Cliente MQTT explicito (paho, SAS manual) -> {"humo": 0.02, "tempTecho": 27.15, "tsDispositivo": "2026-09-24T19:44:56+00:00"}
[2026-09-24 14:45:41] TX Cliente MQTT explicito (paho, SAS manual) -> {"humo": 0.02, "tempTecho": 27.04, "tsDispositivo": "2026-09-24T19:45:41+00:00"}
[2026-09-24 14:46:34] TX Cliente MQTT explicito (paho, SAS manual) -> {"humo": 0.021, "tempTecho": 27.24, "tsDispositivo": "2026-09-24T19:46:26+00:00"}
[2026-09-24 14:47:19] TX Cliente MQTT explicito (paho, SAS manual) -> {"humo": 0.019, "tempTecho": 26.93, "tsDispositivo": "2026-09-24T19:47:19+00:00"}
[2026-09-24 14:48:04] TX Cliente MQTT explicito (paho, SAS manual) -> {"humo": 0.022, "tempTecho": 27.18, "tsDispositivo": "2026-09-24T19:48:04+00:00"}
[2026-09-24 14:48:55] TX Cliente MQTT explicito (paho, SAS manual) -> {"humo": 0.02, "tempTecho": 26.92, "tsDispositivo": "2026-09-24T19:48:49+00:00"}
[2026-09-24 14:49:58] TX Cliente MQTT explicito (paho, SAS manual) -> {"humo": 0.022, "tempTecho": 26.8, "tsDispositivo": "2026-09-24T19:49:40+00:00"}
[2026-09-24 14:50:44] TX Cliente MQTT explicito (paho, SAS manual) -> {"humo": 0.022, "tempTecho": 27.34, "tsDispositivo": "2026-09-24T19:50:43+00:00"}
[2026-09-24 14:51:30] TX Cliente MQTT explicito (paho, SAS manual) -> {"humo": 0.021, "tempTecho": 26.93, "tsDispositivo": "2026-09-24T19:51:29+00:00"}
[2026-09-24 14:52:38] TX Cliente MQTT explicito (paho, SAS manual) -> {"humo": 0.019, "tempTecho": 26.8, "tsDispositivo": "2026-09-24T19:52:15+00:00"}
[2026-09-24 14:53:39] TX Cliente MQTT explicito (paho, SAS manual) -> {"humo": 0.02, "tempTecho": 26.96, "tsDispositivo": "2026-09-24T19:53:23+00:00"}
[2026-09-24 14:54:24] TX Cliente MQTT explicito (paho, SAS manual) -> {"humo": 0.022, "tempTecho": 26.69, "tsDispositivo": "2026-09-24T19:54:24+00:00"}
[2026-09-24 14:55:09] TX Cliente MQTT explicito (paho, SAS manual) -> {"humo": 0.019, "tempTecho": 27.14, "tsDispositivo": "2026-09-24T19:55:09+00:00"}
[2026-09-24 14:56:11] TX Cliente MQTT explicito (paho, SAS manual) -> {"humo": 0.02, "tempTecho": 26.99, "tsDispositivo": "2026-09-24T19:55:54+00:00"}
[2026-09-24 14:57:05] TX Cliente MQTT explicito (paho, SAS manual) -> {"humo": 0.019, "tempTecho": 26.71, "tsDispositivo": "2026-09-24T19:56:56+00:00"}
[2026-09-24 14:57:51] TX Cliente MQTT explicito (paho, SAS manual) -> {"humo": 0.021, "tempTecho": 27.11, "tsDispositivo": "2026-09-24T19:57:50+00:00"}
[2026-09-24 14:58:38] TX Cliente MQTT explicito (paho, SAS manual) -> {"humo": 0.019, "tempTecho": 26.98, "tsDispositivo": "2026-09-24T19:58:38+00:00"}
[2026-09-24 14:59:32] TX Cliente MQTT explicito (paho, SAS manual) -> {"humo": 0.022, "tempTecho": 26.81, "tsDispositivo": "2026-09-24T19:59:32+00:00"}
[2026-09-24 15:00:17] TX Cliente MQTT explicito (paho, SAS manual) -> {"humo": 0.02, "tempTecho": 26.76, "tsDispositivo": "2026-09-24T20:00:17+00:00"}
[2026-09-24 15:01:02] TX Cliente MQTT explicito (paho, SAS manual) -> {"humo": 0.02, "tempTecho": 26.78, "tsDispositivo": "2026-09-24T20:01:02+00:00"}
[2026-09-24 15:01:47] TX Cliente MQTT explicito (paho, SAS manual) -> {"humo": 0.021, "tempTecho": 27.25, "tsDispositivo": "2026-09-24T20:01:47+00:00"}
[2026-09-24 15:02:32] TX Cliente MQTT explicito (paho, SAS manual) -> {"humo": 0.022, "tempTecho": 27.01, "tsDispositivo": "2026-09-24T20:02:32+00:00"}
[2026-09-24 15:03:17] TX Cliente MQTT explicito (paho, SAS manual) -> {"humo": 0.021, "tempTecho": 26.99, "tsDispositivo": "2026-09-24T20:03:17+00:00"}
[2026-09-24 15:04:02] TX Cliente MQTT explicito (paho, SAS manual) -> {"humo": 0.02, "tempTecho": 26.73, "tsDispositivo": "2026-09-24T20:04:02+00:00"}
[2026-09-24 15:04:47] TX Cliente MQTT explicito (paho, SAS manual) -> {"humo": 0.019, "tempTecho": 26.99, "tsDispositivo": "2026-09-24T20:04:47+00:00"}
[2026-09-24 15:05:32] TX Cliente MQTT explicito (paho, SAS manual) -> {"humo": 0.019, "tempTecho": 26.74, "tsDispositivo": "2026-09-24T20:05:32+00:00"}
[2026-09-24 15:06:17] TX Cliente MQTT explicito (paho, SAS manual) -> {"humo": 0.022, "tempTecho": 27.06, "tsDispositivo": "2026-09-24T20:06:17+00:00"}
[2026-09-24 15:07:02] TX Cliente MQTT explicito (paho, SAS manual) -> {"humo": 0.021, "tempTecho": 26.75, "tsDispositivo": "2026-09-24T20:07:02+00:00"}
[2026-09-24 15:07:47] TX Cliente MQTT explicito (paho, SAS manual) -> {"humo": 0.02, "tempTecho": 26.73, "tsDispositivo": "2026-09-24T20:07:47+00:00"}
[2026-09-24 15:08:32] TX Cliente MQTT explicito (paho, SAS manual) -> {"humo": 0.018, "tempTecho": 26.97, "tsDispositivo": "2026-09-24T20:08:32+00:00"}
[2026-09-24 15:09:17] TX Cliente MQTT explicito (paho, SAS manual) -> {"humo": 0.022, "tempTecho": 26.6, "tsDispositivo": "2026-09-24T20:09:17+00:00"}
[2026-09-24 15:10:02] TX Cliente MQTT explicito (paho, SAS manual) -> {"humo": 0.022, "tempTecho": 27.35, "tsDispositivo": "2026-09-24T20:10:02+00:00"}
[2026-09-24 15:10:47] TX Cliente MQTT explicito (paho, SAS manual) -> {"humo": 0.019, "tempTecho": 26.62, "tsDispositivo": "2026-09-24T20:10:47+00:00"}
[2026-09-24 15:11:32] TX Cliente MQTT explicito (paho, SAS manual) -> {"humo": 0.018, "tempTecho": 26.91, "tsDispositivo": "2026-09-24T20:11:32+00:00"}
[2026-09-24 15:12:17] TX Cliente MQTT explicito (paho, SAS manual) -> {"humo": 0.02, "tempTecho": 27.36, "tsDispositivo": "2026-09-24T20:12:17+00:00"}
[2026-09-24 15:13:02] TX Cliente MQTT explicito (paho, SAS manual) -> {"humo": 0.02, "tempTecho": 27.06, "tsDispositivo": "2026-09-24T20:13:02+00:00"}
[2026-09-24 15:13:47] TX Cliente MQTT explicito (paho, SAS manual) -> {"humo": 0.02, "tempTecho": 26.72, "tsDispositivo": "2026-09-24T20:13:47+00:00"}
[2026-09-24 15:14:32] TX Cliente MQTT explicito (paho, SAS manual) -> {"humo": 0.021, "tempTecho": 27.3, "tsDispositivo": "2026-09-24T20:14:32+00:00"}
[2026-09-24 15:15:17] TX Cliente MQTT explicito (paho, SAS manual) -> {"humo": 0.022, "tempTecho": 26.97, "tsDispositivo": "2026-09-24T20:15:17+00:00"}
[2026-09-24 15:16:02] TX Cliente MQTT explicito (paho, SAS manual) -> {"humo": 0.02, "tempTecho": 26.63, "tsDispositivo": "2026-09-24T20:16:02+00:00"}
[2026-09-24 15:16:47] TX Cliente MQTT explicito (paho, SAS manual) -> {"humo": 0.02, "tempTecho": 26.72, "tsDispositivo": "2026-09-24T20:16:47+00:00"}
[2026-09-24 15:17:32] TX Cliente MQTT explicito (paho, SAS manual) -> {"humo": 0.019, "tempTecho": 27.36, "tsDispositivo": "2026-09-24T20:17:32+00:00"}
[2026-09-24 15:18:17] TX Cliente MQTT explicito (paho, SAS manual) -> {"humo": 0.018, "tempTecho": 27.18, "tsDispositivo": "2026-09-24T20:18:17+00:00"}
[2026-09-24 15:19:02] TX Cliente MQTT explicito (paho, SAS manual) -> {"humo": 0.019, "tempTecho": 27.14, "tsDispositivo": "2026-09-24T20:19:02+00:00"}
[2026-09-24 15:19:47] TX Cliente MQTT explicito (paho, SAS manual) -> {"humo": 0.018, "tempTecho": 27.3, "tsDispositivo": "2026-09-24T20:19:47+00:00"}
[2026-09-24 15:20:32] TX Cliente MQTT explicito (paho, SAS manual) -> {"humo": 0.019, "tempTecho": 26.89, "tsDispositivo": "2026-09-24T20:20:32+00:00"}
[2026-09-24 15:21:17] TX Cliente MQTT explicito (paho, SAS manual) -> {"humo": 0.021, "tempTecho": 27.22, "tsDispositivo": "2026-09-24T20:21:17+00:00"}
[2026-09-24 15:22:02] TX Cliente MQTT explicito (paho, SAS manual) -> {"humo": 0.019, "tempTecho": 27.32, "tsDispositivo": "2026-09-24T20:22:02+00:00"}
[2026-09-24 15:22:47] TX Cliente MQTT explicito (paho, SAS manual) -> {"humo": 0.019, "tempTecho": 26.79, "tsDispositivo": "2026-09-24T20:22:47+00:00"}
[2026-09-24 15:23:32] TX Cliente MQTT explicito (paho, SAS manual) -> {"humo": 0.022, "tempTecho": 26.96, "tsDispositivo": "2026-09-24T20:23:32+00:00"}
[2026-09-24 15:24:17] TX Cliente MQTT explicito (paho, SAS manual) -> {"humo": 0.02, "tempTecho": 26.74, "tsDispositivo": "2026-09-24T20:24:17+00:00"}
[2026-09-24 15:25:02] TX Cliente MQTT explicito (paho, SAS manual) -> {"humo": 0.02, "tempTecho": 26.99, "tsDispositivo": "2026-09-24T20:25:02+00:00"}
[2026-09-24 15:25:47] TX Cliente MQTT explicito (paho, SAS manual) -> {"humo": 0.018, "tempTecho": 26.92, "tsDispositivo": "2026-09-24T20:25:47+00:00"}
[2026-09-24 15:26:32] TX Cliente MQTT explicito (paho, SAS manual) -> {"humo": 0.021, "tempTecho": 27.02, "tsDispositivo": "2026-09-24T20:26:32+00:00"}
[2026-09-24 15:27:17] TX Cliente MQTT explicito (paho, SAS manual) -> {"humo": 0.021, "tempTecho": 27.03, "tsDispositivo": "2026-09-24T20:27:17+00:00"}
[2026-09-24 15:28:02] TX Cliente MQTT explicito (paho, SAS manual) -> {"humo": 0.021, "tempTecho": 26.67, "tsDispositivo": "2026-09-24T20:28:02+00:00"}
[2026-09-24 15:28:47] TX Cliente MQTT explicito (paho, SAS manual) -> {"humo": 0.019, "tempTecho": 27.27, "tsDispositivo": "2026-09-24T20:28:47+00:00"}
[2026-09-24 15:29:32] TX Cliente MQTT explicito (paho, SAS manual) -> {"humo": 0.019, "tempTecho": 27.25, "tsDispositivo": "2026-09-24T20:29:32+00:00"}
[2026-09-24 15:30:17] TX Cliente MQTT explicito (paho, SAS manual) -> {"humo": 0.018, "tempTecho": 26.62, "tsDispositivo": "2026-09-24T20:30:17+00:00"}
[2026-09-24 15:31:02] TX Cliente MQTT explicito (paho, SAS manual) -> {"humo": 0.02, "tempTecho": 27.36, "tsDispositivo": "2026-09-24T20:31:02+00:00"}
[2026-09-24 15:31:47] TX Cliente MQTT explicito (paho, SAS manual) -> {"humo": 0.019, "tempTecho": 26.99, "tsDispositivo": "2026-09-24T20:31:47+00:00"}
[2026-09-24 15:32:32] TX Cliente MQTT explicito (paho, SAS manual) -> {"humo": 0.018, "tempTecho": 27.34, "tsDispositivo": "2026-09-24T20:32:32+00:00"}
[2026-09-24 15:33:08] INFO  [HUB] CONNECT rc=5 (0=OK, 4=timeout de red, 5=no autorizado)
[2026-09-24 15:33:10] INFO  [HUB] CONNECT rc=5 (0=OK, 4=timeout de red, 5=no autorizado)
[2026-09-24 15:33:15] INFO  [HUB] CONNECT rc=5 (0=OK, 4=timeout de red, 5=no autorizado)
[2026-09-24 15:33:17] TX Cliente MQTT explicito (paho, SAS manual) -> {"humo": 0.019, "tempTecho": 27.0, "tsDispositivo": "2026-09-24T20:33:17+00:00"}
[2026-09-24 15:33:17] ERROR publish rc=4
[2026-09-24 15:33:24] INFO  [HUB] CONNECT rc=5 (0=OK, 4=timeout de red, 5=no autorizado)
[2026-09-24 15:33:40] INFO  [HUB] CONNECT rc=5 (0=OK, 4=timeout de red, 5=no autorizado)
[2026-09-24 15:34:02] TX Cliente MQTT explicito (paho, SAS manual) -> {"humo": 0.02, "tempTecho": 27.27, "tsDispositivo": "2026-09-24T20:34:02+00:00"}
[2026-09-24 15:34:02] ERROR publish rc=4
[2026-09-24 15:34:13] INFO  [HUB] CONNECT rc=5 (0=OK, 4=timeout de red, 5=no autorizado)
[2026-09-24 15:34:47] TX Cliente MQTT explicito (paho, SAS manual) -> {"humo": 0.019, "tempTecho": 27.02, "tsDispositivo": "2026-09-24T20:34:47+00:00"}
[2026-09-24 15:34:47] ERROR publish rc=4
[2026-09-24 15:35:17] INFO  [HUB] CONNECT rc=5 (0=OK, 4=timeout de red, 5=no autorizado)
[2026-09-24 15:35:32] TX Cliente MQTT explicito (paho, SAS manual) -> {"humo": 0.018, "tempTecho": 27.35, "tsDispositivo": "2026-09-24T20:35:32+00:00"}
[2026-09-24 15:35:32] ERROR publish rc=4
[2026-09-24 15:36:17] TX Cliente MQTT explicito (paho, SAS manual) -> {"humo": 0.018, "tempTecho": 26.58, "tsDispositivo": "2026-09-24T20:36:17+00:00"}
[2026-09-24 15:36:17] ERROR publish rc=4
[2026-09-24 15:37:02] TX Cliente MQTT explicito (paho, SAS manual) -> {"humo": 0.019, "tempTecho": 27.01, "tsDispositivo": "2026-09-24T20:37:02+00:00"}
[2026-09-24 15:37:02] ERROR publish rc=4
[2026-09-24 15:37:18] INFO  [HUB] CONNECT rc=5 (0=OK, 4=timeout de red, 5=no autorizado)
[2026-09-24 15:37:47] TX Cliente MQTT explicito (paho, SAS manual) -> {"humo": 0.02, "tempTecho": 27.07, "tsDispositivo": "2026-09-24T20:37:47+00:00"}
[2026-09-24 15:37:47] ERROR publish rc=4
[2026-09-24 15:38:32] TX Cliente MQTT explicito (paho, SAS manual) -> {"humo": 0.018, "tempTecho": 27.1, "tsDispositivo": "2026-09-24T20:38:32+00:00"}
[2026-09-24 15:38:32] ERROR publish rc=4
[2026-09-24 15:39:17] TX Cliente MQTT explicito (paho, SAS manual) -> {"humo": 0.021, "tempTecho": 26.91, "tsDispositivo": "2026-09-24T20:39:17+00:00"}
[2026-09-24 15:39:17] ERROR publish rc=4
[2026-09-24 15:39:19] INFO  [HUB] CONNECT rc=5 (0=OK, 4=timeout de red, 5=no autorizado)
[2026-09-24 15:40:02] TX Cliente MQTT explicito (paho, SAS manual) -> {"humo": 0.021, "tempTecho": 27.15, "tsDispositivo": "2026-09-24T20:40:02+00:00"}
[2026-09-24 15:40:02] ERROR publish rc=4
[2026-09-24 15:40:47] TX Cliente MQTT explicito (paho, SAS manual) -> {"humo": 0.021, "tempTecho": 26.77, "tsDispositivo": "2026-09-24T20:40:47+00:00"}
[2026-09-24 15:40:47] ERROR publish rc=4
[2026-09-24 15:41:19] INFO  [HUB] CONNECT rc=5 (0=OK, 4=timeout de red, 5=no autorizado)
[2026-09-24 15:41:32] TX Cliente MQTT explicito (paho, SAS manual) -> {"humo": 0.022, "tempTecho": 27.2, "tsDispositivo": "2026-09-24T20:41:32+00:00"}
[2026-09-24 15:41:32] ERROR publish rc=4
[2026-09-24 15:42:17] TX Cliente MQTT explicito (paho, SAS manual) -> {"humo": 0.018, "tempTecho": 27.04, "tsDispositivo": "2026-09-24T20:42:17+00:00"}
[2026-09-24 15:42:17] ERROR publish rc=4
[2026-09-24 15:43:02] TX Cliente MQTT explicito (paho, SAS manual) -> {"humo": 0.019, "tempTecho": 27.15, "tsDispositivo": "2026-09-24T20:43:02+00:00"}
[2026-09-24 15:43:02] ERROR publish rc=4
[2026-09-24 15:43:20] INFO  [HUB] CONNECT rc=5 (0=OK, 4=timeout de red, 5=no autorizado)
[2026-09-24 15:43:47] TX Cliente MQTT explicito (paho, SAS manual) -> {"humo": 0.02, "tempTecho": 27.17, "tsDispositivo": "2026-09-24T20:43:47+00:00"}
[2026-09-24 15:43:47] ERROR publish rc=4
[2026-09-24 15:44:32] TX Cliente MQTT explicito (paho, SAS manual) -> {"humo": 0.021, "tempTecho": 27.01, "tsDispositivo": "2026-09-24T20:44:32+00:00"}
[2026-09-24 15:44:32] ERROR publish rc=4
[2026-09-24 15:45:17] TX Cliente MQTT explicito (paho, SAS manual) -> {"humo": 0.019, "tempTecho": 26.97, "tsDispositivo": "2026-09-24T20:45:17+00:00"}
[2026-09-24 15:45:17] ERROR publish rc=4
[2026-09-24 15:45:20] INFO  [HUB] CONNECT rc=5 (0=OK, 4=timeout de red, 5=no autorizado)
[2026-09-24 15:46:02] TX Cliente MQTT explicito (paho, SAS manual) -> {"humo": 0.018, "tempTecho": 27.14, "tsDispositivo": "2026-09-24T20:46:02+00:00"}
[2026-09-24 15:46:02] ERROR publish rc=4
[2026-09-24 15:46:38] INFO  hub listo: iotc-ce764639-456d-4e61-9e9c-e64c9a818624.azure-devices.net
[2026-09-24 15:46:39] INFO  MQTT explicito conectado a iotc-ce764639-456d-4e61-9e9c-e64c9a818624.azure-devices.net:8883 (QoS 1, SAS nuevo, topic devices/DC-HUMO-08/messages/events/)
[2026-09-24 15:46:39] INFO  renovando SAS / reconectando al hub
[2026-09-24 15:46:39] INFO  [HUB] CONNECT rc=0 (0=OK, 4=timeout de red, 5=no autorizado)
[2026-09-24 15:46:39] INFO  propiedades reportadas: {'zona': 'Deteccion de humo / incendio (techo sala blanca)', 'ubicacion': 'Sala blanca - losa superior, cerca del VESDA', 'origenEnvio': 'Cliente MQTT explicito (paho, SAS manual)', 'fabricante': 'Siemens FDA241 + ESP32-WROOM', 'modelo': 'Nodo-Paho-MQTT/1.0', 'versionFirmware': '1.1.0', 'intervaloMuestreo': 45}
[2026-09-24 15:46:40] INFO  MQTT explicito conectado a iotc-ce764639-456d-4e61-9e9c-e64c9a818624.azure-devices.net:8883 (QoS 1, SAS nuevo, topic devices/DC-HUMO-08/messages/events/)
[2026-09-24 15:46:40] TX Cliente MQTT explicito (paho, SAS manual) -> {"humo": 0.021, "tempTecho": 26.72, "tsDispositivo": "2026-09-24T20:46:40+00:00"}
[2026-09-24 15:46:40] INFO  [HUB] CONNECT rc=0 (0=OK, 4=timeout de red, 5=no autorizado)
[2026-09-24 15:46:40] INFO  propiedades reportadas: {'zona': 'Deteccion de humo / incendio (techo sala blanca)', 'ubicacion': 'Sala blanca - losa superior, cerca del VESDA', 'origenEnvio': 'Cliente MQTT explicito (paho, SAS manual)', 'fabricante': 'Siemens FDA241 + ESP32-WROOM', 'modelo': 'Nodo-Paho-MQTT/1.0', 'versionFirmware': '1.1.0', 'intervaloMuestreo': 45}
[2026-09-24 15:47:25] TX Cliente MQTT explicito (paho, SAS manual) -> {"humo": 0.02, "tempTecho": 26.68, "tsDispositivo": "2026-09-24T20:47:25+00:00"}
[2026-09-24 15:48:10] TX Cliente MQTT explicito (paho, SAS manual) -> {"humo": 0.021, "tempTecho": 26.95, "tsDispositivo": "2026-09-24T20:48:10+00:00"}
[2026-09-24 15:48:55] TX Cliente MQTT explicito (paho, SAS manual) -> {"humo": 0.018, "tempTecho": 27.31, "tsDispositivo": "2026-09-24T20:48:55+00:00"}
[2026-09-24 15:49:40] TX Cliente MQTT explicito (paho, SAS manual) -> {"humo": 0.019, "tempTecho": 26.9, "tsDispositivo": "2026-09-24T20:49:40+00:00"}
[2026-09-24 15:50:25] TX Cliente MQTT explicito (paho, SAS manual) -> {"humo": 0.019, "tempTecho": 27.31, "tsDispositivo": "2026-09-24T20:50:25+00:00"}
[2026-09-24 15:51:10] TX Cliente MQTT explicito (paho, SAS manual) -> {"humo": 0.021, "tempTecho": 27.2, "tsDispositivo": "2026-09-24T20:51:10+00:00"}
[2026-09-24 15:51:55] TX Cliente MQTT explicito (paho, SAS manual) -> {"humo": 0.02, "tempTecho": 26.72, "tsDispositivo": "2026-09-24T20:51:55+00:00"}
[2026-09-24 15:52:40] TX Cliente MQTT explicito (paho, SAS manual) -> {"humo": 0.021, "tempTecho": 27.3, "tsDispositivo": "2026-09-24T20:52:40+00:00"}
[2026-09-24 15:53:25] TX Cliente MQTT explicito (paho, SAS manual) -> {"humo": 0.021, "tempTecho": 27.24, "tsDispositivo": "2026-09-24T20:53:25+00:00"}
[2026-09-24 15:54:10] TX Cliente MQTT explicito (paho, SAS manual) -> {"humo": 0.019, "tempTecho": 26.97, "tsDispositivo": "2026-09-24T20:54:10+00:00"}
[2026-09-24 15:54:55] TX Cliente MQTT explicito (paho, SAS manual) -> {"humo": 0.021, "tempTecho": 27.02, "tsDispositivo": "2026-09-24T20:54:55+00:00"}
[2026-09-24 15:55:40] TX Cliente MQTT explicito (paho, SAS manual) -> {"humo": 0.019, "tempTecho": 27.01, "tsDispositivo": "2026-09-24T20:55:40+00:00"}
[2026-09-24 15:56:25] TX Cliente MQTT explicito (paho, SAS manual) -> {"humo": 0.02, "tempTecho": 26.75, "tsDispositivo": "2026-09-24T20:56:25+00:00"}
[2026-09-24 15:57:10] TX Cliente MQTT explicito (paho, SAS manual) -> {"humo": 0.019, "tempTecho": 26.74, "tsDispositivo": "2026-09-24T20:57:10+00:00"}
[2026-09-24 15:57:55] TX Cliente MQTT explicito (paho, SAS manual) -> {"humo": 0.018, "tempTecho": 26.8, "tsDispositivo": "2026-09-24T20:57:55+00:00"}
[2026-09-24 15:58:40] TX Cliente MQTT explicito (paho, SAS manual) -> {"humo": 0.018, "tempTecho": 26.7, "tsDispositivo": "2026-09-24T20:58:40+00:00"}
[2026-09-24 15:59:25] TX Cliente MQTT explicito (paho, SAS manual) -> {"humo": 0.018, "tempTecho": 26.99, "tsDispositivo": "2026-09-24T20:59:25+00:00"}
[2026-09-24 16:00:10] TX Cliente MQTT explicito (paho, SAS manual) -> {"humo": 0.02, "tempTecho": 26.74, "tsDispositivo": "2026-09-24T21:00:10+00:00"}
[2026-09-24 16:00:55] TX Cliente MQTT explicito (paho, SAS manual) -> {"humo": 0.018, "tempTecho": 26.73, "tsDispositivo": "2026-09-24T21:00:55+00:00"}
[2026-09-24 16:01:40] TX Cliente MQTT explicito (paho, SAS manual) -> {"humo": 0.018, "tempTecho": 27.06, "tsDispositivo": "2026-09-24T21:01:40+00:00"}
[2026-09-24 16:02:25] TX Cliente MQTT explicito (paho, SAS manual) -> {"humo": 0.02, "tempTecho": 26.64, "tsDispositivo": "2026-09-24T21:02:25+00:00"}
[2026-09-24 16:03:10] TX Cliente MQTT explicito (paho, SAS manual) -> {"humo": 0.019, "tempTecho": 27.22, "tsDispositivo": "2026-09-24T21:03:10+00:00"}
[2026-09-24 16:03:55] TX Cliente MQTT explicito (paho, SAS manual) -> {"humo": 0.021, "tempTecho": 27.25, "tsDispositivo": "2026-09-24T21:03:55+00:00"}
[2026-09-24 16:04:40] TX Cliente MQTT explicito (paho, SAS manual) -> {"humo": 0.019, "tempTecho": 26.66, "tsDispositivo": "2026-09-24T21:04:40+00:00"}
[2026-09-24 16:05:25] TX Cliente MQTT explicito (paho, SAS manual) -> {"humo": 0.021, "tempTecho": 26.62, "tsDispositivo": "2026-09-24T21:05:25+00:00"}
[2026-09-24 16:06:10] TX Cliente MQTT explicito (paho, SAS manual) -> {"humo": 0.018, "tempTecho": 26.53, "tsDispositivo": "2026-09-24T21:06:10+00:00"}
[2026-09-24 16:06:55] TX Cliente MQTT explicito (paho, SAS manual) -> {"humo": 0.019, "tempTecho": 27.28, "tsDispositivo": "2026-09-24T21:06:55+00:00"}
[2026-09-24 16:07:40] TX Cliente MQTT explicito (paho, SAS manual) -> {"humo": 0.017, "tempTecho": 27.15, "tsDispositivo": "2026-09-24T21:07:40+00:00"}
[2026-09-24 16:08:25] TX Cliente MQTT explicito (paho, SAS manual) -> {"humo": 0.019, "tempTecho": 26.7, "tsDispositivo": "2026-09-24T21:08:25+00:00"}
[2026-09-24 16:09:10] TX Cliente MQTT explicito (paho, SAS manual) -> {"humo": 0.02, "tempTecho": 27.18, "tsDispositivo": "2026-09-24T21:09:10+00:00"}
[2026-09-24 16:09:55] TX Cliente MQTT explicito (paho, SAS manual) -> {"humo": 0.021, "tempTecho": 26.53, "tsDispositivo": "2026-09-24T21:09:55+00:00"}
[2026-09-24 16:10:40] TX Cliente MQTT explicito (paho, SAS manual) -> {"humo": 0.021, "tempTecho": 26.52, "tsDispositivo": "2026-09-24T21:10:40+00:00"}
[2026-09-24 16:11:25] TX Cliente MQTT explicito (paho, SAS manual) -> {"humo": 0.019, "tempTecho": 26.63, "tsDispositivo": "2026-09-24T21:11:25+00:00"}
[2026-09-24 16:12:10] TX Cliente MQTT explicito (paho, SAS manual) -> {"humo": 0.018, "tempTecho": 27.1, "tsDispositivo": "2026-09-24T21:12:10+00:00"}
[2026-09-24 16:12:55] TX Cliente MQTT explicito (paho, SAS manual) -> {"humo": 0.02, "tempTecho": 27.0, "tsDispositivo": "2026-09-24T21:12:55+00:00"}
[2026-09-24 16:13:40] TX Cliente MQTT explicito (paho, SAS manual) -> {"humo": 0.02, "tempTecho": 27.27, "tsDispositivo": "2026-09-24T21:13:40+00:00"}
[2026-09-24 16:14:25] TX Cliente MQTT explicito (paho, SAS manual) -> {"humo": 0.018, "tempTecho": 26.97, "tsDispositivo": "2026-09-24T21:14:25+00:00"}
[2026-09-24 16:15:10] TX Cliente MQTT explicito (paho, SAS manual) -> {"humo": 0.018, "tempTecho": 26.57, "tsDispositivo": "2026-09-24T21:15:10+00:00"}
[2026-09-24 16:15:55] TX Cliente MQTT explicito (paho, SAS manual) -> {"humo": 0.019, "tempTecho": 26.87, "tsDispositivo": "2026-09-24T21:15:55+00:00"}
[2026-09-24 16:16:40] TX Cliente MQTT explicito (paho, SAS manual) -> {"humo": 0.019, "tempTecho": 26.66, "tsDispositivo": "2026-09-24T21:16:40+00:00"}
[2026-09-24 16:17:25] TX Cliente MQTT explicito (paho, SAS manual) -> {"humo": 0.02, "tempTecho": 26.71, "tsDispositivo": "2026-09-24T21:17:25+00:00"}
[2026-09-24 16:18:10] TX Cliente MQTT explicito (paho, SAS manual) -> {"humo": 0.02, "tempTecho": 27.23, "tsDispositivo": "2026-09-24T21:18:10+00:00"}
[2026-09-24 16:18:55] TX Cliente MQTT explicito (paho, SAS manual) -> {"humo": 0.018, "tempTecho": 27.24, "tsDispositivo": "2026-09-24T21:18:55+00:00"}
[2026-09-24 16:19:40] TX Cliente MQTT explicito (paho, SAS manual) -> {"humo": 0.021, "tempTecho": 26.63, "tsDispositivo": "2026-09-24T21:19:40+00:00"}
[2026-09-24 16:20:25] TX Cliente MQTT explicito (paho, SAS manual) -> {"humo": 0.019, "tempTecho": 27.1, "tsDispositivo": "2026-09-24T21:20:25+00:00"}
[2026-09-24 16:21:10] TX Cliente MQTT explicito (paho, SAS manual) -> {"humo": 0.02, "tempTecho": 26.79, "tsDispositivo": "2026-09-24T21:21:10+00:00"}
[2026-09-24 16:21:55] TX Cliente MQTT explicito (paho, SAS manual) -> {"humo": 0.021, "tempTecho": 26.75, "tsDispositivo": "2026-09-24T21:21:55+00:00"}
[2026-09-24 16:22:40] TX Cliente MQTT explicito (paho, SAS manual) -> {"humo": 0.018, "tempTecho": 27.08, "tsDispositivo": "2026-09-24T21:22:40+00:00"}
[2026-09-24 16:23:25] TX Cliente MQTT explicito (paho, SAS manual) -> {"humo": 0.019, "tempTecho": 26.73, "tsDispositivo": "2026-09-24T21:23:25+00:00"}
[2026-09-24 16:24:10] TX Cliente MQTT explicito (paho, SAS manual) -> {"humo": 0.018, "tempTecho": 27.1, "tsDispositivo": "2026-09-24T21:24:10+00:00"}
[2026-09-24 16:24:55] TX Cliente MQTT explicito (paho, SAS manual) -> {"humo": 0.021, "tempTecho": 26.88, "tsDispositivo": "2026-09-24T21:24:55+00:00"}
[2026-09-24 16:29:31] INFO  hub listo: iotc-ce764639-456d-4e61-9e9c-e64c9a818624.azure-devices.net
[2026-09-24 16:29:32] INFO  MQTT explicito conectado a iotc-ce764639-456d-4e61-9e9c-e64c9a818624.azure-devices.net:8883 (QoS 1, SAS nuevo, topic devices/DC-HUMO-08/messages/events/)
[2026-09-24 16:29:32] INFO  renovando SAS / reconectando al hub
[2026-09-24 16:29:32] INFO  [HUB] CONNECT rc=0 (0=OK, 4=timeout de red, 5=no autorizado)
[2026-09-24 16:29:32] INFO  propiedades reportadas: {'zona': 'Deteccion de humo / incendio (techo sala blanca)', 'ubicacion': 'Sala blanca - losa superior, cerca del VESDA', 'origenEnvio': 'Cliente MQTT explicito (paho, SAS manual)', 'fabricante': 'Siemens FDA241 + ESP32-WROOM', 'modelo': 'Nodo-Paho-MQTT/1.0', 'versionFirmware': '1.1.0', 'intervaloMuestreo': 45}
[2026-09-24 16:29:33] INFO  MQTT explicito conectado a iotc-ce764639-456d-4e61-9e9c-e64c9a818624.azure-devices.net:8883 (QoS 1, SAS nuevo, topic devices/DC-HUMO-08/messages/events/)
[2026-09-24 16:29:33] TX Cliente MQTT explicito (paho, SAS manual) -> {"humo": 0.019, "tempTecho": 26.44, "tsDispositivo": "2026-09-24T21:29:33+00:00"}
[2026-09-24 16:29:33] INFO  [HUB] CONNECT rc=0 (0=OK, 4=timeout de red, 5=no autorizado)
[2026-09-24 16:29:33] INFO  propiedades reportadas: {'zona': 'Deteccion de humo / incendio (techo sala blanca)', 'ubicacion': 'Sala blanca - losa superior, cerca del VESDA', 'origenEnvio': 'Cliente MQTT explicito (paho, SAS manual)', 'fabricante': 'Siemens FDA241 + ESP32-WROOM', 'modelo': 'Nodo-Paho-MQTT/1.0', 'versionFirmware': '1.1.0', 'intervaloMuestreo': 45}
[2026-09-24 16:30:18] TX Cliente MQTT explicito (paho, SAS manual) -> {"humo": 0.021, "tempTecho": 26.75, "tsDispositivo": "2026-09-24T21:30:18+00:00"}
[2026-09-24 16:31:03] TX Cliente MQTT explicito (paho, SAS manual) -> {"humo": 0.018, "tempTecho": 26.78, "tsDispositivo": "2026-09-24T21:31:03+00:00"}
[2026-09-24 16:31:48] TX Cliente MQTT explicito (paho, SAS manual) -> {"humo": 0.017, "tempTecho": 26.87, "tsDispositivo": "2026-09-24T21:31:48+00:00"}
[2026-09-24 16:32:33] TX Cliente MQTT explicito (paho, SAS manual) -> {"humo": 0.021, "tempTecho": 26.79, "tsDispositivo": "2026-09-24T21:32:33+00:00"}
[2026-09-24 16:33:18] TX Cliente MQTT explicito (paho, SAS manual) -> {"humo": 0.018, "tempTecho": 26.66, "tsDispositivo": "2026-09-24T21:33:18+00:00"}
[2026-09-24 16:34:03] TX Cliente MQTT explicito (paho, SAS manual) -> {"humo": 0.018, "tempTecho": 26.91, "tsDispositivo": "2026-09-24T21:34:03+00:00"}
[2026-09-24 16:34:48] TX Cliente MQTT explicito (paho, SAS manual) -> {"humo": 0.019, "tempTecho": 26.79, "tsDispositivo": "2026-09-24T21:34:48+00:00"}
[2026-09-24 16:35:33] TX Cliente MQTT explicito (paho, SAS manual) -> {"humo": 0.019, "tempTecho": 27.11, "tsDispositivo": "2026-09-24T21:35:33+00:00"}
[2026-09-24 16:36:18] TX Cliente MQTT explicito (paho, SAS manual) -> {"humo": 0.02, "tempTecho": 26.9, "tsDispositivo": "2026-09-24T21:36:18+00:00"}
[2026-09-24 16:37:03] TX Cliente MQTT explicito (paho, SAS manual) -> {"humo": 0.02, "tempTecho": 26.78, "tsDispositivo": "2026-09-24T21:37:03+00:00"}
[2026-09-24 16:37:48] TX Cliente MQTT explicito (paho, SAS manual) -> {"humo": 0.019, "tempTecho": 26.66, "tsDispositivo": "2026-09-24T21:37:48+00:00"}
[2026-09-24 16:38:33] TX Cliente MQTT explicito (paho, SAS manual) -> {"humo": 0.02, "tempTecho": 26.93, "tsDispositivo": "2026-09-24T21:38:33+00:00"}
[2026-09-24 16:39:18] TX Cliente MQTT explicito (paho, SAS manual) -> {"humo": 0.02, "tempTecho": 26.72, "tsDispositivo": "2026-09-24T21:39:18+00:00"}
[2026-09-24 16:40:03] TX Cliente MQTT explicito (paho, SAS manual) -> {"humo": 0.018, "tempTecho": 26.51, "tsDispositivo": "2026-09-24T21:40:03+00:00"}
[2026-09-24 16:40:48] TX Cliente MQTT explicito (paho, SAS manual) -> {"humo": 0.019, "tempTecho": 26.38, "tsDispositivo": "2026-09-24T21:40:48+00:00"}
[2026-09-24 16:41:33] TX Cliente MQTT explicito (paho, SAS manual) -> {"humo": 0.017, "tempTecho": 26.75, "tsDispositivo": "2026-09-24T21:41:33+00:00"}
[2026-09-24 16:42:18] TX Cliente MQTT explicito (paho, SAS manual) -> {"humo": 0.02, "tempTecho": 26.65, "tsDispositivo": "2026-09-24T21:42:18+00:00"}
[2026-09-24 16:43:03] TX Cliente MQTT explicito (paho, SAS manual) -> {"humo": 0.019, "tempTecho": 27.05, "tsDispositivo": "2026-09-24T21:43:03+00:00"}
[2026-09-24 16:43:48] TX Cliente MQTT explicito (paho, SAS manual) -> {"humo": 0.019, "tempTecho": 26.87, "tsDispositivo": "2026-09-24T21:43:48+00:00"}
[2026-09-24 16:44:33] TX Cliente MQTT explicito (paho, SAS manual) -> {"humo": 0.02, "tempTecho": 26.81, "tsDispositivo": "2026-09-24T21:44:33+00:00"}
[2026-09-24 16:45:18] TX Cliente MQTT explicito (paho, SAS manual) -> {"humo": 0.019, "tempTecho": 26.39, "tsDispositivo": "2026-09-24T21:45:18+00:00"}
[2026-09-24 16:46:03] TX Cliente MQTT explicito (paho, SAS manual) -> {"humo": 0.019, "tempTecho": 26.5, "tsDispositivo": "2026-09-24T21:46:03+00:00"}
[2026-09-24 16:46:48] TX Cliente MQTT explicito (paho, SAS manual) -> {"humo": 0.021, "tempTecho": 27.05, "tsDispositivo": "2026-09-24T21:46:48+00:00"}
[2026-09-24 16:47:33] TX Cliente MQTT explicito (paho, SAS manual) -> {"humo": 0.02, "tempTecho": 26.46, "tsDispositivo": "2026-09-24T21:47:33+00:00"}
[2026-09-24 16:48:18] TX Cliente MQTT explicito (paho, SAS manual) -> {"humo": 0.018, "tempTecho": 26.84, "tsDispositivo": "2026-09-24T21:48:18+00:00"}
[2026-09-24 16:49:03] TX Cliente MQTT explicito (paho, SAS manual) -> {"humo": 0.019, "tempTecho": 26.49, "tsDispositivo": "2026-09-24T21:49:03+00:00"}
[2026-09-24 16:49:48] TX Cliente MQTT explicito (paho, SAS manual) -> {"humo": 0.02, "tempTecho": 26.43, "tsDispositivo": "2026-09-24T21:49:48+00:00"}
[2026-09-24 16:50:33] TX Cliente MQTT explicito (paho, SAS manual) -> {"humo": 0.021, "tempTecho": 26.51, "tsDispositivo": "2026-09-24T21:50:33+00:00"}
[2026-09-24 16:51:18] TX Cliente MQTT explicito (paho, SAS manual) -> {"humo": 0.019, "tempTecho": 26.45, "tsDispositivo": "2026-09-24T21:51:18+00:00"}
[2026-09-24 16:52:03] TX Cliente MQTT explicito (paho, SAS manual) -> {"humo": 0.02, "tempTecho": 26.56, "tsDispositivo": "2026-09-24T21:52:03+00:00"}
[2026-09-24 16:52:48] TX Cliente MQTT explicito (paho, SAS manual) -> {"humo": 0.02, "tempTecho": 26.92, "tsDispositivo": "2026-09-24T21:52:48+00:00"}
[2026-09-24 16:53:33] TX Cliente MQTT explicito (paho, SAS manual) -> {"humo": 0.02, "tempTecho": 26.72, "tsDispositivo": "2026-09-24T21:53:33+00:00"}
[2026-09-24 16:54:18] TX Cliente MQTT explicito (paho, SAS manual) -> {"humo": 0.018, "tempTecho": 26.53, "tsDispositivo": "2026-09-24T21:54:18+00:00"}
[2026-09-24 16:55:03] TX Cliente MQTT explicito (paho, SAS manual) -> {"humo": 0.019, "tempTecho": 26.78, "tsDispositivo": "2026-09-24T21:55:03+00:00"}
[2026-09-24 16:55:48] TX Cliente MQTT explicito (paho, SAS manual) -> {"humo": 0.021, "tempTecho": 26.31, "tsDispositivo": "2026-09-24T21:55:48+00:00"}
[2026-09-24 16:56:33] TX Cliente MQTT explicito (paho, SAS manual) -> {"humo": 0.019, "tempTecho": 26.36, "tsDispositivo": "2026-09-24T21:56:33+00:00"}
[2026-09-24 16:57:18] TX Cliente MQTT explicito (paho, SAS manual) -> {"humo": 0.019, "tempTecho": 26.36, "tsDispositivo": "2026-09-24T21:57:18+00:00"}
[2026-09-24 16:58:03] TX Cliente MQTT explicito (paho, SAS manual) -> {"humo": 0.019, "tempTecho": 26.36, "tsDispositivo": "2026-09-24T21:58:03+00:00"}
[2026-09-24 16:58:48] TX Cliente MQTT explicito (paho, SAS manual) -> {"humo": 0.018, "tempTecho": 27.02, "tsDispositivo": "2026-09-24T21:58:48+00:00"}
[2026-09-24 16:59:33] TX Cliente MQTT explicito (paho, SAS manual) -> {"humo": 0.017, "tempTecho": 26.88, "tsDispositivo": "2026-09-24T21:59:33+00:00"}
[2026-09-24 17:00:18] TX Cliente MQTT explicito (paho, SAS manual) -> {"humo": 0.019, "tempTecho": 26.81, "tsDispositivo": "2026-09-24T22:00:18+00:00"}
[2026-09-24 17:01:03] TX Cliente MQTT explicito (paho, SAS manual) -> {"humo": 0.02, "tempTecho": 26.28, "tsDispositivo": "2026-09-24T22:01:03+00:00"}
[2026-09-24 17:01:48] TX Cliente MQTT explicito (paho, SAS manual) -> {"humo": 0.018, "tempTecho": 26.53, "tsDispositivo": "2026-09-24T22:01:48+00:00"}
[2026-09-24 17:02:33] TX Cliente MQTT explicito (paho, SAS manual) -> {"humo": 0.02, "tempTecho": 26.58, "tsDispositivo": "2026-09-24T22:02:33+00:00"}
[2026-09-24 17:03:18] TX Cliente MQTT explicito (paho, SAS manual) -> {"humo": 0.019, "tempTecho": 26.63, "tsDispositivo": "2026-09-24T22:03:18+00:00"}
[2026-09-24 17:04:03] TX Cliente MQTT explicito (paho, SAS manual) -> {"humo": 0.018, "tempTecho": 26.33, "tsDispositivo": "2026-09-24T22:04:03+00:00"}
[2026-09-24 17:04:48] TX Cliente MQTT explicito (paho, SAS manual) -> {"humo": 0.019, "tempTecho": 26.55, "tsDispositivo": "2026-09-24T22:04:48+00:00"}
[2026-09-24 17:05:33] TX Cliente MQTT explicito (paho, SAS manual) -> {"humo": 0.019, "tempTecho": 26.68, "tsDispositivo": "2026-09-24T22:05:33+00:00"}
[2026-09-24 17:06:18] TX Cliente MQTT explicito (paho, SAS manual) -> {"humo": 0.017, "tempTecho": 26.91, "tsDispositivo": "2026-09-24T22:06:18+00:00"}
[2026-09-24 17:07:03] TX Cliente MQTT explicito (paho, SAS manual) -> {"humo": 0.018, "tempTecho": 26.81, "tsDispositivo": "2026-09-24T22:07:03+00:00"}
[2026-09-24 17:07:48] TX Cliente MQTT explicito (paho, SAS manual) -> {"humo": 0.021, "tempTecho": 26.99, "tsDispositivo": "2026-09-24T22:07:48+00:00"}
[2026-09-24 17:08:33] TX Cliente MQTT explicito (paho, SAS manual) -> {"humo": 0.017, "tempTecho": 26.93, "tsDispositivo": "2026-09-24T22:08:33+00:00"}
[2026-09-24 17:09:18] TX Cliente MQTT explicito (paho, SAS manual) -> {"humo": 0.018, "tempTecho": 26.96, "tsDispositivo": "2026-09-24T22:09:18+00:00"}
[2026-09-24 17:10:03] TX Cliente MQTT explicito (paho, SAS manual) -> {"humo": 0.02, "tempTecho": 26.96, "tsDispositivo": "2026-09-24T22:10:03+00:00"}
[2026-09-24 17:10:48] TX Cliente MQTT explicito (paho, SAS manual) -> {"humo": 0.021, "tempTecho": 26.9, "tsDispositivo": "2026-09-24T22:10:48+00:00"}
[2026-09-24 17:11:33] TX Cliente MQTT explicito (paho, SAS manual) -> {"humo": 0.021, "tempTecho": 26.83, "tsDispositivo": "2026-09-24T22:11:33+00:00"}
[2026-09-24 17:12:18] TX Cliente MQTT explicito (paho, SAS manual) -> {"humo": 0.018, "tempTecho": 26.37, "tsDispositivo": "2026-09-24T22:12:18+00:00"}
[2026-09-24 17:13:03] TX Cliente MQTT explicito (paho, SAS manual) -> {"humo": 0.019, "tempTecho": 26.74, "tsDispositivo": "2026-09-24T22:13:03+00:00"}
[2026-09-24 17:13:48] TX Cliente MQTT explicito (paho, SAS manual) -> {"humo": 0.018, "tempTecho": 26.64, "tsDispositivo": "2026-09-24T22:13:48+00:00"}
[2026-09-24 17:14:33] INFO  renovando SAS / reconectando al hub
[2026-09-24 17:14:34] INFO  MQTT explicito conectado a iotc-ce764639-456d-4e61-9e9c-e64c9a818624.azure-devices.net:8883 (QoS 1, SAS nuevo, topic devices/DC-HUMO-08/messages/events/)
[2026-09-24 17:14:34] TX Cliente MQTT explicito (paho, SAS manual) -> {"humo": 0.018, "tempTecho": 26.74, "tsDispositivo": "2026-09-24T22:14:34+00:00"}
[2026-09-24 17:14:34] INFO  [HUB] CONNECT rc=0 (0=OK, 4=timeout de red, 5=no autorizado)
[2026-09-24 17:14:34] INFO  propiedades reportadas: {'zona': 'Deteccion de humo / incendio (techo sala blanca)', 'ubicacion': 'Sala blanca - losa superior, cerca del VESDA', 'origenEnvio': 'Cliente MQTT explicito (paho, SAS manual)', 'fabricante': 'Siemens FDA241 + ESP32-WROOM', 'modelo': 'Nodo-Paho-MQTT/1.0', 'versionFirmware': '1.1.0', 'intervaloMuestreo': 45}
[2026-09-24 17:15:19] TX Cliente MQTT explicito (paho, SAS manual) -> {"humo": 0.018, "tempTecho": 26.37, "tsDispositivo": "2026-09-24T22:15:19+00:00"}
[2026-09-24 17:16:04] TX Cliente MQTT explicito (paho, SAS manual) -> {"humo": 0.019, "tempTecho": 26.37, "tsDispositivo": "2026-09-24T22:16:04+00:00"}
[2026-09-24 17:16:49] TX Cliente MQTT explicito (paho, SAS manual) -> {"humo": 0.019, "tempTecho": 26.22, "tsDispositivo": "2026-09-24T22:16:49+00:00"}
[2026-09-24 17:17:34] TX Cliente MQTT explicito (paho, SAS manual) -> {"humo": 0.021, "tempTecho": 26.89, "tsDispositivo": "2026-09-24T22:17:34+00:00"}
[2026-09-24 17:18:19] TX Cliente MQTT explicito (paho, SAS manual) -> {"humo": 0.021, "tempTecho": 26.81, "tsDispositivo": "2026-09-24T22:18:19+00:00"}
[2026-09-24 17:19:04] TX Cliente MQTT explicito (paho, SAS manual) -> {"humo": 0.019, "tempTecho": 26.37, "tsDispositivo": "2026-09-24T22:19:04+00:00"}
[2026-09-24 17:19:49] TX Cliente MQTT explicito (paho, SAS manual) -> {"humo": 0.021, "tempTecho": 26.46, "tsDispositivo": "2026-09-24T22:19:49+00:00"}
[2026-09-24 17:20:34] TX Cliente MQTT explicito (paho, SAS manual) -> {"humo": 0.019, "tempTecho": 26.23, "tsDispositivo": "2026-09-24T22:20:34+00:00"}
[2026-09-24 17:21:19] TX Cliente MQTT explicito (paho, SAS manual) -> {"humo": 0.019, "tempTecho": 26.86, "tsDispositivo": "2026-09-24T22:21:19+00:00"}
[2026-09-24 17:22:04] TX Cliente MQTT explicito (paho, SAS manual) -> {"humo": 0.019, "tempTecho": 26.28, "tsDispositivo": "2026-09-24T22:22:04+00:00"}
[2026-09-24 17:22:49] TX Cliente MQTT explicito (paho, SAS manual) -> {"humo": 0.017, "tempTecho": 26.62, "tsDispositivo": "2026-09-24T22:22:49+00:00"}
[2026-09-24 17:23:34] TX Cliente MQTT explicito (paho, SAS manual) -> {"humo": 0.017, "tempTecho": 26.74, "tsDispositivo": "2026-09-24T22:23:34+00:00"}
[2026-09-24 17:24:19] TX Cliente MQTT explicito (paho, SAS manual) -> {"humo": 0.018, "tempTecho": 26.9, "tsDispositivo": "2026-09-24T22:24:19+00:00"}
[2026-09-24 17:25:04] TX Cliente MQTT explicito (paho, SAS manual) -> {"humo": 0.019, "tempTecho": 26.81, "tsDispositivo": "2026-09-24T22:25:04+00:00"}
[2026-09-24 17:25:49] TX Cliente MQTT explicito (paho, SAS manual) -> {"humo": 0.021, "tempTecho": 26.23, "tsDispositivo": "2026-09-24T22:25:49+00:00"}
[2026-09-24 17:26:34] TX Cliente MQTT explicito (paho, SAS manual) -> {"humo": 0.019, "tempTecho": 26.24, "tsDispositivo": "2026-09-24T22:26:34+00:00"}
[2026-09-24 17:27:19] TX Cliente MQTT explicito (paho, SAS manual) -> {"humo": 0.017, "tempTecho": 26.57, "tsDispositivo": "2026-09-24T22:27:19+00:00"}
[2026-09-24 17:28:04] TX Cliente MQTT explicito (paho, SAS manual) -> {"humo": 0.021, "tempTecho": 26.53, "tsDispositivo": "2026-09-24T22:28:04+00:00"}
[2026-09-24 17:28:49] TX Cliente MQTT explicito (paho, SAS manual) -> {"humo": 0.02, "tempTecho": 26.31, "tsDispositivo": "2026-09-24T22:28:49+00:00"}
[2026-09-24 17:29:34] TX Cliente MQTT explicito (paho, SAS manual) -> {"humo": 0.019, "tempTecho": 26.5, "tsDispositivo": "2026-09-24T22:29:34+00:00"}
[2026-09-24 17:30:19] TX Cliente MQTT explicito (paho, SAS manual) -> {"humo": 0.017, "tempTecho": 26.64, "tsDispositivo": "2026-09-24T22:30:19+00:00"}
[2026-09-24 17:31:04] TX Cliente MQTT explicito (paho, SAS manual) -> {"humo": 0.017, "tempTecho": 26.3, "tsDispositivo": "2026-09-24T22:31:04+00:00"}
[2026-09-24 17:31:49] TX Cliente MQTT explicito (paho, SAS manual) -> {"humo": 0.017, "tempTecho": 26.21, "tsDispositivo": "2026-09-24T22:31:49+00:00"}
[2026-09-24 17:32:34] TX Cliente MQTT explicito (paho, SAS manual) -> {"humo": 0.018, "tempTecho": 26.47, "tsDispositivo": "2026-09-24T22:32:34+00:00"}
[2026-09-24 17:33:19] TX Cliente MQTT explicito (paho, SAS manual) -> {"humo": 0.019, "tempTecho": 26.56, "tsDispositivo": "2026-09-24T22:33:19+00:00"}
[2026-09-24 17:34:04] TX Cliente MQTT explicito (paho, SAS manual) -> {"humo": 0.018, "tempTecho": 26.73, "tsDispositivo": "2026-09-24T22:34:04+00:00"}
[2026-09-24 17:34:49] TX Cliente MQTT explicito (paho, SAS manual) -> {"humo": 0.018, "tempTecho": 26.21, "tsDispositivo": "2026-09-24T22:34:49+00:00"}
[2026-09-24 17:35:34] TX Cliente MQTT explicito (paho, SAS manual) -> {"humo": 0.017, "tempTecho": 26.56, "tsDispositivo": "2026-09-24T22:35:34+00:00"}
[2026-09-24 17:36:19] TX Cliente MQTT explicito (paho, SAS manual) -> {"humo": 0.019, "tempTecho": 26.76, "tsDispositivo": "2026-09-24T22:36:19+00:00"}
[2026-09-24 17:37:04] TX Cliente MQTT explicito (paho, SAS manual) -> {"humo": 0.02, "tempTecho": 26.07, "tsDispositivo": "2026-09-24T22:37:04+00:00"}
[2026-09-24 17:37:49] TX Cliente MQTT explicito (paho, SAS manual) -> {"humo": 0.02, "tempTecho": 26.07, "tsDispositivo": "2026-09-24T22:37:49+00:00"}
[2026-09-24 17:38:34] TX Cliente MQTT explicito (paho, SAS manual) -> {"humo": 0.019, "tempTecho": 26.21, "tsDispositivo": "2026-09-24T22:38:34+00:00"}
[2026-09-24 17:39:19] TX Cliente MQTT explicito (paho, SAS manual) -> {"humo": 0.019, "tempTecho": 26.81, "tsDispositivo": "2026-09-24T22:39:19+00:00"}
[2026-09-24 17:40:04] TX Cliente MQTT explicito (paho, SAS manual) -> {"humo": 0.02, "tempTecho": 26.11, "tsDispositivo": "2026-09-24T22:40:04+00:00"}
[2026-09-24 17:40:49] TX Cliente MQTT explicito (paho, SAS manual) -> {"humo": 0.018, "tempTecho": 26.49, "tsDispositivo": "2026-09-24T22:40:49+00:00"}
[2026-09-24 17:41:34] TX Cliente MQTT explicito (paho, SAS manual) -> {"humo": 0.018, "tempTecho": 26.44, "tsDispositivo": "2026-09-24T22:41:34+00:00"}
[2026-09-24 17:42:19] TX Cliente MQTT explicito (paho, SAS manual) -> {"humo": 0.02, "tempTecho": 26.57, "tsDispositivo": "2026-09-24T22:42:19+00:00"}
[2026-09-24 17:43:04] TX Cliente MQTT explicito (paho, SAS manual) -> {"humo": 0.017, "tempTecho": 26.35, "tsDispositivo": "2026-09-24T22:43:04+00:00"}
[2026-09-24 17:43:49] TX Cliente MQTT explicito (paho, SAS manual) -> {"humo": 0.018, "tempTecho": 26.1, "tsDispositivo": "2026-09-24T22:43:49+00:00"}
[2026-09-24 17:44:34] TX Cliente MQTT explicito (paho, SAS manual) -> {"humo": 0.017, "tempTecho": 26.57, "tsDispositivo": "2026-09-24T22:44:34+00:00"}
[2026-09-24 17:45:19] TX Cliente MQTT explicito (paho, SAS manual) -> {"humo": 0.019, "tempTecho": 26.02, "tsDispositivo": "2026-09-24T22:45:19+00:00"}
[2026-09-24 17:46:04] TX Cliente MQTT explicito (paho, SAS manual) -> {"humo": 0.02, "tempTecho": 26.49, "tsDispositivo": "2026-09-24T22:46:04+00:00"}
[2026-09-24 17:46:49] TX Cliente MQTT explicito (paho, SAS manual) -> {"humo": 0.018, "tempTecho": 26.5, "tsDispositivo": "2026-09-24T22:46:49+00:00"}
[2026-09-24 17:47:34] TX Cliente MQTT explicito (paho, SAS manual) -> {"humo": 0.018, "tempTecho": 26.37, "tsDispositivo": "2026-09-24T22:47:34+00:00"}
[2026-09-24 17:48:19] TX Cliente MQTT explicito (paho, SAS manual) -> {"humo": 0.02, "tempTecho": 26.08, "tsDispositivo": "2026-09-24T22:48:19+00:00"}
[2026-09-24 17:49:04] TX Cliente MQTT explicito (paho, SAS manual) -> {"humo": 0.019, "tempTecho": 26.28, "tsDispositivo": "2026-09-24T22:49:04+00:00"}
[2026-09-24 17:49:49] TX Cliente MQTT explicito (paho, SAS manual) -> {"humo": 0.018, "tempTecho": 25.99, "tsDispositivo": "2026-09-24T22:49:49+00:00"}
[2026-09-24 17:50:34] TX Cliente MQTT explicito (paho, SAS manual) -> {"humo": 0.018, "tempTecho": 26.59, "tsDispositivo": "2026-09-24T22:50:34+00:00"}
[2026-09-24 17:51:19] TX Cliente MQTT explicito (paho, SAS manual) -> {"humo": 0.017, "tempTecho": 26.05, "tsDispositivo": "2026-09-24T22:51:19+00:00"}
[2026-09-24 17:52:04] TX Cliente MQTT explicito (paho, SAS manual) -> {"humo": 0.018, "tempTecho": 26.02, "tsDispositivo": "2026-09-24T22:52:04+00:00"}
[2026-09-24 17:52:49] TX Cliente MQTT explicito (paho, SAS manual) -> {"humo": 0.018, "tempTecho": 26.28, "tsDispositivo": "2026-09-24T22:52:49+00:00"}
[2026-09-24 17:53:34] TX Cliente MQTT explicito (paho, SAS manual) -> {"humo": 0.02, "tempTecho": 26.03, "tsDispositivo": "2026-09-24T22:53:34+00:00"}
[2026-09-24 17:54:19] TX Cliente MQTT explicito (paho, SAS manual) -> {"humo": 0.019, "tempTecho": 26.0, "tsDispositivo": "2026-09-24T22:54:19+00:00"}
[2026-09-24 17:55:04] TX Cliente MQTT explicito (paho, SAS manual) -> {"humo": 0.02, "tempTecho": 26.39, "tsDispositivo": "2026-09-24T22:55:04+00:00"}
[2026-09-24 17:55:49] TX Cliente MQTT explicito (paho, SAS manual) -> {"humo": 0.019, "tempTecho": 26.12, "tsDispositivo": "2026-09-24T22:55:49+00:00"}
[2026-09-24 17:56:34] TX Cliente MQTT explicito (paho, SAS manual) -> {"humo": 0.018, "tempTecho": 26.06, "tsDispositivo": "2026-09-24T22:56:34+00:00"}
[2026-09-24 17:57:19] TX Cliente MQTT explicito (paho, SAS manual) -> {"humo": 0.019, "tempTecho": 26.06, "tsDispositivo": "2026-09-24T22:57:19+00:00"}
[2026-09-24 17:58:04] TX Cliente MQTT explicito (paho, SAS manual) -> {"humo": 0.019, "tempTecho": 26.32, "tsDispositivo": "2026-09-24T22:58:04+00:00"}
[2026-09-24 17:58:49] TX Cliente MQTT explicito (paho, SAS manual) -> {"humo": 0.018, "tempTecho": 26.09, "tsDispositivo": "2026-09-24T22:58:49+00:00"}
[2026-09-24 17:59:34] INFO  renovando SAS / reconectando al hub
[2026-09-24 17:59:35] INFO  MQTT explicito conectado a iotc-ce764639-456d-4e61-9e9c-e64c9a818624.azure-devices.net:8883 (QoS 1, SAS nuevo, topic devices/DC-HUMO-08/messages/events/)
[2026-09-24 17:59:35] TX Cliente MQTT explicito (paho, SAS manual) -> {"humo": 0.019, "tempTecho": 26.41, "tsDispositivo": "2026-09-24T22:59:35+00:00"}
[2026-09-24 17:59:36] INFO  [HUB] CONNECT rc=0 (0=OK, 4=timeout de red, 5=no autorizado)
[2026-09-24 17:59:36] INFO  propiedades reportadas: {'zona': 'Deteccion de humo / incendio (techo sala blanca)', 'ubicacion': 'Sala blanca - losa superior, cerca del VESDA', 'origenEnvio': 'Cliente MQTT explicito (paho, SAS manual)', 'fabricante': 'Siemens FDA241 + ESP32-WROOM', 'modelo': 'Nodo-Paho-MQTT/1.0', 'versionFirmware': '1.1.0', 'intervaloMuestreo': 45}
[2026-09-24 18:00:20] TX Cliente MQTT explicito (paho, SAS manual) -> {"humo": 0.021, "tempTecho": 26.13, "tsDispositivo": "2026-09-24T23:00:20+00:00"}
[2026-09-24 18:01:05] TX Cliente MQTT explicito (paho, SAS manual) -> {"humo": 0.019, "tempTecho": 26.32, "tsDispositivo": "2026-09-24T23:01:05+00:00"}
[2026-09-24 18:01:50] TX Cliente MQTT explicito (paho, SAS manual) -> {"humo": 0.021, "tempTecho": 26.18, "tsDispositivo": "2026-09-24T23:01:50+00:00"}
[2026-09-24 18:02:35] TX Cliente MQTT explicito (paho, SAS manual) -> {"humo": 0.021, "tempTecho": 26.47, "tsDispositivo": "2026-09-24T23:02:35+00:00"}
[2026-09-24 18:03:20] TX Cliente MQTT explicito (paho, SAS manual) -> {"humo": 0.019, "tempTecho": 26.6, "tsDispositivo": "2026-09-24T23:03:20+00:00"}
[2026-09-24 18:04:05] TX Cliente MQTT explicito (paho, SAS manual) -> {"humo": 0.019, "tempTecho": 26.63, "tsDispositivo": "2026-09-24T23:04:05+00:00"}
[2026-09-24 18:04:50] TX Cliente MQTT explicito (paho, SAS manual) -> {"humo": 0.021, "tempTecho": 25.99, "tsDispositivo": "2026-09-24T23:04:50+00:00"}
[2026-09-24 18:05:35] TX Cliente MQTT explicito (paho, SAS manual) -> {"humo": 0.02, "tempTecho": 26.01, "tsDispositivo": "2026-09-24T23:05:35+00:00"}
[2026-09-24 18:06:20] TX Cliente MQTT explicito (paho, SAS manual) -> {"humo": 0.018, "tempTecho": 25.92, "tsDispositivo": "2026-09-24T23:06:20+00:00"}
[2026-09-24 18:07:05] TX Cliente MQTT explicito (paho, SAS manual) -> {"humo": 0.017, "tempTecho": 26.19, "tsDispositivo": "2026-09-24T23:07:05+00:00"}
[2026-09-24 18:07:50] TX Cliente MQTT explicito (paho, SAS manual) -> {"humo": 0.018, "tempTecho": 26.03, "tsDispositivo": "2026-09-24T23:07:50+00:00"}
[2026-09-24 18:08:35] TX Cliente MQTT explicito (paho, SAS manual) -> {"humo": 0.019, "tempTecho": 26.39, "tsDispositivo": "2026-09-24T23:08:35+00:00"}
[2026-09-24 18:09:20] TX Cliente MQTT explicito (paho, SAS manual) -> {"humo": 0.021, "tempTecho": 26.41, "tsDispositivo": "2026-09-24T23:09:20+00:00"}
[2026-09-24 18:10:05] TX Cliente MQTT explicito (paho, SAS manual) -> {"humo": 0.02, "tempTecho": 26.04, "tsDispositivo": "2026-09-24T23:10:05+00:00"}
[2026-09-24 18:10:50] TX Cliente MQTT explicito (paho, SAS manual) -> {"humo": 0.021, "tempTecho": 26.56, "tsDispositivo": "2026-09-24T23:10:50+00:00"}
[2026-09-24 18:11:35] TX Cliente MQTT explicito (paho, SAS manual) -> {"humo": 0.018, "tempTecho": 25.88, "tsDispositivo": "2026-09-24T23:11:35+00:00"}
[2026-09-24 18:12:20] TX Cliente MQTT explicito (paho, SAS manual) -> {"humo": 0.02, "tempTecho": 25.92, "tsDispositivo": "2026-09-24T23:12:20+00:00"}
[2026-09-24 18:13:05] TX Cliente MQTT explicito (paho, SAS manual) -> {"humo": 0.02, "tempTecho": 25.89, "tsDispositivo": "2026-09-24T23:13:05+00:00"}
[2026-09-24 18:13:50] TX Cliente MQTT explicito (paho, SAS manual) -> {"humo": 0.019, "tempTecho": 25.81, "tsDispositivo": "2026-09-24T23:13:50+00:00"}
[2026-09-24 18:14:35] TX Cliente MQTT explicito (paho, SAS manual) -> {"humo": 0.018, "tempTecho": 25.78, "tsDispositivo": "2026-09-24T23:14:35+00:00"}
[2026-09-24 18:15:20] TX Cliente MQTT explicito (paho, SAS manual) -> {"humo": 0.02, "tempTecho": 25.76, "tsDispositivo": "2026-09-24T23:15:20+00:00"}
[2026-09-24 18:16:05] TX Cliente MQTT explicito (paho, SAS manual) -> {"humo": 0.017, "tempTecho": 26.04, "tsDispositivo": "2026-09-24T23:16:05+00:00"}
[2026-09-24 18:16:50] TX Cliente MQTT explicito (paho, SAS manual) -> {"humo": 0.02, "tempTecho": 26.46, "tsDispositivo": "2026-09-24T23:16:50+00:00"}
[2026-09-24 18:17:35] TX Cliente MQTT explicito (paho, SAS manual) -> {"humo": 0.018, "tempTecho": 26.24, "tsDispositivo": "2026-09-24T23:17:35+00:00"}
[2026-09-24 18:18:20] TX Cliente MQTT explicito (paho, SAS manual) -> {"humo": 0.017, "tempTecho": 26.4, "tsDispositivo": "2026-09-24T23:18:20+00:00"}
[2026-09-24 18:19:05] TX Cliente MQTT explicito (paho, SAS manual) -> {"humo": 0.02, "tempTecho": 25.91, "tsDispositivo": "2026-09-24T23:19:05+00:00"}
[2026-09-24 18:19:50] TX Cliente MQTT explicito (paho, SAS manual) -> {"humo": 0.018, "tempTecho": 25.78, "tsDispositivo": "2026-09-24T23:19:50+00:00"}
[2026-09-24 18:20:36] TX Cliente MQTT explicito (paho, SAS manual) -> {"humo": 0.018, "tempTecho": 26.47, "tsDispositivo": "2026-09-24T23:20:36+00:00"}
[2026-09-24 18:21:21] TX Cliente MQTT explicito (paho, SAS manual) -> {"humo": 0.019, "tempTecho": 26.06, "tsDispositivo": "2026-09-24T23:21:21+00:00"}
[2026-09-24 18:22:06] TX Cliente MQTT explicito (paho, SAS manual) -> {"humo": 0.021, "tempTecho": 25.95, "tsDispositivo": "2026-09-24T23:22:06+00:00"}
[2026-09-24 18:22:51] TX Cliente MQTT explicito (paho, SAS manual) -> {"humo": 0.021, "tempTecho": 26.09, "tsDispositivo": "2026-09-24T23:22:51+00:00"}
[2026-09-24 18:23:36] TX Cliente MQTT explicito (paho, SAS manual) -> {"humo": 0.02, "tempTecho": 26.03, "tsDispositivo": "2026-09-24T23:23:36+00:00"}
[2026-09-24 18:24:21] TX Cliente MQTT explicito (paho, SAS manual) -> {"humo": 0.02, "tempTecho": 26.12, "tsDispositivo": "2026-09-24T23:24:21+00:00"}
[2026-09-24 18:25:06] TX Cliente MQTT explicito (paho, SAS manual) -> {"humo": 0.019, "tempTecho": 25.69, "tsDispositivo": "2026-09-24T23:25:06+00:00"}
[2026-09-24 18:25:51] TX Cliente MQTT explicito (paho, SAS manual) -> {"humo": 0.02, "tempTecho": 25.85, "tsDispositivo": "2026-09-24T23:25:51+00:00"}
[2026-09-24 18:26:36] TX Cliente MQTT explicito (paho, SAS manual) -> {"humo": 0.017, "tempTecho": 26.21, "tsDispositivo": "2026-09-24T23:26:36+00:00"}
[2026-09-24 18:27:21] TX Cliente MQTT explicito (paho, SAS manual) -> {"humo": 0.019, "tempTecho": 26.32, "tsDispositivo": "2026-09-24T23:27:21+00:00"}
[2026-09-24 18:28:06] TX Cliente MQTT explicito (paho, SAS manual) -> {"humo": 0.019, "tempTecho": 25.68, "tsDispositivo": "2026-09-24T23:28:06+00:00"}
[2026-09-24 18:28:51] TX Cliente MQTT explicito (paho, SAS manual) -> {"humo": 0.017, "tempTecho": 25.8, "tsDispositivo": "2026-09-24T23:28:51+00:00"}
[2026-09-24 18:29:36] TX Cliente MQTT explicito (paho, SAS manual) -> {"humo": 0.018, "tempTecho": 26.4, "tsDispositivo": "2026-09-24T23:29:36+00:00"}
[2026-09-24 18:30:21] TX Cliente MQTT explicito (paho, SAS manual) -> {"humo": 0.019, "tempTecho": 25.91, "tsDispositivo": "2026-09-24T23:30:21+00:00"}
[2026-09-24 18:31:06] TX Cliente MQTT explicito (paho, SAS manual) -> {"humo": 0.021, "tempTecho": 25.67, "tsDispositivo": "2026-09-24T23:31:06+00:00"}
[2026-09-24 18:31:51] TX Cliente MQTT explicito (paho, SAS manual) -> {"humo": 0.021, "tempTecho": 25.62, "tsDispositivo": "2026-09-24T23:31:51+00:00"}
[2026-09-24 18:32:36] TX Cliente MQTT explicito (paho, SAS manual) -> {"humo": 0.02, "tempTecho": 25.7, "tsDispositivo": "2026-09-24T23:32:36+00:00"}
[2026-09-24 18:33:21] TX Cliente MQTT explicito (paho, SAS manual) -> {"humo": 0.021, "tempTecho": 25.62, "tsDispositivo": "2026-09-24T23:33:21+00:00"}
[2026-09-24 18:34:06] TX Cliente MQTT explicito (paho, SAS manual) -> {"humo": 0.019, "tempTecho": 25.94, "tsDispositivo": "2026-09-24T23:34:06+00:00"}
[2026-09-24 18:34:51] TX Cliente MQTT explicito (paho, SAS manual) -> {"humo": 0.018, "tempTecho": 26.27, "tsDispositivo": "2026-09-24T23:34:51+00:00"}
[2026-09-24 18:35:36] TX Cliente MQTT explicito (paho, SAS manual) -> {"humo": 0.02, "tempTecho": 26.24, "tsDispositivo": "2026-09-24T23:35:36+00:00"}
[2026-09-24 18:36:21] TX Cliente MQTT explicito (paho, SAS manual) -> {"humo": 0.018, "tempTecho": 26.12, "tsDispositivo": "2026-09-24T23:36:21+00:00"}
[2026-09-24 18:37:06] TX Cliente MQTT explicito (paho, SAS manual) -> {"humo": 0.02, "tempTecho": 25.83, "tsDispositivo": "2026-09-24T23:37:06+00:00"}
[2026-09-24 18:37:51] TX Cliente MQTT explicito (paho, SAS manual) -> {"humo": 0.02, "tempTecho": 25.71, "tsDispositivo": "2026-09-24T23:37:51+00:00"}
[2026-09-24 18:38:36] TX Cliente MQTT explicito (paho, SAS manual) -> {"humo": 0.017, "tempTecho": 25.86, "tsDispositivo": "2026-09-24T23:38:36+00:00"}
[2026-09-24 18:39:21] TX Cliente MQTT explicito (paho, SAS manual) -> {"humo": 0.018, "tempTecho": 25.91, "tsDispositivo": "2026-09-24T23:39:21+00:00"}
[2026-09-24 18:40:06] TX Cliente MQTT explicito (paho, SAS manual) -> {"humo": 0.02, "tempTecho": 26.2, "tsDispositivo": "2026-09-24T23:40:06+00:00"}
[2026-09-24 18:40:51] TX Cliente MQTT explicito (paho, SAS manual) -> {"humo": 0.02, "tempTecho": 25.57, "tsDispositivo": "2026-09-24T23:40:51+00:00"}
[2026-09-24 18:41:36] TX Cliente MQTT explicito (paho, SAS manual) -> {"humo": 0.017, "tempTecho": 26.21, "tsDispositivo": "2026-09-24T23:41:36+00:00"}
[2026-09-24 18:42:21] TX Cliente MQTT explicito (paho, SAS manual) -> {"humo": 0.02, "tempTecho": 26.03, "tsDispositivo": "2026-09-24T23:42:21+00:00"}
[2026-09-24 18:43:06] TX Cliente MQTT explicito (paho, SAS manual) -> {"humo": 0.017, "tempTecho": 25.74, "tsDispositivo": "2026-09-24T23:43:06+00:00"}
[2026-09-24 18:43:51] TX Cliente MQTT explicito (paho, SAS manual) -> {"humo": 0.018, "tempTecho": 26.12, "tsDispositivo": "2026-09-24T23:43:51+00:00"}
[2026-09-24 18:44:36] INFO  renovando SAS / reconectando al hub
[2026-09-24 18:44:37] INFO  MQTT explicito conectado a iotc-ce764639-456d-4e61-9e9c-e64c9a818624.azure-devices.net:8883 (QoS 1, SAS nuevo, topic devices/DC-HUMO-08/messages/events/)
[2026-09-24 18:44:37] TX Cliente MQTT explicito (paho, SAS manual) -> {"humo": 0.018, "tempTecho": 26.04, "tsDispositivo": "2026-09-24T23:44:37+00:00"}
[2026-09-24 18:44:37] INFO  [HUB] CONNECT rc=0 (0=OK, 4=timeout de red, 5=no autorizado)
[2026-09-24 18:44:37] INFO  propiedades reportadas: {'zona': 'Deteccion de humo / incendio (techo sala blanca)', 'ubicacion': 'Sala blanca - losa superior, cerca del VESDA', 'origenEnvio': 'Cliente MQTT explicito (paho, SAS manual)', 'fabricante': 'Siemens FDA241 + ESP32-WROOM', 'modelo': 'Nodo-Paho-MQTT/1.0', 'versionFirmware': '1.1.0', 'intervaloMuestreo': 45}
[2026-09-24 18:45:22] TX Cliente MQTT explicito (paho, SAS manual) -> {"humo": 0.02, "tempTecho": 25.57, "tsDispositivo": "2026-09-24T23:45:22+00:00"}
[2026-09-24 18:46:07] TX Cliente MQTT explicito (paho, SAS manual) -> {"humo": 0.018, "tempTecho": 26.26, "tsDispositivo": "2026-09-24T23:46:07+00:00"}
[2026-09-24 18:46:52] TX Cliente MQTT explicito (paho, SAS manual) -> {"humo": 0.019, "tempTecho": 25.52, "tsDispositivo": "2026-09-24T23:46:52+00:00"}
[2026-09-24 18:47:37] TX Cliente MQTT explicito (paho, SAS manual) -> {"humo": 0.02, "tempTecho": 26.06, "tsDispositivo": "2026-09-24T23:47:37+00:00"}
[2026-09-24 18:48:22] TX Cliente MQTT explicito (paho, SAS manual) -> {"humo": 0.018, "tempTecho": 26.11, "tsDispositivo": "2026-09-24T23:48:22+00:00"}
[2026-09-24 18:49:07] TX Cliente MQTT explicito (paho, SAS manual) -> {"humo": 0.021, "tempTecho": 25.85, "tsDispositivo": "2026-09-24T23:49:07+00:00"}
[2026-09-24 18:49:52] TX Cliente MQTT explicito (paho, SAS manual) -> {"humo": 0.02, "tempTecho": 25.96, "tsDispositivo": "2026-09-24T23:49:52+00:00"}
[2026-09-24 18:50:37] TX Cliente MQTT explicito (paho, SAS manual) -> {"humo": 0.02, "tempTecho": 25.93, "tsDispositivo": "2026-09-24T23:50:37+00:00"}
[2026-09-24 18:51:22] TX Cliente MQTT explicito (paho, SAS manual) -> {"humo": 0.02, "tempTecho": 25.97, "tsDispositivo": "2026-09-24T23:51:22+00:00"}
[2026-09-24 18:52:07] TX Cliente MQTT explicito (paho, SAS manual) -> {"humo": 0.02, "tempTecho": 25.99, "tsDispositivo": "2026-09-24T23:52:07+00:00"}
[2026-09-24 18:52:52] TX Cliente MQTT explicito (paho, SAS manual) -> {"humo": 0.018, "tempTecho": 25.6, "tsDispositivo": "2026-09-24T23:52:52+00:00"}
[2026-09-24 18:53:37] TX Cliente MQTT explicito (paho, SAS manual) -> {"humo": 0.021, "tempTecho": 25.71, "tsDispositivo": "2026-09-24T23:53:37+00:00"}
[2026-09-24 18:54:22] TX Cliente MQTT explicito (paho, SAS manual) -> {"humo": 0.018, "tempTecho": 26.15, "tsDispositivo": "2026-09-24T23:54:22+00:00"}
[2026-09-24 18:55:07] TX Cliente MQTT explicito (paho, SAS manual) -> {"humo": 0.018, "tempTecho": 25.6, "tsDispositivo": "2026-09-24T23:55:07+00:00"}
[2026-09-24 18:55:52] TX Cliente MQTT explicito (paho, SAS manual) -> {"humo": 0.019, "tempTecho": 26.09, "tsDispositivo": "2026-09-24T23:55:52+00:00"}
[2026-09-24 18:56:37] TX Cliente MQTT explicito (paho, SAS manual) -> {"humo": 0.02, "tempTecho": 26.05, "tsDispositivo": "2026-09-24T23:56:37+00:00"}
[2026-09-24 18:57:22] TX Cliente MQTT explicito (paho, SAS manual) -> {"humo": 0.021, "tempTecho": 25.44, "tsDispositivo": "2026-09-24T23:57:22+00:00"}
[2026-09-24 18:58:07] TX Cliente MQTT explicito (paho, SAS manual) -> {"humo": 0.017, "tempTecho": 26.0, "tsDispositivo": "2026-09-24T23:58:07+00:00"}
[2026-09-24 18:58:52] TX Cliente MQTT explicito (paho, SAS manual) -> {"humo": 0.02, "tempTecho": 25.42, "tsDispositivo": "2026-09-24T23:58:52+00:00"}
[2026-09-24 18:59:37] TX Cliente MQTT explicito (paho, SAS manual) -> {"humo": 0.021, "tempTecho": 25.54, "tsDispositivo": "2026-09-24T23:59:37+00:00"}
[2026-09-24 19:00:22] TX Cliente MQTT explicito (paho, SAS manual) -> {"humo": 0.018, "tempTecho": 25.36, "tsDispositivo": "2026-09-25T00:00:22+00:00"}
[2026-09-24 19:01:07] TX Cliente MQTT explicito (paho, SAS manual) -> {"humo": 0.018, "tempTecho": 25.41, "tsDispositivo": "2026-09-25T00:01:07+00:00"}
[2026-09-24 19:01:52] TX Cliente MQTT explicito (paho, SAS manual) -> {"humo": 0.02, "tempTecho": 26.08, "tsDispositivo": "2026-09-25T00:01:52+00:00"}
[2026-09-24 19:02:37] TX Cliente MQTT explicito (paho, SAS manual) -> {"humo": 0.021, "tempTecho": 25.79, "tsDispositivo": "2026-09-25T00:02:37+00:00"}
[2026-09-24 19:03:22] TX Cliente MQTT explicito (paho, SAS manual) -> {"humo": 0.02, "tempTecho": 25.82, "tsDispositivo": "2026-09-25T00:03:22+00:00"}
[2026-09-24 19:04:07] TX Cliente MQTT explicito (paho, SAS manual) -> {"humo": 0.021, "tempTecho": 25.32, "tsDispositivo": "2026-09-25T00:04:07+00:00"}
[2026-09-24 19:04:52] TX Cliente MQTT explicito (paho, SAS manual) -> {"humo": 0.02, "tempTecho": 25.93, "tsDispositivo": "2026-09-25T00:04:52+00:00"}
[2026-09-24 19:05:37] TX Cliente MQTT explicito (paho, SAS manual) -> {"humo": 0.018, "tempTecho": 25.67, "tsDispositivo": "2026-09-25T00:05:37+00:00"}
[2026-09-24 19:06:22] TX Cliente MQTT explicito (paho, SAS manual) -> {"humo": 0.018, "tempTecho": 26.05, "tsDispositivo": "2026-09-25T00:06:22+00:00"}
[2026-09-24 19:07:07] TX Cliente MQTT explicito (paho, SAS manual) -> {"humo": 0.02, "tempTecho": 25.77, "tsDispositivo": "2026-09-25T00:07:07+00:00"}
[2026-09-24 19:07:52] TX Cliente MQTT explicito (paho, SAS manual) -> {"humo": 0.017, "tempTecho": 25.44, "tsDispositivo": "2026-09-25T00:07:52+00:00"}
[2026-09-24 19:08:37] TX Cliente MQTT explicito (paho, SAS manual) -> {"humo": 0.018, "tempTecho": 25.55, "tsDispositivo": "2026-09-25T00:08:37+00:00"}
[2026-09-24 19:09:22] TX Cliente MQTT explicito (paho, SAS manual) -> {"humo": 0.018, "tempTecho": 25.64, "tsDispositivo": "2026-09-25T00:09:22+00:00"}
[2026-09-24 19:10:07] TX Cliente MQTT explicito (paho, SAS manual) -> {"humo": 0.019, "tempTecho": 25.54, "tsDispositivo": "2026-09-25T00:10:07+00:00"}
[2026-09-24 19:10:52] TX Cliente MQTT explicito (paho, SAS manual) -> {"humo": 0.019, "tempTecho": 25.73, "tsDispositivo": "2026-09-25T00:10:52+00:00"}
[2026-09-24 19:11:37] TX Cliente MQTT explicito (paho, SAS manual) -> {"humo": 0.02, "tempTecho": 26.04, "tsDispositivo": "2026-09-25T00:11:37+00:00"}
[2026-09-24 19:12:22] TX Cliente MQTT explicito (paho, SAS manual) -> {"humo": 0.02, "tempTecho": 26.02, "tsDispositivo": "2026-09-25T00:12:22+00:00"}
[2026-09-24 19:13:07] TX Cliente MQTT explicito (paho, SAS manual) -> {"humo": 0.02, "tempTecho": 25.76, "tsDispositivo": "2026-09-25T00:13:07+00:00"}
[2026-09-24 19:13:52] TX Cliente MQTT explicito (paho, SAS manual) -> {"humo": 0.018, "tempTecho": 25.71, "tsDispositivo": "2026-09-25T00:13:52+00:00"}
[2026-09-24 19:14:37] TX Cliente MQTT explicito (paho, SAS manual) -> {"humo": 0.021, "tempTecho": 25.35, "tsDispositivo": "2026-09-25T00:14:37+00:00"}
[2026-09-24 19:15:22] TX Cliente MQTT explicito (paho, SAS manual) -> {"humo": 0.02, "tempTecho": 25.65, "tsDispositivo": "2026-09-25T00:15:22+00:00"}
[2026-09-24 19:16:07] TX Cliente MQTT explicito (paho, SAS manual) -> {"humo": 0.019, "tempTecho": 25.31, "tsDispositivo": "2026-09-25T00:16:07+00:00"}
[2026-09-24 19:16:52] TX Cliente MQTT explicito (paho, SAS manual) -> {"humo": 0.019, "tempTecho": 25.5, "tsDispositivo": "2026-09-25T00:16:52+00:00"}
[2026-09-24 19:17:37] TX Cliente MQTT explicito (paho, SAS manual) -> {"humo": 0.019, "tempTecho": 25.37, "tsDispositivo": "2026-09-25T00:17:37+00:00"}
[2026-09-24 19:18:22] TX Cliente MQTT explicito (paho, SAS manual) -> {"humo": 0.02, "tempTecho": 25.46, "tsDispositivo": "2026-09-25T00:18:22+00:00"}
[2026-09-24 19:19:07] TX Cliente MQTT explicito (paho, SAS manual) -> {"humo": 0.02, "tempTecho": 25.45, "tsDispositivo": "2026-09-25T00:19:07+00:00"}
[2026-09-24 19:19:52] TX Cliente MQTT explicito (paho, SAS manual) -> {"humo": 0.018, "tempTecho": 25.43, "tsDispositivo": "2026-09-25T00:19:52+00:00"}
[2026-09-24 19:20:37] TX Cliente MQTT explicito (paho, SAS manual) -> {"humo": 0.017, "tempTecho": 25.3, "tsDispositivo": "2026-09-25T00:20:37+00:00"}
[2026-09-24 19:21:22] TX Cliente MQTT explicito (paho, SAS manual) -> {"humo": 0.018, "tempTecho": 25.71, "tsDispositivo": "2026-09-25T00:21:22+00:00"}
[2026-09-24 19:22:07] TX Cliente MQTT explicito (paho, SAS manual) -> {"humo": 0.018, "tempTecho": 25.73, "tsDispositivo": "2026-09-25T00:22:07+00:00"}
[2026-09-24 19:22:52] TX Cliente MQTT explicito (paho, SAS manual) -> {"humo": 0.018, "tempTecho": 25.89, "tsDispositivo": "2026-09-25T00:22:52+00:00"}
[2026-09-24 19:23:37] TX Cliente MQTT explicito (paho, SAS manual) -> {"humo": 0.019, "tempTecho": 25.23, "tsDispositivo": "2026-09-25T00:23:37+00:00"}
[2026-09-24 19:24:22] TX Cliente MQTT explicito (paho, SAS manual) -> {"humo": 0.019, "tempTecho": 25.2, "tsDispositivo": "2026-09-25T00:24:22+00:00"}
[2026-09-24 19:25:07] TX Cliente MQTT explicito (paho, SAS manual) -> {"humo": 0.018, "tempTecho": 25.61, "tsDispositivo": "2026-09-25T00:25:07+00:00"}
[2026-09-24 19:25:52] TX Cliente MQTT explicito (paho, SAS manual) -> {"humo": 0.02, "tempTecho": 25.26, "tsDispositivo": "2026-09-25T00:25:52+00:00"}
[2026-09-24 19:26:37] TX Cliente MQTT explicito (paho, SAS manual) -> {"humo": 0.02, "tempTecho": 25.6, "tsDispositivo": "2026-09-25T00:26:37+00:00"}
[2026-09-24 19:27:22] TX Cliente MQTT explicito (paho, SAS manual) -> {"humo": 0.019, "tempTecho": 25.45, "tsDispositivo": "2026-09-25T00:27:22+00:00"}
[2026-09-24 19:28:07] TX Cliente MQTT explicito (paho, SAS manual) -> {"humo": 0.017, "tempTecho": 25.11, "tsDispositivo": "2026-09-25T00:28:07+00:00"}
[2026-09-24 19:28:52] TX Cliente MQTT explicito (paho, SAS manual) -> {"humo": 0.019, "tempTecho": 25.53, "tsDispositivo": "2026-09-25T00:28:52+00:00"}
[2026-09-24 19:29:37] INFO  renovando SAS / reconectando al hub
[2026-09-24 19:29:38] INFO  MQTT explicito conectado a iotc-ce764639-456d-4e61-9e9c-e64c9a818624.azure-devices.net:8883 (QoS 1, SAS nuevo, topic devices/DC-HUMO-08/messages/events/)
[2026-09-24 19:29:38] TX Cliente MQTT explicito (paho, SAS manual) -> {"humo": 0.018, "tempTecho": 25.7, "tsDispositivo": "2026-09-25T00:29:38+00:00"}
[2026-09-24 19:29:38] INFO  [HUB] CONNECT rc=0 (0=OK, 4=timeout de red, 5=no autorizado)
[2026-09-24 19:29:38] INFO  propiedades reportadas: {'zona': 'Deteccion de humo / incendio (techo sala blanca)', 'ubicacion': 'Sala blanca - losa superior, cerca del VESDA', 'origenEnvio': 'Cliente MQTT explicito (paho, SAS manual)', 'fabricante': 'Siemens FDA241 + ESP32-WROOM', 'modelo': 'Nodo-Paho-MQTT/1.0', 'versionFirmware': '1.1.0', 'intervaloMuestreo': 45}
[2026-09-24 19:30:23] TX Cliente MQTT explicito (paho, SAS manual) -> {"humo": 0.02, "tempTecho": 25.29, "tsDispositivo": "2026-09-25T00:30:23+00:00"}
[2026-09-24 19:31:08] TX Cliente MQTT explicito (paho, SAS manual) -> {"humo": 0.018, "tempTecho": 25.08, "tsDispositivo": "2026-09-25T00:31:08+00:00"}
[2026-09-24 19:31:53] TX Cliente MQTT explicito (paho, SAS manual) -> {"humo": 0.021, "tempTecho": 25.57, "tsDispositivo": "2026-09-25T00:31:53+00:00"}
[2026-09-24 19:32:38] TX Cliente MQTT explicito (paho, SAS manual) -> {"humo": 0.02, "tempTecho": 25.1, "tsDispositivo": "2026-09-25T00:32:38+00:00"}
[2026-09-24 19:33:23] TX Cliente MQTT explicito (paho, SAS manual) -> {"humo": 0.021, "tempTecho": 25.44, "tsDispositivo": "2026-09-25T00:33:23+00:00"}
[2026-09-24 19:34:08] TX Cliente MQTT explicito (paho, SAS manual) -> {"humo": 0.02, "tempTecho": 25.68, "tsDispositivo": "2026-09-25T00:34:08+00:00"}
[2026-09-24 19:34:53] TX Cliente MQTT explicito (paho, SAS manual) -> {"humo": 0.019, "tempTecho": 25.69, "tsDispositivo": "2026-09-25T00:34:53+00:00"}
[2026-09-24 19:35:38] TX Cliente MQTT explicito (paho, SAS manual) -> {"humo": 0.02, "tempTecho": 25.05, "tsDispositivo": "2026-09-25T00:35:38+00:00"}
[2026-09-24 19:36:23] TX Cliente MQTT explicito (paho, SAS manual) -> {"humo": 0.02, "tempTecho": 25.24, "tsDispositivo": "2026-09-25T00:36:23+00:00"}
[2026-09-24 19:37:08] TX Cliente MQTT explicito (paho, SAS manual) -> {"humo": 0.021, "tempTecho": 25.72, "tsDispositivo": "2026-09-25T00:37:08+00:00"}
[2026-09-24 19:37:53] TX Cliente MQTT explicito (paho, SAS manual) -> {"humo": 0.02, "tempTecho": 25.52, "tsDispositivo": "2026-09-25T00:37:53+00:00"}
[2026-09-24 19:38:38] TX Cliente MQTT explicito (paho, SAS manual) -> {"humo": 0.018, "tempTecho": 25.56, "tsDispositivo": "2026-09-25T00:38:38+00:00"}
[2026-09-24 19:39:23] TX Cliente MQTT explicito (paho, SAS manual) -> {"humo": 0.019, "tempTecho": 25.67, "tsDispositivo": "2026-09-25T00:39:23+00:00"}
[2026-09-24 19:40:08] TX Cliente MQTT explicito (paho, SAS manual) -> {"humo": 0.021, "tempTecho": 25.22, "tsDispositivo": "2026-09-25T00:40:08+00:00"}
[2026-09-24 19:40:53] TX Cliente MQTT explicito (paho, SAS manual) -> {"humo": 0.019, "tempTecho": 25.73, "tsDispositivo": "2026-09-25T00:40:53+00:00"}
[2026-09-24 19:41:38] TX Cliente MQTT explicito (paho, SAS manual) -> {"humo": 0.021, "tempTecho": 25.26, "tsDispositivo": "2026-09-25T00:41:38+00:00"}
[2026-09-24 19:42:26] TX Cliente MQTT explicito (paho, SAS manual) -> {"humo": 0.018, "tempTecho": 25.47, "tsDispositivo": "2026-09-25T00:42:26+00:00"}
[2026-09-24 19:43:11] TX Cliente MQTT explicito (paho, SAS manual) -> {"humo": 0.021, "tempTecho": 25.04, "tsDispositivo": "2026-09-25T00:43:11+00:00"}
[2026-09-24 19:44:00] TX Cliente MQTT explicito (paho, SAS manual) -> {"humo": 0.018, "tempTecho": 25.01, "tsDispositivo": "2026-09-25T00:44:00+00:00"}
[2026-09-24 19:44:45] TX Cliente MQTT explicito (paho, SAS manual) -> {"humo": 0.021, "tempTecho": 25.16, "tsDispositivo": "2026-09-25T00:44:45+00:00"}
[2026-09-24 19:45:30] TX Cliente MQTT explicito (paho, SAS manual) -> {"humo": 0.02, "tempTecho": 25.15, "tsDispositivo": "2026-09-25T00:45:30+00:00"}
[2026-09-24 19:46:15] TX Cliente MQTT explicito (paho, SAS manual) -> {"humo": 0.021, "tempTecho": 25.49, "tsDispositivo": "2026-09-25T00:46:15+00:00"}
[2026-09-24 19:47:00] TX Cliente MQTT explicito (paho, SAS manual) -> {"humo": 0.019, "tempTecho": 24.97, "tsDispositivo": "2026-09-25T00:47:00+00:00"}
[2026-09-24 19:47:45] TX Cliente MQTT explicito (paho, SAS manual) -> {"humo": 0.021, "tempTecho": 25.34, "tsDispositivo": "2026-09-25T00:47:45+00:00"}
[2026-09-24 19:48:30] TX Cliente MQTT explicito (paho, SAS manual) -> {"humo": 0.018, "tempTecho": 25.6, "tsDispositivo": "2026-09-25T00:48:30+00:00"}
[2026-09-24 19:49:15] TX Cliente MQTT explicito (paho, SAS manual) -> {"humo": 0.021, "tempTecho": 25.2, "tsDispositivo": "2026-09-25T00:49:15+00:00"}
[2026-09-24 19:50:00] TX Cliente MQTT explicito (paho, SAS manual) -> {"humo": 0.021, "tempTecho": 24.94, "tsDispositivo": "2026-09-25T00:50:00+00:00"}
[2026-09-24 19:50:45] TX Cliente MQTT explicito (paho, SAS manual) -> {"humo": 0.017, "tempTecho": 25.51, "tsDispositivo": "2026-09-25T00:50:45+00:00"}
[2026-09-24 19:51:30] TX Cliente MQTT explicito (paho, SAS manual) -> {"humo": 0.019, "tempTecho": 25.42, "tsDispositivo": "2026-09-25T00:51:30+00:00"}
[2026-09-24 19:52:15] TX Cliente MQTT explicito (paho, SAS manual) -> {"humo": 0.02, "tempTecho": 25.53, "tsDispositivo": "2026-09-25T00:52:15+00:00"}
[2026-09-24 19:53:00] TX Cliente MQTT explicito (paho, SAS manual) -> {"humo": 0.018, "tempTecho": 25.54, "tsDispositivo": "2026-09-25T00:53:00+00:00"}
[2026-09-24 19:53:45] TX Cliente MQTT explicito (paho, SAS manual) -> {"humo": 0.021, "tempTecho": 25.55, "tsDispositivo": "2026-09-25T00:53:45+00:00"}
[2026-09-24 19:54:30] TX Cliente MQTT explicito (paho, SAS manual) -> {"humo": 0.021, "tempTecho": 25.33, "tsDispositivo": "2026-09-25T00:54:30+00:00"}
[2026-09-24 19:55:34] INFO  hub listo: iotc-ce764639-456d-4e61-9e9c-e64c9a818624.azure-devices.net
[2026-09-24 19:55:35] INFO  MQTT explicito conectado a iotc-ce764639-456d-4e61-9e9c-e64c9a818624.azure-devices.net:8883 (QoS 1, SAS nuevo, topic devices/DC-HUMO-08/messages/events/)
[2026-09-24 19:55:35] INFO  renovando SAS / reconectando al hub
[2026-09-24 19:55:35] INFO  [HUB] CONNECT rc=0 (0=OK, 4=timeout de red, 5=no autorizado)
[2026-09-24 19:55:35] INFO  propiedades reportadas: {'zona': 'Deteccion de humo / incendio (techo sala blanca)', 'ubicacion': 'Sala blanca - losa superior, cerca del VESDA', 'origenEnvio': 'Cliente MQTT explicito (paho, SAS manual)', 'fabricante': 'Siemens FDA241 + ESP32-WROOM', 'modelo': 'Nodo-Paho-MQTT/1.0', 'versionFirmware': '1.1.0', 'intervaloMuestreo': 45}
[2026-09-24 19:55:36] INFO  MQTT explicito conectado a iotc-ce764639-456d-4e61-9e9c-e64c9a818624.azure-devices.net:8883 (QoS 1, SAS nuevo, topic devices/DC-HUMO-08/messages/events/)
[2026-09-24 19:55:36] TX Cliente MQTT explicito (paho, SAS manual) -> {"humo": 0.02, "tempTecho": 25.17, "tsDispositivo": "2026-09-25T00:55:36+00:00"}
[2026-09-24 19:55:36] INFO  [HUB] CONNECT rc=0 (0=OK, 4=timeout de red, 5=no autorizado)
[2026-09-24 19:55:36] INFO  propiedades reportadas: {'zona': 'Deteccion de humo / incendio (techo sala blanca)', 'ubicacion': 'Sala blanca - losa superior, cerca del VESDA', 'origenEnvio': 'Cliente MQTT explicito (paho, SAS manual)', 'fabricante': 'Siemens FDA241 + ESP32-WROOM', 'modelo': 'Nodo-Paho-MQTT/1.0', 'versionFirmware': '1.1.0', 'intervaloMuestreo': 45}
[2026-09-24 19:56:21] TX Cliente MQTT explicito (paho, SAS manual) -> {"humo": 0.021, "tempTecho": 24.93, "tsDispositivo": "2026-09-25T00:56:21+00:00"}
[2026-09-24 19:57:06] TX Cliente MQTT explicito (paho, SAS manual) -> {"humo": 0.018, "tempTecho": 25.18, "tsDispositivo": "2026-09-25T00:57:06+00:00"}
[2026-09-24 19:57:23] INFO  hub listo: iotc-ce764639-456d-4e61-9e9c-e64c9a818624.azure-devices.net
[2026-09-24 19:57:23] INFO  MQTT explicito conectado a iotc-ce764639-456d-4e61-9e9c-e64c9a818624.azure-devices.net:8883 (QoS 1, SAS nuevo, topic devices/DC-HUMO-08/messages/events/)
[2026-09-24 19:57:23] INFO  renovando SAS / reconectando al hub
[2026-09-24 19:57:23] INFO  [HUB] CONNECT rc=0 (0=OK, 4=timeout de red, 5=no autorizado)
[2026-09-24 19:57:23] INFO  propiedades reportadas: {'zona': 'Deteccion de humo / incendio (techo sala blanca)', 'ubicacion': 'Sala blanca - losa superior, cerca del VESDA', 'origenEnvio': 'Cliente MQTT explicito (paho, SAS manual)', 'fabricante': 'Siemens FDA241 + ESP32-WROOM', 'modelo': 'Nodo-Paho-MQTT/1.0', 'versionFirmware': '1.1.0', 'intervaloMuestreo': 45}
[2026-09-24 19:57:24] INFO  MQTT explicito conectado a iotc-ce764639-456d-4e61-9e9c-e64c9a818624.azure-devices.net:8883 (QoS 1, SAS nuevo, topic devices/DC-HUMO-08/messages/events/)
[2026-09-24 19:57:24] TX Cliente MQTT explicito (paho, SAS manual) -> {"humo": 0.021, "tempTecho": 25.42, "tsDispositivo": "2026-09-25T00:57:24+00:00"}
[2026-09-24 19:57:24] INFO  [HUB] CONNECT rc=0 (0=OK, 4=timeout de red, 5=no autorizado)
[2026-09-24 19:57:24] INFO  propiedades reportadas: {'zona': 'Deteccion de humo / incendio (techo sala blanca)', 'ubicacion': 'Sala blanca - losa superior, cerca del VESDA', 'origenEnvio': 'Cliente MQTT explicito (paho, SAS manual)', 'fabricante': 'Siemens FDA241 + ESP32-WROOM', 'modelo': 'Nodo-Paho-MQTT/1.0', 'versionFirmware': '1.1.0', 'intervaloMuestreo': 45}
[2026-09-24 19:58:09] TX Cliente MQTT explicito (paho, SAS manual) -> {"humo": 0.02, "tempTecho": 25.48, "tsDispositivo": "2026-09-25T00:58:09+00:00"}
[2026-09-24 19:59:02] INFO  hub listo: iotc-ce764639-456d-4e61-9e9c-e64c9a818624.azure-devices.net
[2026-09-24 19:59:03] INFO  MQTT explicito conectado a iotc-ce764639-456d-4e61-9e9c-e64c9a818624.azure-devices.net:8883 (QoS 1, SAS nuevo, topic devices/DC-HUMO-08/messages/events/)
[2026-09-24 19:59:03] INFO  renovando SAS / reconectando al hub
[2026-09-24 19:59:03] INFO  [HUB] CONNECT rc=0 (0=OK, 4=timeout de red, 5=no autorizado)
[2026-09-24 19:59:03] INFO  propiedades reportadas: {'zona': 'Deteccion de humo / incendio (techo sala blanca)', 'ubicacion': 'Sala blanca - losa superior, cerca del VESDA', 'origenEnvio': 'Cliente MQTT explicito (paho, SAS manual)', 'fabricante': 'Siemens FDA241 + ESP32-WROOM', 'modelo': 'Nodo-Paho-MQTT/1.0', 'versionFirmware': '1.1.0', 'intervaloMuestreo': 45}
[2026-09-24 19:59:04] INFO  MQTT explicito conectado a iotc-ce764639-456d-4e61-9e9c-e64c9a818624.azure-devices.net:8883 (QoS 1, SAS nuevo, topic devices/DC-HUMO-08/messages/events/)
[2026-09-24 19:59:04] TX Cliente MQTT explicito (paho, SAS manual) -> {"humo": 0.019, "tempTecho": 24.98, "tsDispositivo": "2026-09-25T00:59:04+00:00"}
[2026-09-24 19:59:04] INFO  [HUB] CONNECT rc=0 (0=OK, 4=timeout de red, 5=no autorizado)
[2026-09-24 19:59:04] INFO  propiedades reportadas: {'zona': 'Deteccion de humo / incendio (techo sala blanca)', 'ubicacion': 'Sala blanca - losa superior, cerca del VESDA', 'origenEnvio': 'Cliente MQTT explicito (paho, SAS manual)', 'fabricante': 'Siemens FDA241 + ESP32-WROOM', 'modelo': 'Nodo-Paho-MQTT/1.0', 'versionFirmware': '1.1.0', 'intervaloMuestreo': 45}
[2026-09-24 19:59:49] TX Cliente MQTT explicito (paho, SAS manual) -> {"humo": 0.018, "tempTecho": 24.76, "tsDispositivo": "2026-09-25T00:59:49+00:00"}
[2026-09-24 20:00:34] TX Cliente MQTT explicito (paho, SAS manual) -> {"humo": 0.021, "tempTecho": 25.16, "tsDispositivo": "2026-09-25T01:00:34+00:00"}
