[2026-09-26 15:37:24] INFO  hub listo: iotc-ce764639-456d-4e61-9e9c-e64c9a818624.azure-devices.net
[2026-09-26 15:37:24] INFO  MQTT explicito conectado a iotc-ce764639-456d-4e61-9e9c-e64c9a818624.azure-devices.net:8883 (QoS 1, SAS nuevo, topic devices/DC-HUMO-08/messages/events/)
[2026-09-26 15:37:24] INFO  renovando SAS / reconectando al hub
[2026-09-26 15:37:24] INFO  [HUB] CONNECT rc=0 (0=OK, 4=timeout de red, 5=no autorizado)
[2026-09-26 15:37:24] INFO  propiedades reportadas: {'zona': 'Deteccion de humo / incendio (techo sala blanca)', 'ubicacion': 'Sala blanca - losa superior, cerca del VESDA', 'origenEnvio': 'Cliente MQTT explicito (paho, SAS manual)', 'fabricante': 'Siemens FDA241 + ESP32-WROOM', 'modelo': 'Nodo-Paho-MQTT/1.0', 'versionFirmware': '1.1.0', 'intervaloMuestreo': 45}
[2026-09-26 15:37:25] INFO  MQTT explicito conectado a iotc-ce764639-456d-4e61-9e9c-e64c9a818624.azure-devices.net:8883 (QoS 1, SAS nuevo, topic devices/DC-HUMO-08/messages/events/)
[2026-09-26 15:37:25] TX Cliente MQTT explicito (paho, SAS manual) -> {"humo": 0.019, "tempTecho": 27.13, "tsDispositivo": "2026-09-26T20:37:25+00:00"}
[2026-09-26 15:37:25] INFO  [HUB] CONNECT rc=0 (0=OK, 4=timeout de red, 5=no autorizado)
[2026-09-26 15:37:25] INFO  propiedades reportadas: {'zona': 'Deteccion de humo / incendio (techo sala blanca)', 'ubicacion': 'Sala blanca - losa superior, cerca del VESDA', 'origenEnvio': 'Cliente MQTT explicito (paho, SAS manual)', 'fabricante': 'Siemens FDA241 + ESP32-WROOM', 'modelo': 'Nodo-Paho-MQTT/1.0', 'versionFirmware': '1.1.0', 'intervaloMuestreo': 45}
[2026-09-26 15:38:10] TX Cliente MQTT explicito (paho, SAS manual) -> {"humo": 0.021, "tempTecho": 27.07, "tsDispositivo": "2026-09-26T20:38:10+00:00"}
[2026-09-26 15:38:55] TX Cliente MQTT explicito (paho, SAS manual) -> {"humo": 0.02, "tempTecho": 26.71, "tsDispositivo": "2026-09-26T20:38:55+00:00"}
[2026-09-26 15:39:40] TX Cliente MQTT explicito (paho, SAS manual) -> {"humo": 0.02, "tempTecho": 26.75, "tsDispositivo": "2026-09-26T20:39:40+00:00"}
[2026-09-26 15:40:25] TX Cliente MQTT explicito (paho, SAS manual) -> {"humo": 0.018, "tempTecho": 27.04, "tsDispositivo": "2026-09-26T20:40:25+00:00"}
[2026-09-26 15:41:10] TX Cliente MQTT explicito (paho, SAS manual) -> {"humo": 0.02, "tempTecho": 27.08, "tsDispositivo": "2026-09-26T20:41:10+00:00"}
[2026-09-26 15:41:55] TX Cliente MQTT explicito (paho, SAS manual) -> {"humo": 0.018, "tempTecho": 27.09, "tsDispositivo": "2026-09-26T20:41:55+00:00"}
[2026-09-26 15:42:40] TX Cliente MQTT explicito (paho, SAS manual) -> {"humo": 0.019, "tempTecho": 26.81, "tsDispositivo": "2026-09-26T20:42:40+00:00"}
[2026-09-26 15:43:25] TX Cliente MQTT explicito (paho, SAS manual) -> {"humo": 0.019, "tempTecho": 26.56, "tsDispositivo": "2026-09-26T20:43:25+00:00"}
[2026-09-26 15:44:10] TX Cliente MQTT explicito (paho, SAS manual) -> {"humo": 0.021, "tempTecho": 26.91, "tsDispositivo": "2026-09-26T20:44:10+00:00"}
[2026-09-26 15:44:55] TX Cliente MQTT explicito (paho, SAS manual) -> {"humo": 0.02, "tempTecho": 26.87, "tsDispositivo": "2026-09-26T20:44:55+00:00"}
[2026-09-26 15:45:40] TX Cliente MQTT explicito (paho, SAS manual) -> {"humo": 0.018, "tempTecho": 27.33, "tsDispositivo": "2026-09-26T20:45:40+00:00"}
[2026-09-26 15:46:25] TX Cliente MQTT explicito (paho, SAS manual) -> {"humo": 0.018, "tempTecho": 27.23, "tsDispositivo": "2026-09-26T20:46:25+00:00"}
[2026-09-26 15:47:10] TX Cliente MQTT explicito (paho, SAS manual) -> {"humo": 0.021, "tempTecho": 27.21, "tsDispositivo": "2026-09-26T20:47:10+00:00"}
[2026-09-26 15:47:55] TX Cliente MQTT explicito (paho, SAS manual) -> {"humo": 0.019, "tempTecho": 26.62, "tsDispositivo": "2026-09-26T20:47:55+00:00"}
[2026-09-26 15:48:40] TX Cliente MQTT explicito (paho, SAS manual) -> {"humo": 0.018, "tempTecho": 26.82, "tsDispositivo": "2026-09-26T20:48:40+00:00"}
[2026-09-26 15:49:25] TX Cliente MQTT explicito (paho, SAS manual) -> {"humo": 0.02, "tempTecho": 26.67, "tsDispositivo": "2026-09-26T20:49:25+00:00"}
[2026-09-26 15:50:10] TX Cliente MQTT explicito (paho, SAS manual) -> {"humo": 0.018, "tempTecho": 27.29, "tsDispositivo": "2026-09-26T20:50:10+00:00"}
[2026-09-26 15:50:55] TX Cliente MQTT explicito (paho, SAS manual) -> {"humo": 0.02, "tempTecho": 26.95, "tsDispositivo": "2026-09-26T20:50:55+00:00"}
[2026-09-26 15:51:40] TX Cliente MQTT explicito (paho, SAS manual) -> {"humo": 0.019, "tempTecho": 26.86, "tsDispositivo": "2026-09-26T20:51:40+00:00"}
[2026-09-26 15:52:25] TX Cliente MQTT explicito (paho, SAS manual) -> {"humo": 0.021, "tempTecho": 26.65, "tsDispositivo": "2026-09-26T20:52:25+00:00"}
[2026-09-26 15:53:10] TX Cliente MQTT explicito (paho, SAS manual) -> {"humo": 0.02, "tempTecho": 26.61, "tsDispositivo": "2026-09-26T20:53:10+00:00"}
[2026-09-26 15:53:55] TX Cliente MQTT explicito (paho, SAS manual) -> {"humo": 0.019, "tempTecho": 27.04, "tsDispositivo": "2026-09-26T20:53:55+00:00"}
[2026-09-26 15:54:40] TX Cliente MQTT explicito (paho, SAS manual) -> {"humo": 0.019, "tempTecho": 27.09, "tsDispositivo": "2026-09-26T20:54:40+00:00"}
[2026-09-26 15:55:25] TX Cliente MQTT explicito (paho, SAS manual) -> {"humo": 0.021, "tempTecho": 27.17, "tsDispositivo": "2026-09-26T20:55:25+00:00"}
[2026-09-26 15:56:10] TX Cliente MQTT explicito (paho, SAS manual) -> {"humo": 0.018, "tempTecho": 26.65, "tsDispositivo": "2026-09-26T20:56:10+00:00"}
[2026-09-26 15:56:55] TX Cliente MQTT explicito (paho, SAS manual) -> {"humo": 0.019, "tempTecho": 26.94, "tsDispositivo": "2026-09-26T20:56:55+00:00"}
[2026-09-26 15:57:40] TX Cliente MQTT explicito (paho, SAS manual) -> {"humo": 0.019, "tempTecho": 27.09, "tsDispositivo": "2026-09-26T20:57:40+00:00"}
[2026-09-26 15:58:25] TX Cliente MQTT explicito (paho, SAS manual) -> {"humo": 0.02, "tempTecho": 26.54, "tsDispositivo": "2026-09-26T20:58:25+00:00"}
[2026-09-26 15:59:10] TX Cliente MQTT explicito (paho, SAS manual) -> {"humo": 0.019, "tempTecho": 27.08, "tsDispositivo": "2026-09-26T20:59:10+00:00"}
[2026-09-26 15:59:55] TX Cliente MQTT explicito (paho, SAS manual) -> {"humo": 0.018, "tempTecho": 26.98, "tsDispositivo": "2026-09-26T20:59:55+00:00"}
[2026-09-26 16:00:40] TX Cliente MQTT explicito (paho, SAS manual) -> {"humo": 0.021, "tempTecho": 26.76, "tsDispositivo": "2026-09-26T21:00:40+00:00"}
[2026-09-26 16:01:25] TX Cliente MQTT explicito (paho, SAS manual) -> {"humo": 0.021, "tempTecho": 26.59, "tsDispositivo": "2026-09-26T21:01:25+00:00"}
[2026-09-26 16:02:10] TX Cliente MQTT explicito (paho, SAS manual) -> {"humo": 0.02, "tempTecho": 27.17, "tsDispositivo": "2026-09-26T21:02:10+00:00"}
[2026-09-26 16:02:55] TX Cliente MQTT explicito (paho, SAS manual) -> {"humo": 0.021, "tempTecho": 26.79, "tsDispositivo": "2026-09-26T21:02:55+00:00"}
[2026-09-26 16:03:40] TX Cliente MQTT explicito (paho, SAS manual) -> {"humo": 0.018, "tempTecho": 26.55, "tsDispositivo": "2026-09-26T21:03:40+00:00"}
[2026-09-26 16:04:25] TX Cliente MQTT explicito (paho, SAS manual) -> {"humo": 0.021, "tempTecho": 26.95, "tsDispositivo": "2026-09-26T21:04:25+00:00"}
[2026-09-26 16:05:10] TX Cliente MQTT explicito (paho, SAS manual) -> {"humo": 0.018, "tempTecho": 27.14, "tsDispositivo": "2026-09-26T21:05:10+00:00"}
[2026-09-26 16:05:55] TX Cliente MQTT explicito (paho, SAS manual) -> {"humo": 0.019, "tempTecho": 27.1, "tsDispositivo": "2026-09-26T21:05:55+00:00"}
[2026-09-26 16:06:40] TX Cliente MQTT explicito (paho, SAS manual) -> {"humo": 0.02, "tempTecho": 27.28, "tsDispositivo": "2026-09-26T21:06:40+00:00"}
[2026-09-26 16:07:25] TX Cliente MQTT explicito (paho, SAS manual) -> {"humo": 0.02, "tempTecho": 26.55, "tsDispositivo": "2026-09-26T21:07:25+00:00"}
[2026-09-26 16:08:10] TX Cliente MQTT explicito (paho, SAS manual) -> {"humo": 0.019, "tempTecho": 26.77, "tsDispositivo": "2026-09-26T21:08:10+00:00"}
[2026-09-26 16:08:55] TX Cliente MQTT explicito (paho, SAS manual) -> {"humo": 0.021, "tempTecho": 26.74, "tsDispositivo": "2026-09-26T21:08:55+00:00"}
[2026-09-26 16:09:40] TX Cliente MQTT explicito (paho, SAS manual) -> {"humo": 0.02, "tempTecho": 26.62, "tsDispositivo": "2026-09-26T21:09:40+00:00"}
[2026-09-26 16:10:25] TX Cliente MQTT explicito (paho, SAS manual) -> {"humo": 0.021, "tempTecho": 27.01, "tsDispositivo": "2026-09-26T21:10:25+00:00"}
[2026-09-26 16:11:10] TX Cliente MQTT explicito (paho, SAS manual) -> {"humo": 0.021, "tempTecho": 26.98, "tsDispositivo": "2026-09-26T21:11:10+00:00"}
[2026-09-26 16:11:55] TX Cliente MQTT explicito (paho, SAS manual) -> {"humo": 0.02, "tempTecho": 26.67, "tsDispositivo": "2026-09-26T21:11:55+00:00"}
[2026-09-26 16:12:40] TX Cliente MQTT explicito (paho, SAS manual) -> {"humo": 0.018, "tempTecho": 26.72, "tsDispositivo": "2026-09-26T21:12:40+00:00"}
[2026-09-26 16:13:25] TX Cliente MQTT explicito (paho, SAS manual) -> {"humo": 0.021, "tempTecho": 26.56, "tsDispositivo": "2026-09-26T21:13:25+00:00"}
[2026-09-26 16:14:10] TX Cliente MQTT explicito (paho, SAS manual) -> {"humo": 0.019, "tempTecho": 27.19, "tsDispositivo": "2026-09-26T21:14:10+00:00"}
[2026-09-26 16:14:55] TX Cliente MQTT explicito (paho, SAS manual) -> {"humo": 0.02, "tempTecho": 26.73, "tsDispositivo": "2026-09-26T21:14:55+00:00"}
[2026-09-26 16:15:40] TX Cliente MQTT explicito (paho, SAS manual) -> {"humo": 0.018, "tempTecho": 27.13, "tsDispositivo": "2026-09-26T21:15:40+00:00"}
[2026-09-26 16:16:25] TX Cliente MQTT explicito (paho, SAS manual) -> {"humo": 0.02, "tempTecho": 27.01, "tsDispositivo": "2026-09-26T21:16:25+00:00"}
[2026-09-26 16:17:10] TX Cliente MQTT explicito (paho, SAS manual) -> {"humo": 0.021, "tempTecho": 26.74, "tsDispositivo": "2026-09-26T21:17:10+00:00"}
[2026-09-26 16:17:55] TX Cliente MQTT explicito (paho, SAS manual) -> {"humo": 0.02, "tempTecho": 26.6, "tsDispositivo": "2026-09-26T21:17:55+00:00"}
[2026-09-26 16:18:40] TX Cliente MQTT explicito (paho, SAS manual) -> {"humo": 0.02, "tempTecho": 26.49, "tsDispositivo": "2026-09-26T21:18:40+00:00"}
[2026-09-26 16:19:25] TX Cliente MQTT explicito (paho, SAS manual) -> {"humo": 0.019, "tempTecho": 27.12, "tsDispositivo": "2026-09-26T21:19:25+00:00"}
[2026-09-26 16:20:10] TX Cliente MQTT explicito (paho, SAS manual) -> {"humo": 0.019, "tempTecho": 26.95, "tsDispositivo": "2026-09-26T21:20:10+00:00"}
[2026-09-26 16:20:55] TX Cliente MQTT explicito (paho, SAS manual) -> {"humo": 0.019, "tempTecho": 27.25, "tsDispositivo": "2026-09-26T21:20:55+00:00"}
[2026-09-26 16:21:40] TX Cliente MQTT explicito (paho, SAS manual) -> {"humo": 0.019, "tempTecho": 26.66, "tsDispositivo": "2026-09-26T21:21:40+00:00"}
[2026-09-26 16:22:25] INFO  renovando SAS / reconectando al hub
[2026-09-26 16:22:25] INFO  MQTT explicito conectado a iotc-ce764639-456d-4e61-9e9c-e64c9a818624.azure-devices.net:8883 (QoS 1, SAS nuevo, topic devices/DC-HUMO-08/messages/events/)
[2026-09-26 16:22:25] TX Cliente MQTT explicito (paho, SAS manual) -> {"humo": 0.021, "tempTecho": 26.6, "tsDispositivo": "2026-09-26T21:22:25+00:00"}
[2026-09-26 16:22:25] INFO  [HUB] CONNECT rc=0 (0=OK, 4=timeout de red, 5=no autorizado)
[2026-09-26 16:22:25] INFO  propiedades reportadas: {'zona': 'Deteccion de humo / incendio (techo sala blanca)', 'ubicacion': 'Sala blanca - losa superior, cerca del VESDA', 'origenEnvio': 'Cliente MQTT explicito (paho, SAS manual)', 'fabricante': 'Siemens FDA241 + ESP32-WROOM', 'modelo': 'Nodo-Paho-MQTT/1.0', 'versionFirmware': '1.1.0', 'intervaloMuestreo': 45}
[2026-09-26 16:23:10] TX Cliente MQTT explicito (paho, SAS manual) -> {"humo": 0.017, "tempTecho": 26.68, "tsDispositivo": "2026-09-26T21:23:10+00:00"}
[2026-09-26 16:23:55] TX Cliente MQTT explicito (paho, SAS manual) -> {"humo": 0.019, "tempTecho": 27.11, "tsDispositivo": "2026-09-26T21:23:55+00:00"}
[2026-09-26 16:24:40] TX Cliente MQTT explicito (paho, SAS manual) -> {"humo": 0.019, "tempTecho": 26.86, "tsDispositivo": "2026-09-26T21:24:40+00:00"}
[2026-09-26 16:25:25] TX Cliente MQTT explicito (paho, SAS manual) -> {"humo": 0.019, "tempTecho": 26.87, "tsDispositivo": "2026-09-26T21:25:25+00:00"}
[2026-09-26 16:26:10] TX Cliente MQTT explicito (paho, SAS manual) -> {"humo": 0.019, "tempTecho": 27.03, "tsDispositivo": "2026-09-26T21:26:10+00:00"}
[2026-09-26 16:26:55] TX Cliente MQTT explicito (paho, SAS manual) -> {"humo": 0.019, "tempTecho": 26.43, "tsDispositivo": "2026-09-26T21:26:55+00:00"}
[2026-09-26 16:27:40] TX Cliente MQTT explicito (paho, SAS manual) -> {"humo": 0.018, "tempTecho": 27.03, "tsDispositivo": "2026-09-26T21:27:40+00:00"}
[2026-09-26 16:28:25] TX Cliente MQTT explicito (paho, SAS manual) -> {"humo": 0.02, "tempTecho": 26.57, "tsDispositivo": "2026-09-26T21:28:25+00:00"}
[2026-09-26 16:29:10] TX Cliente MQTT explicito (paho, SAS manual) -> {"humo": 0.018, "tempTecho": 26.95, "tsDispositivo": "2026-09-26T21:29:10+00:00"}
[2026-09-26 16:29:55] TX Cliente MQTT explicito (paho, SAS manual) -> {"humo": 0.017, "tempTecho": 26.78, "tsDispositivo": "2026-09-26T21:29:55+00:00"}
[2026-09-26 16:30:40] TX Cliente MQTT explicito (paho, SAS manual) -> {"humo": 0.018, "tempTecho": 26.44, "tsDispositivo": "2026-09-26T21:30:40+00:00"}
[2026-09-26 16:31:25] TX Cliente MQTT explicito (paho, SAS manual) -> {"humo": 0.019, "tempTecho": 26.99, "tsDispositivo": "2026-09-26T21:31:25+00:00"}
[2026-09-26 16:32:10] TX Cliente MQTT explicito (paho, SAS manual) -> {"humo": 0.021, "tempTecho": 27.17, "tsDispositivo": "2026-09-26T21:32:10+00:00"}
[2026-09-26 16:32:55] TX Cliente MQTT explicito (paho, SAS manual) -> {"humo": 0.019, "tempTecho": 27.01, "tsDispositivo": "2026-09-26T21:32:55+00:00"}
[2026-09-26 16:33:40] TX Cliente MQTT explicito (paho, SAS manual) -> {"humo": 0.018, "tempTecho": 26.76, "tsDispositivo": "2026-09-26T21:33:40+00:00"}
[2026-09-26 16:34:25] TX Cliente MQTT explicito (paho, SAS manual) -> {"humo": 0.019, "tempTecho": 26.84, "tsDispositivo": "2026-09-26T21:34:25+00:00"}
[2026-09-26 16:35:10] TX Cliente MQTT explicito (paho, SAS manual) -> {"humo": 0.019, "tempTecho": 27.04, "tsDispositivo": "2026-09-26T21:35:10+00:00"}
[2026-09-26 16:35:55] TX Cliente MQTT explicito (paho, SAS manual) -> {"humo": 0.021, "tempTecho": 26.82, "tsDispositivo": "2026-09-26T21:35:55+00:00"}
[2026-09-26 16:36:40] TX Cliente MQTT explicito (paho, SAS manual) -> {"humo": 0.021, "tempTecho": 27.18, "tsDispositivo": "2026-09-26T21:36:40+00:00"}
[2026-09-26 16:37:25] TX Cliente MQTT explicito (paho, SAS manual) -> {"humo": 0.02, "tempTecho": 26.52, "tsDispositivo": "2026-09-26T21:37:25+00:00"}
[2026-09-26 16:38:10] TX Cliente MQTT explicito (paho, SAS manual) -> {"humo": 0.02, "tempTecho": 26.42, "tsDispositivo": "2026-09-26T21:38:10+00:00"}
[2026-09-26 16:38:55] TX Cliente MQTT explicito (paho, SAS manual) -> {"humo": 0.018, "tempTecho": 26.42, "tsDispositivo": "2026-09-26T21:38:55+00:00"}
[2026-09-26 16:39:40] TX Cliente MQTT explicito (paho, SAS manual) -> {"humo": 0.018, "tempTecho": 26.72, "tsDispositivo": "2026-09-26T21:39:40+00:00"}
[2026-09-26 16:40:25] TX Cliente MQTT explicito (paho, SAS manual) -> {"humo": 0.018, "tempTecho": 26.59, "tsDispositivo": "2026-09-26T21:40:25+00:00"}
[2026-09-26 16:41:10] TX Cliente MQTT explicito (paho, SAS manual) -> {"humo": 0.018, "tempTecho": 26.97, "tsDispositivo": "2026-09-26T21:41:10+00:00"}
[2026-09-26 16:41:55] TX Cliente MQTT explicito (paho, SAS manual) -> {"humo": 0.017, "tempTecho": 27.1, "tsDispositivo": "2026-09-26T21:41:55+00:00"}
[2026-09-26 16:42:40] TX Cliente MQTT explicito (paho, SAS manual) -> {"humo": 0.018, "tempTecho": 27.11, "tsDispositivo": "2026-09-26T21:42:40+00:00"}
[2026-09-26 16:43:25] TX Cliente MQTT explicito (paho, SAS manual) -> {"humo": 0.02, "tempTecho": 26.62, "tsDispositivo": "2026-09-26T21:43:25+00:00"}
[2026-09-26 16:44:10] TX Cliente MQTT explicito (paho, SAS manual) -> {"humo": 0.021, "tempTecho": 26.37, "tsDispositivo": "2026-09-26T21:44:10+00:00"}
[2026-09-26 16:44:55] TX Cliente MQTT explicito (paho, SAS manual) -> {"humo": 0.019, "tempTecho": 26.7, "tsDispositivo": "2026-09-26T21:44:55+00:00"}
[2026-09-26 16:45:40] TX Cliente MQTT explicito (paho, SAS manual) -> {"humo": 0.017, "tempTecho": 27.08, "tsDispositivo": "2026-09-26T21:45:40+00:00"}
[2026-09-26 16:46:25] TX Cliente MQTT explicito (paho, SAS manual) -> {"humo": 0.021, "tempTecho": 26.44, "tsDispositivo": "2026-09-26T21:46:25+00:00"}
[2026-09-26 16:47:10] TX Cliente MQTT explicito (paho, SAS manual) -> {"humo": 0.019, "tempTecho": 26.86, "tsDispositivo": "2026-09-26T21:47:10+00:00"}
[2026-09-26 16:47:55] TX Cliente MQTT explicito (paho, SAS manual) -> {"humo": 0.019, "tempTecho": 26.42, "tsDispositivo": "2026-09-26T21:47:55+00:00"}
[2026-09-26 16:48:40] TX Cliente MQTT explicito (paho, SAS manual) -> {"humo": 0.02, "tempTecho": 26.73, "tsDispositivo": "2026-09-26T21:48:40+00:00"}
[2026-09-26 16:49:25] TX Cliente MQTT explicito (paho, SAS manual) -> {"humo": 0.019, "tempTecho": 26.42, "tsDispositivo": "2026-09-26T21:49:25+00:00"}
[2026-09-26 16:50:10] TX Cliente MQTT explicito (paho, SAS manual) -> {"humo": 0.019, "tempTecho": 26.74, "tsDispositivo": "2026-09-26T21:50:10+00:00"}
[2026-09-26 16:50:55] TX Cliente MQTT explicito (paho, SAS manual) -> {"humo": 0.018, "tempTecho": 26.97, "tsDispositivo": "2026-09-26T21:50:55+00:00"}
[2026-09-26 16:51:40] TX Cliente MQTT explicito (paho, SAS manual) -> {"humo": 0.021, "tempTecho": 26.56, "tsDispositivo": "2026-09-26T21:51:40+00:00"}
[2026-09-26 16:52:25] TX Cliente MQTT explicito (paho, SAS manual) -> {"humo": 0.017, "tempTecho": 26.88, "tsDispositivo": "2026-09-26T21:52:25+00:00"}
[2026-09-26 16:53:10] TX Cliente MQTT explicito (paho, SAS manual) -> {"humo": 0.02, "tempTecho": 26.54, "tsDispositivo": "2026-09-26T21:53:10+00:00"}
[2026-09-26 16:53:55] TX Cliente MQTT explicito (paho, SAS manual) -> {"humo": 0.021, "tempTecho": 26.61, "tsDispositivo": "2026-09-26T21:53:55+00:00"}
[2026-09-26 16:54:40] TX Cliente MQTT explicito (paho, SAS manual) -> {"humo": 0.021, "tempTecho": 26.76, "tsDispositivo": "2026-09-26T21:54:40+00:00"}
[2026-09-26 16:55:25] TX Cliente MQTT explicito (paho, SAS manual) -> {"humo": 0.019, "tempTecho": 26.45, "tsDispositivo": "2026-09-26T21:55:25+00:00"}
[2026-09-26 16:56:10] TX Cliente MQTT explicito (paho, SAS manual) -> {"humo": 0.02, "tempTecho": 26.5, "tsDispositivo": "2026-09-26T21:56:10+00:00"}
[2026-09-26 16:56:55] TX Cliente MQTT explicito (paho, SAS manual) -> {"humo": 0.018, "tempTecho": 26.86, "tsDispositivo": "2026-09-26T21:56:55+00:00"}
[2026-09-26 16:57:40] TX Cliente MQTT explicito (paho, SAS manual) -> {"humo": 0.018, "tempTecho": 26.85, "tsDispositivo": "2026-09-26T21:57:40+00:00"}
[2026-09-26 16:58:25] TX Cliente MQTT explicito (paho, SAS manual) -> {"humo": 0.02, "tempTecho": 26.65, "tsDispositivo": "2026-09-26T21:58:25+00:00"}
[2026-09-26 16:59:10] TX Cliente MQTT explicito (paho, SAS manual) -> {"humo": 0.021, "tempTecho": 26.38, "tsDispositivo": "2026-09-26T21:59:10+00:00"}
[2026-09-26 16:59:55] TX Cliente MQTT explicito (paho, SAS manual) -> {"humo": 0.018, "tempTecho": 27.06, "tsDispositivo": "2026-09-26T21:59:55+00:00"}
[2026-09-26 17:00:40] TX Cliente MQTT explicito (paho, SAS manual) -> {"humo": 0.02, "tempTecho": 26.66, "tsDispositivo": "2026-09-26T22:00:40+00:00"}
[2026-09-26 17:01:25] TX Cliente MQTT explicito (paho, SAS manual) -> {"humo": 0.019, "tempTecho": 26.82, "tsDispositivo": "2026-09-26T22:01:25+00:00"}
[2026-09-26 17:02:10] TX Cliente MQTT explicito (paho, SAS manual) -> {"humo": 0.019, "tempTecho": 26.88, "tsDispositivo": "2026-09-26T22:02:10+00:00"}
[2026-09-26 17:02:55] TX Cliente MQTT explicito (paho, SAS manual) -> {"humo": 0.018, "tempTecho": 26.54, "tsDispositivo": "2026-09-26T22:02:55+00:00"}
[2026-09-26 17:03:40] TX Cliente MQTT explicito (paho, SAS manual) -> {"humo": 0.019, "tempTecho": 26.85, "tsDispositivo": "2026-09-26T22:03:40+00:00"}
[2026-09-26 17:04:25] TX Cliente MQTT explicito (paho, SAS manual) -> {"humo": 0.019, "tempTecho": 26.73, "tsDispositivo": "2026-09-26T22:04:25+00:00"}
[2026-09-26 17:05:10] TX Cliente MQTT explicito (paho, SAS manual) -> {"humo": 0.018, "tempTecho": 26.64, "tsDispositivo": "2026-09-26T22:05:10+00:00"}
[2026-09-26 17:05:55] TX Cliente MQTT explicito (paho, SAS manual) -> {"humo": 0.021, "tempTecho": 26.36, "tsDispositivo": "2026-09-26T22:05:55+00:00"}
[2026-09-26 17:06:40] TX Cliente MQTT explicito (paho, SAS manual) -> {"humo": 0.021, "tempTecho": 26.87, "tsDispositivo": "2026-09-26T22:06:40+00:00"}
[2026-09-26 17:07:25] INFO  renovando SAS / reconectando al hub
[2026-09-26 17:07:25] INFO  MQTT explicito conectado a iotc-ce764639-456d-4e61-9e9c-e64c9a818624.azure-devices.net:8883 (QoS 1, SAS nuevo, topic devices/DC-HUMO-08/messages/events/)
[2026-09-26 17:07:25] TX Cliente MQTT explicito (paho, SAS manual) -> {"humo": 0.02, "tempTecho": 26.68, "tsDispositivo": "2026-09-26T22:07:25+00:00"}
[2026-09-26 17:07:25] INFO  [HUB] CONNECT rc=0 (0=OK, 4=timeout de red, 5=no autorizado)
[2026-09-26 17:07:25] INFO  propiedades reportadas: {'zona': 'Deteccion de humo / incendio (techo sala blanca)', 'ubicacion': 'Sala blanca - losa superior, cerca del VESDA', 'origenEnvio': 'Cliente MQTT explicito (paho, SAS manual)', 'fabricante': 'Siemens FDA241 + ESP32-WROOM', 'modelo': 'Nodo-Paho-MQTT/1.0', 'versionFirmware': '1.1.0', 'intervaloMuestreo': 45}
[2026-09-26 17:08:10] TX Cliente MQTT explicito (paho, SAS manual) -> {"humo": 0.019, "tempTecho": 26.75, "tsDispositivo": "2026-09-26T22:08:10+00:00"}
[2026-09-26 17:08:55] TX Cliente MQTT explicito (paho, SAS manual) -> {"humo": 0.019, "tempTecho": 26.52, "tsDispositivo": "2026-09-26T22:08:55+00:00"}
[2026-09-26 17:09:40] TX Cliente MQTT explicito (paho, SAS manual) -> {"humo": 0.018, "tempTecho": 26.22, "tsDispositivo": "2026-09-26T22:09:40+00:00"}
[2026-09-26 17:10:25] TX Cliente MQTT explicito (paho, SAS manual) -> {"humo": 0.017, "tempTecho": 26.22, "tsDispositivo": "2026-09-26T22:10:25+00:00"}
[2026-09-26 17:11:10] TX Cliente MQTT explicito (paho, SAS manual) -> {"humo": 0.019, "tempTecho": 26.58, "tsDispositivo": "2026-09-26T22:11:10+00:00"}
[2026-09-26 17:11:55] TX Cliente MQTT explicito (paho, SAS manual) -> {"humo": 0.02, "tempTecho": 26.34, "tsDispositivo": "2026-09-26T22:11:55+00:00"}
[2026-09-26 17:12:40] TX Cliente MQTT explicito (paho, SAS manual) -> {"humo": 0.018, "tempTecho": 26.78, "tsDispositivo": "2026-09-26T22:12:40+00:00"}
[2026-09-26 17:13:25] TX Cliente MQTT explicito (paho, SAS manual) -> {"humo": 0.019, "tempTecho": 26.38, "tsDispositivo": "2026-09-26T22:13:25+00:00"}
[2026-09-26 17:14:10] TX Cliente MQTT explicito (paho, SAS manual) -> {"humo": 0.02, "tempTecho": 26.41, "tsDispositivo": "2026-09-26T22:14:10+00:00"}
[2026-09-26 17:14:55] TX Cliente MQTT explicito (paho, SAS manual) -> {"humo": 0.018, "tempTecho": 26.69, "tsDispositivo": "2026-09-26T22:14:55+00:00"}
[2026-09-26 17:15:40] TX Cliente MQTT explicito (paho, SAS manual) -> {"humo": 0.018, "tempTecho": 26.64, "tsDispositivo": "2026-09-26T22:15:40+00:00"}
[2026-09-26 17:16:25] TX Cliente MQTT explicito (paho, SAS manual) -> {"humo": 0.021, "tempTecho": 26.88, "tsDispositivo": "2026-09-26T22:16:25+00:00"}
[2026-09-26 17:17:10] TX Cliente MQTT explicito (paho, SAS manual) -> {"humo": 0.018, "tempTecho": 26.33, "tsDispositivo": "2026-09-26T22:17:10+00:00"}
[2026-09-26 17:17:55] TX Cliente MQTT explicito (paho, SAS manual) -> {"humo": 0.018, "tempTecho": 26.59, "tsDispositivo": "2026-09-26T22:17:55+00:00"}
[2026-09-26 17:18:40] TX Cliente MQTT explicito (paho, SAS manual) -> {"humo": 0.021, "tempTecho": 26.19, "tsDispositivo": "2026-09-26T22:18:40+00:00"}
[2026-09-26 17:19:25] TX Cliente MQTT explicito (paho, SAS manual) -> {"humo": 0.019, "tempTecho": 26.86, "tsDispositivo": "2026-09-26T22:19:25+00:00"}
[2026-09-26 17:20:10] TX Cliente MQTT explicito (paho, SAS manual) -> {"humo": 0.018, "tempTecho": 26.21, "tsDispositivo": "2026-09-26T22:20:10+00:00"}
[2026-09-26 17:20:55] TX Cliente MQTT explicito (paho, SAS manual) -> {"humo": 0.019, "tempTecho": 26.63, "tsDispositivo": "2026-09-26T22:20:55+00:00"}
[2026-09-26 17:21:40] TX Cliente MQTT explicito (paho, SAS manual) -> {"humo": 0.021, "tempTecho": 26.83, "tsDispositivo": "2026-09-26T22:21:40+00:00"}
[2026-09-26 17:22:25] TX Cliente MQTT explicito (paho, SAS manual) -> {"humo": 0.02, "tempTecho": 26.44, "tsDispositivo": "2026-09-26T22:22:25+00:00"}
[2026-09-26 17:23:10] TX Cliente MQTT explicito (paho, SAS manual) -> {"humo": 0.02, "tempTecho": 26.75, "tsDispositivo": "2026-09-26T22:23:10+00:00"}
[2026-09-26 17:23:55] TX Cliente MQTT explicito (paho, SAS manual) -> {"humo": 0.017, "tempTecho": 26.9, "tsDispositivo": "2026-09-26T22:23:55+00:00"}
[2026-09-26 17:24:40] TX Cliente MQTT explicito (paho, SAS manual) -> {"humo": 0.017, "tempTecho": 26.74, "tsDispositivo": "2026-09-26T22:24:40+00:00"}
[2026-09-26 17:25:25] TX Cliente MQTT explicito (paho, SAS manual) -> {"humo": 0.018, "tempTecho": 26.16, "tsDispositivo": "2026-09-26T22:25:25+00:00"}
[2026-09-26 17:26:10] TX Cliente MQTT explicito (paho, SAS manual) -> {"humo": 0.018, "tempTecho": 26.64, "tsDispositivo": "2026-09-26T22:26:10+00:00"}
[2026-09-26 17:26:55] TX Cliente MQTT explicito (paho, SAS manual) -> {"humo": 0.018, "tempTecho": 26.25, "tsDispositivo": "2026-09-26T22:26:55+00:00"}
[2026-09-26 17:27:40] TX Cliente MQTT explicito (paho, SAS manual) -> {"humo": 0.021, "tempTecho": 26.11, "tsDispositivo": "2026-09-26T22:27:40+00:00"}
[2026-09-26 17:28:25] TX Cliente MQTT explicito (paho, SAS manual) -> {"humo": 0.02, "tempTecho": 26.14, "tsDispositivo": "2026-09-26T22:28:25+00:00"}
[2026-09-26 17:29:10] TX Cliente MQTT explicito (paho, SAS manual) -> {"humo": 0.017, "tempTecho": 26.59, "tsDispositivo": "2026-09-26T22:29:10+00:00"}
[2026-09-26 17:29:55] TX Cliente MQTT explicito (paho, SAS manual) -> {"humo": 0.02, "tempTecho": 26.76, "tsDispositivo": "2026-09-26T22:29:55+00:00"}
[2026-09-26 17:30:40] TX Cliente MQTT explicito (paho, SAS manual) -> {"humo": 0.019, "tempTecho": 26.67, "tsDispositivo": "2026-09-26T22:30:40+00:00"}
[2026-09-26 17:31:25] TX Cliente MQTT explicito (paho, SAS manual) -> {"humo": 0.021, "tempTecho": 26.43, "tsDispositivo": "2026-09-26T22:31:25+00:00"}
[2026-09-26 17:32:10] TX Cliente MQTT explicito (paho, SAS manual) -> {"humo": 0.02, "tempTecho": 26.57, "tsDispositivo": "2026-09-26T22:32:10+00:00"}
[2026-09-26 17:32:55] TX Cliente MQTT explicito (paho, SAS manual) -> {"humo": 0.019, "tempTecho": 26.58, "tsDispositivo": "2026-09-26T22:32:55+00:00"}
[2026-09-26 17:33:40] TX Cliente MQTT explicito (paho, SAS manual) -> {"humo": 0.021, "tempTecho": 26.21, "tsDispositivo": "2026-09-26T22:33:40+00:00"}
[2026-09-26 17:34:25] TX Cliente MQTT explicito (paho, SAS manual) -> {"humo": 0.018, "tempTecho": 26.55, "tsDispositivo": "2026-09-26T22:34:25+00:00"}
[2026-09-26 17:35:10] TX Cliente MQTT explicito (paho, SAS manual) -> {"humo": 0.018, "tempTecho": 26.28, "tsDispositivo": "2026-09-26T22:35:10+00:00"}
[2026-09-26 17:35:55] TX Cliente MQTT explicito (paho, SAS manual) -> {"humo": 0.02, "tempTecho": 26.77, "tsDispositivo": "2026-09-26T22:35:55+00:00"}
[2026-09-26 17:36:40] TX Cliente MQTT explicito (paho, SAS manual) -> {"humo": 0.02, "tempTecho": 26.1, "tsDispositivo": "2026-09-26T22:36:40+00:00"}
[2026-09-26 17:37:25] TX Cliente MQTT explicito (paho, SAS manual) -> {"humo": 0.019, "tempTecho": 26.46, "tsDispositivo": "2026-09-26T22:37:25+00:00"}
[2026-09-26 17:38:10] TX Cliente MQTT explicito (paho, SAS manual) -> {"humo": 0.018, "tempTecho": 26.69, "tsDispositivo": "2026-09-26T22:38:10+00:00"}
[2026-09-26 17:38:55] TX Cliente MQTT explicito (paho, SAS manual) -> {"humo": 0.017, "tempTecho": 26.43, "tsDispositivo": "2026-09-26T22:38:55+00:00"}
[2026-09-26 17:39:40] TX Cliente MQTT explicito (paho, SAS manual) -> {"humo": 0.021, "tempTecho": 26.19, "tsDispositivo": "2026-09-26T22:39:40+00:00"}
[2026-09-26 17:40:25] TX Cliente MQTT explicito (paho, SAS manual) -> {"humo": 0.02, "tempTecho": 26.3, "tsDispositivo": "2026-09-26T22:40:25+00:00"}
[2026-09-26 17:41:10] TX Cliente MQTT explicito (paho, SAS manual) -> {"humo": 0.02, "tempTecho": 26.48, "tsDispositivo": "2026-09-26T22:41:10+00:00"}
[2026-09-26 17:41:55] TX Cliente MQTT explicito (paho, SAS manual) -> {"humo": 0.017, "tempTecho": 26.1, "tsDispositivo": "2026-09-26T22:41:55+00:00"}
[2026-09-26 17:42:40] TX Cliente MQTT explicito (paho, SAS manual) -> {"humo": 0.018, "tempTecho": 26.72, "tsDispositivo": "2026-09-26T22:42:40+00:00"}
[2026-09-26 17:43:25] TX Cliente MQTT explicito (paho, SAS manual) -> {"humo": 0.018, "tempTecho": 26.34, "tsDispositivo": "2026-09-26T22:43:25+00:00"}
[2026-09-26 17:44:10] TX Cliente MQTT explicito (paho, SAS manual) -> {"humo": 0.021, "tempTecho": 26.1, "tsDispositivo": "2026-09-26T22:44:10+00:00"}
[2026-09-26 17:44:55] TX Cliente MQTT explicito (paho, SAS manual) -> {"humo": 0.018, "tempTecho": 26.21, "tsDispositivo": "2026-09-26T22:44:55+00:00"}
[2026-09-26 17:45:40] TX Cliente MQTT explicito (paho, SAS manual) -> {"humo": 0.019, "tempTecho": 26.38, "tsDispositivo": "2026-09-26T22:45:40+00:00"}
[2026-09-26 17:46:25] TX Cliente MQTT explicito (paho, SAS manual) -> {"humo": 0.02, "tempTecho": 26.27, "tsDispositivo": "2026-09-26T22:46:25+00:00"}
[2026-09-26 17:47:10] TX Cliente MQTT explicito (paho, SAS manual) -> {"humo": 0.018, "tempTecho": 26.18, "tsDispositivo": "2026-09-26T22:47:10+00:00"}
[2026-09-26 17:47:55] TX Cliente MQTT explicito (paho, SAS manual) -> {"humo": 0.019, "tempTecho": 26.35, "tsDispositivo": "2026-09-26T22:47:55+00:00"}
[2026-09-26 17:48:40] TX Cliente MQTT explicito (paho, SAS manual) -> {"humo": 0.02, "tempTecho": 26.39, "tsDispositivo": "2026-09-26T22:48:40+00:00"}
[2026-09-26 17:49:25] TX Cliente MQTT explicito (paho, SAS manual) -> {"humo": 0.019, "tempTecho": 26.5, "tsDispositivo": "2026-09-26T22:49:25+00:00"}
[2026-09-26 17:50:10] TX Cliente MQTT explicito (paho, SAS manual) -> {"humo": 0.02, "tempTecho": 26.68, "tsDispositivo": "2026-09-26T22:50:10+00:00"}
[2026-09-26 17:50:55] TX Cliente MQTT explicito (paho, SAS manual) -> {"humo": 0.02, "tempTecho": 26.09, "tsDispositivo": "2026-09-26T22:50:55+00:00"}
[2026-09-26 17:51:40] TX Cliente MQTT explicito (paho, SAS manual) -> {"humo": 0.021, "tempTecho": 26.47, "tsDispositivo": "2026-09-26T22:51:40+00:00"}
[2026-09-26 17:52:25] INFO  renovando SAS / reconectando al hub
[2026-09-26 17:52:26] INFO  MQTT explicito conectado a iotc-ce764639-456d-4e61-9e9c-e64c9a818624.azure-devices.net:8883 (QoS 1, SAS nuevo, topic devices/DC-HUMO-08/messages/events/)
[2026-09-26 17:52:26] TX Cliente MQTT explicito (paho, SAS manual) -> {"humo": 0.018, "tempTecho": 26.14, "tsDispositivo": "2026-09-26T22:52:26+00:00"}
[2026-09-26 17:52:26] INFO  [HUB] CONNECT rc=0 (0=OK, 4=timeout de red, 5=no autorizado)
[2026-09-26 17:52:26] INFO  propiedades reportadas: {'zona': 'Deteccion de humo / incendio (techo sala blanca)', 'ubicacion': 'Sala blanca - losa superior, cerca del VESDA', 'origenEnvio': 'Cliente MQTT explicito (paho, SAS manual)', 'fabricante': 'Siemens FDA241 + ESP32-WROOM', 'modelo': 'Nodo-Paho-MQTT/1.0', 'versionFirmware': '1.1.0', 'intervaloMuestreo': 45}
[2026-09-26 17:53:11] TX Cliente MQTT explicito (paho, SAS manual) -> {"humo": 0.018, "tempTecho": 26.31, "tsDispositivo": "2026-09-26T22:53:11+00:00"}
[2026-09-26 17:53:56] TX Cliente MQTT explicito (paho, SAS manual) -> {"humo": 0.017, "tempTecho": 26.46, "tsDispositivo": "2026-09-26T22:53:56+00:00"}
[2026-09-26 17:54:41] TX Cliente MQTT explicito (paho, SAS manual) -> {"humo": 0.02, "tempTecho": 26.44, "tsDispositivo": "2026-09-26T22:54:41+00:00"}
[2026-09-26 17:55:26] TX Cliente MQTT explicito (paho, SAS manual) -> {"humo": 0.021, "tempTecho": 26.57, "tsDispositivo": "2026-09-26T22:55:26+00:00"}
[2026-09-26 17:56:11] TX Cliente MQTT explicito (paho, SAS manual) -> {"humo": 0.02, "tempTecho": 26.11, "tsDispositivo": "2026-09-26T22:56:11+00:00"}
[2026-09-26 17:56:56] TX Cliente MQTT explicito (paho, SAS manual) -> {"humo": 0.021, "tempTecho": 26.21, "tsDispositivo": "2026-09-26T22:56:56+00:00"}
[2026-09-26 17:57:41] TX Cliente MQTT explicito (paho, SAS manual) -> {"humo": 0.019, "tempTecho": 26.12, "tsDispositivo": "2026-09-26T22:57:41+00:00"}
[2026-09-26 17:58:26] TX Cliente MQTT explicito (paho, SAS manual) -> {"humo": 0.021, "tempTecho": 26.44, "tsDispositivo": "2026-09-26T22:58:26+00:00"}
[2026-09-26 17:59:11] TX Cliente MQTT explicito (paho, SAS manual) -> {"humo": 0.019, "tempTecho": 26.41, "tsDispositivo": "2026-09-26T22:59:11+00:00"}
[2026-09-26 17:59:56] TX Cliente MQTT explicito (paho, SAS manual) -> {"humo": 0.021, "tempTecho": 26.12, "tsDispositivo": "2026-09-26T22:59:56+00:00"}
[2026-09-26 18:00:41] TX Cliente MQTT explicito (paho, SAS manual) -> {"humo": 0.018, "tempTecho": 26.63, "tsDispositivo": "2026-09-26T23:00:41+00:00"}
[2026-09-26 18:01:26] TX Cliente MQTT explicito (paho, SAS manual) -> {"humo": 0.019, "tempTecho": 26.61, "tsDispositivo": "2026-09-26T23:01:26+00:00"}
[2026-09-26 18:02:11] TX Cliente MQTT explicito (paho, SAS manual) -> {"humo": 0.02, "tempTecho": 26.39, "tsDispositivo": "2026-09-26T23:02:11+00:00"}
[2026-09-26 18:02:56] TX Cliente MQTT explicito (paho, SAS manual) -> {"humo": 0.017, "tempTecho": 26.31, "tsDispositivo": "2026-09-26T23:02:56+00:00"}
[2026-09-26 18:03:41] TX Cliente MQTT explicito (paho, SAS manual) -> {"humo": 0.02, "tempTecho": 26.38, "tsDispositivo": "2026-09-26T23:03:41+00:00"}
[2026-09-26 18:04:26] TX Cliente MQTT explicito (paho, SAS manual) -> {"humo": 0.018, "tempTecho": 26.52, "tsDispositivo": "2026-09-26T23:04:26+00:00"}
[2026-09-26 18:05:11] TX Cliente MQTT explicito (paho, SAS manual) -> {"humo": 0.018, "tempTecho": 26.48, "tsDispositivo": "2026-09-26T23:05:11+00:00"}
[2026-09-26 18:05:56] TX Cliente MQTT explicito (paho, SAS manual) -> {"humo": 0.018, "tempTecho": 25.97, "tsDispositivo": "2026-09-26T23:05:56+00:00"}
[2026-09-26 18:06:41] TX Cliente MQTT explicito (paho, SAS manual) -> {"humo": 0.017, "tempTecho": 26.27, "tsDispositivo": "2026-09-26T23:06:41+00:00"}
[2026-09-26 18:07:26] TX Cliente MQTT explicito (paho, SAS manual) -> {"humo": 0.017, "tempTecho": 26.56, "tsDispositivo": "2026-09-26T23:07:26+00:00"}
