[2026-09-26 15:37:20] INFO  DPS: id_scope=0ne00FE1F90 registration_id=DC-RACKC-03 transporte=mqtt
[2026-09-26 15:37:23] INFO  DPS OK en 2.4 s -> hub iotc-ce764639-456d-4e61-9e9c-e64c9a818624.azure-devices.net | estado=assigned | DC-RACKC-03
iotc-ce764639-456d-4e61-9e9c-e64c9a818624.azure-devices.net
initialAssignment
null
[2026-09-26 15:37:23] INFO  MQTT/TLS conectado a IoT Central
[2026-09-26 15:37:23] INFO  propiedades reportadas: {'zona': 'Rack C', 'ubicacion': 'Sala blanca - fila C (DC-ANDES-1)', 'origenEnvio': 'Python SDK azure-iot-device (MQTT 8883)', 'fabricante': 'Raspberry Pi 4B + Sensorica SHT31', 'modelo': 'Nodo-Py-MQTT/1.0', 'versionFirmware': '1.4.0', 'intervaloMuestreo': 30}
[2026-09-26 15:37:23] TX Python SDK azure-iot-device (MQTT 8883) -> {"tempIntake": 22.35, "tempExhaust": 33.9, "humedadRack": 47.24, "tsDispositivo": "2026-09-26T20:37:23+00:00"}
[2026-09-26 15:37:53] TX Python SDK azure-iot-device (MQTT 8883) -> {"tempIntake": 22.09, "tempExhaust": 33.36, "humedadRack": 48.62, "tsDispositivo": "2026-09-26T20:37:53+00:00"}
[2026-09-26 15:38:23] TX Python SDK azure-iot-device (MQTT 8883) -> {"tempIntake": 21.84, "tempExhaust": 32.73, "humedadRack": 46.46, "tsDispositivo": "2026-09-26T20:38:23+00:00"}
[2026-09-26 15:38:54] TX Python SDK azure-iot-device (MQTT 8883) -> {"tempIntake": 21.82, "tempExhaust": 33.49, "humedadRack": 46.57, "tsDispositivo": "2026-09-26T20:38:53+00:00"}
[2026-09-26 15:39:24] TX Python SDK azure-iot-device (MQTT 8883) -> {"tempIntake": 21.87, "tempExhaust": 32.85, "humedadRack": 48.73, "tsDispositivo": "2026-09-26T20:39:24+00:00"}
[2026-09-26 15:39:54] TX Python SDK azure-iot-device (MQTT 8883) -> {"tempIntake": 22.02, "tempExhaust": 33.09, "humedadRack": 46.8, "tsDispositivo": "2026-09-26T20:39:54+00:00"}
[2026-09-26 15:40:24] TX Python SDK azure-iot-device (MQTT 8883) -> {"tempIntake": 21.89, "tempExhaust": 33.11, "humedadRack": 46.32, "tsDispositivo": "2026-09-26T20:40:24+00:00"}
[2026-09-26 15:40:54] TX Python SDK azure-iot-device (MQTT 8883) -> {"tempIntake": 22.23, "tempExhaust": 33.37, "humedadRack": 47.86, "tsDispositivo": "2026-09-26T20:40:54+00:00"}
[2026-09-26 15:41:24] TX Python SDK azure-iot-device (MQTT 8883) -> {"tempIntake": 21.93, "tempExhaust": 33.03, "humedadRack": 47.53, "tsDispositivo": "2026-09-26T20:41:24+00:00"}
[2026-09-26 15:41:54] TX Python SDK azure-iot-device (MQTT 8883) -> {"tempIntake": 22.4, "tempExhaust": 33.31, "humedadRack": 48.08, "tsDispositivo": "2026-09-26T20:41:54+00:00"}
[2026-09-26 15:42:24] TX Python SDK azure-iot-device (MQTT 8883) -> {"tempIntake": 21.79, "tempExhaust": 33.54, "humedadRack": 46.64, "tsDispositivo": "2026-09-26T20:42:24+00:00"}
[2026-09-26 15:42:54] TX Python SDK azure-iot-device (MQTT 8883) -> {"tempIntake": 22.35, "tempExhaust": 33.4, "humedadRack": 46.43, "tsDispositivo": "2026-09-26T20:42:54+00:00"}
[2026-09-26 15:43:25] TX Python SDK azure-iot-device (MQTT 8883) -> {"tempIntake": 22.14, "tempExhaust": 32.78, "humedadRack": 46.89, "tsDispositivo": "2026-09-26T20:43:24+00:00"}
[2026-09-26 15:43:55] TX Python SDK azure-iot-device (MQTT 8883) -> {"tempIntake": 21.98, "tempExhaust": 33.62, "humedadRack": 47.2, "tsDispositivo": "2026-09-26T20:43:55+00:00"}
[2026-09-26 15:44:25] TX Python SDK azure-iot-device (MQTT 8883) -> {"tempIntake": 22.22, "tempExhaust": 33.13, "humedadRack": 47.8, "tsDispositivo": "2026-09-26T20:44:25+00:00"}
[2026-09-26 15:44:55] TX Python SDK azure-iot-device (MQTT 8883) -> {"tempIntake": 21.73, "tempExhaust": 32.62, "humedadRack": 47.17, "tsDispositivo": "2026-09-26T20:44:55+00:00"}
[2026-09-26 15:45:25] TX Python SDK azure-iot-device (MQTT 8883) -> {"tempIntake": 22.26, "tempExhaust": 33.26, "humedadRack": 48.56, "tsDispositivo": "2026-09-26T20:45:25+00:00"}
[2026-09-26 15:45:55] TX Python SDK azure-iot-device (MQTT 8883) -> {"tempIntake": 22.11, "tempExhaust": 33.83, "humedadRack": 48.49, "tsDispositivo": "2026-09-26T20:45:55+00:00"}
[2026-09-26 15:46:25] TX Python SDK azure-iot-device (MQTT 8883) -> {"tempIntake": 21.84, "tempExhaust": 33.12, "humedadRack": 47.48, "tsDispositivo": "2026-09-26T20:46:25+00:00"}
[2026-09-26 15:46:55] TX Python SDK azure-iot-device (MQTT 8883) -> {"tempIntake": 22.37, "tempExhaust": 34.2, "humedadRack": 47.71, "tsDispositivo": "2026-09-26T20:46:55+00:00"}
[2026-09-26 15:47:25] TX Python SDK azure-iot-device (MQTT 8883) -> {"tempIntake": 21.81, "tempExhaust": 33.26, "humedadRack": 48.06, "tsDispositivo": "2026-09-26T20:47:25+00:00"}
[2026-09-26 15:47:56] TX Python SDK azure-iot-device (MQTT 8883) -> {"tempIntake": 21.96, "tempExhaust": 33.22, "humedadRack": 48.48, "tsDispositivo": "2026-09-26T20:47:55+00:00"}
[2026-09-26 15:48:26] TX Python SDK azure-iot-device (MQTT 8883) -> {"tempIntake": 21.85, "tempExhaust": 33.55, "humedadRack": 46.24, "tsDispositivo": "2026-09-26T20:48:26+00:00"}
[2026-09-26 15:48:56] TX Python SDK azure-iot-device (MQTT 8883) -> {"tempIntake": 22.09, "tempExhaust": 33.51, "humedadRack": 46.55, "tsDispositivo": "2026-09-26T20:48:56+00:00"}
[2026-09-26 15:49:26] TX Python SDK azure-iot-device (MQTT 8883) -> {"tempIntake": 22.11, "tempExhaust": 33.5, "humedadRack": 47.74, "tsDispositivo": "2026-09-26T20:49:26+00:00"}
[2026-09-26 15:49:56] TX Python SDK azure-iot-device (MQTT 8883) -> {"tempIntake": 21.89, "tempExhaust": 33.67, "humedadRack": 46.92, "tsDispositivo": "2026-09-26T20:49:56+00:00"}
[2026-09-26 15:50:26] TX Python SDK azure-iot-device (MQTT 8883) -> {"tempIntake": 21.73, "tempExhaust": 33.37, "humedadRack": 46.94, "tsDispositivo": "2026-09-26T20:50:26+00:00"}
[2026-09-26 15:50:56] TX Python SDK azure-iot-device (MQTT 8883) -> {"tempIntake": 21.92, "tempExhaust": 33.38, "humedadRack": 47.41, "tsDispositivo": "2026-09-26T20:50:56+00:00"}
[2026-09-26 15:51:26] TX Python SDK azure-iot-device (MQTT 8883) -> {"tempIntake": 22.1, "tempExhaust": 32.83, "humedadRack": 46.7, "tsDispositivo": "2026-09-26T20:51:26+00:00"}
[2026-09-26 15:51:56] TX Python SDK azure-iot-device (MQTT 8883) -> {"tempIntake": 21.93, "tempExhaust": 32.6, "humedadRack": 46.88, "tsDispositivo": "2026-09-26T20:51:56+00:00"}
[2026-09-26 15:52:26] TX Python SDK azure-iot-device (MQTT 8883) -> {"tempIntake": 22.18, "tempExhaust": 33.6, "humedadRack": 46.41, "tsDispositivo": "2026-09-26T20:52:26+00:00"}
[2026-09-26 15:52:57] TX Python SDK azure-iot-device (MQTT 8883) -> {"tempIntake": 21.78, "tempExhaust": 32.95, "humedadRack": 46.52, "tsDispositivo": "2026-09-26T20:52:56+00:00"}
[2026-09-26 15:53:27] TX Python SDK azure-iot-device (MQTT 8883) -> {"tempIntake": 22.25, "tempExhaust": 33.63, "humedadRack": 47.17, "tsDispositivo": "2026-09-26T20:53:27+00:00"}
[2026-09-26 15:53:57] TX Python SDK azure-iot-device (MQTT 8883) -> {"tempIntake": 22.35, "tempExhaust": 34.16, "humedadRack": 48.0, "tsDispositivo": "2026-09-26T20:53:57+00:00"}
[2026-09-26 15:54:27] TX Python SDK azure-iot-device (MQTT 8883) -> {"tempIntake": 21.76, "tempExhaust": 33.37, "humedadRack": 47.28, "tsDispositivo": "2026-09-26T20:54:27+00:00"}
[2026-09-26 15:54:57] TX Python SDK azure-iot-device (MQTT 8883) -> {"tempIntake": 22.07, "tempExhaust": 32.83, "humedadRack": 47.33, "tsDispositivo": "2026-09-26T20:54:57+00:00"}
[2026-09-26 15:55:27] TX Python SDK azure-iot-device (MQTT 8883) -> {"tempIntake": 21.75, "tempExhaust": 32.43, "humedadRack": 47.49, "tsDispositivo": "2026-09-26T20:55:27+00:00"}
[2026-09-26 15:55:57] TX Python SDK azure-iot-device (MQTT 8883) -> {"tempIntake": 22.07, "tempExhaust": 32.8, "humedadRack": 46.6, "tsDispositivo": "2026-09-26T20:55:57+00:00"}
[2026-09-26 15:56:27] TX Python SDK azure-iot-device (MQTT 8883) -> {"tempIntake": 22.29, "tempExhaust": 33.65, "humedadRack": 46.16, "tsDispositivo": "2026-09-26T20:56:27+00:00"}
[2026-09-26 15:56:57] TX Python SDK azure-iot-device (MQTT 8883) -> {"tempIntake": 22.15, "tempExhaust": 32.89, "humedadRack": 48.03, "tsDispositivo": "2026-09-26T20:56:57+00:00"}
[2026-09-26 15:57:28] TX Python SDK azure-iot-device (MQTT 8883) -> {"tempIntake": 22.38, "tempExhaust": 33.56, "humedadRack": 48.18, "tsDispositivo": "2026-09-26T20:57:27+00:00"}
[2026-09-26 15:57:58] TX Python SDK azure-iot-device (MQTT 8883) -> {"tempIntake": 22.34, "tempExhaust": 33.9, "humedadRack": 48.24, "tsDispositivo": "2026-09-26T20:57:58+00:00"}
[2026-09-26 15:58:28] TX Python SDK azure-iot-device (MQTT 8883) -> {"tempIntake": 22.1, "tempExhaust": 33.17, "humedadRack": 46.8, "tsDispositivo": "2026-09-26T20:58:28+00:00"}
[2026-09-26 15:58:58] TX Python SDK azure-iot-device (MQTT 8883) -> {"tempIntake": 21.99, "tempExhaust": 32.66, "humedadRack": 46.2, "tsDispositivo": "2026-09-26T20:58:58+00:00"}
[2026-09-26 15:59:28] TX Python SDK azure-iot-device (MQTT 8883) -> {"tempIntake": 21.87, "tempExhaust": 33.15, "humedadRack": 46.24, "tsDispositivo": "2026-09-26T20:59:28+00:00"}
[2026-09-26 15:59:58] TX Python SDK azure-iot-device (MQTT 8883) -> {"tempIntake": 21.99, "tempExhaust": 32.87, "humedadRack": 47.95, "tsDispositivo": "2026-09-26T20:59:58+00:00"}
[2026-09-26 16:00:28] TX Python SDK azure-iot-device (MQTT 8883) -> {"tempIntake": 21.79, "tempExhaust": 33.06, "humedadRack": 46.83, "tsDispositivo": "2026-09-26T21:00:28+00:00"}
[2026-09-26 16:00:58] TX Python SDK azure-iot-device (MQTT 8883) -> {"tempIntake": 21.79, "tempExhaust": 32.68, "humedadRack": 47.79, "tsDispositivo": "2026-09-26T21:00:58+00:00"}
[2026-09-26 16:01:28] TX Python SDK azure-iot-device (MQTT 8883) -> {"tempIntake": 22.32, "tempExhaust": 34.04, "humedadRack": 47.0, "tsDispositivo": "2026-09-26T21:01:28+00:00"}
[2026-09-26 16:01:59] TX Python SDK azure-iot-device (MQTT 8883) -> {"tempIntake": 21.86, "tempExhaust": 32.77, "humedadRack": 46.27, "tsDispositivo": "2026-09-26T21:01:58+00:00"}
[2026-09-26 16:02:29] TX Python SDK azure-iot-device (MQTT 8883) -> {"tempIntake": 21.9, "tempExhaust": 33.66, "humedadRack": 47.86, "tsDispositivo": "2026-09-26T21:02:29+00:00"}
[2026-09-26 16:02:59] TX Python SDK azure-iot-device (MQTT 8883) -> {"tempIntake": 22.01, "tempExhaust": 33.82, "humedadRack": 47.02, "tsDispositivo": "2026-09-26T21:02:59+00:00"}
[2026-09-26 16:03:29] TX Python SDK azure-iot-device (MQTT 8883) -> {"tempIntake": 21.76, "tempExhaust": 33.03, "humedadRack": 46.05, "tsDispositivo": "2026-09-26T21:03:29+00:00"}
[2026-09-26 16:03:59] TX Python SDK azure-iot-device (MQTT 8883) -> {"tempIntake": 22.26, "tempExhaust": 33.18, "humedadRack": 45.86, "tsDispositivo": "2026-09-26T21:03:59+00:00"}
[2026-09-26 16:04:29] TX Python SDK azure-iot-device (MQTT 8883) -> {"tempIntake": 22.3, "tempExhaust": 33.39, "humedadRack": 46.83, "tsDispositivo": "2026-09-26T21:04:29+00:00"}
[2026-09-26 16:04:59] TX Python SDK azure-iot-device (MQTT 8883) -> {"tempIntake": 21.79, "tempExhaust": 33.34, "humedadRack": 46.8, "tsDispositivo": "2026-09-26T21:04:59+00:00"}
[2026-09-26 16:05:29] TX Python SDK azure-iot-device (MQTT 8883) -> {"tempIntake": 22.38, "tempExhaust": 33.68, "humedadRack": 45.66, "tsDispositivo": "2026-09-26T21:05:29+00:00"}
[2026-09-26 16:05:59] TX Python SDK azure-iot-device (MQTT 8883) -> {"tempIntake": 21.91, "tempExhaust": 32.59, "humedadRack": 45.84, "tsDispositivo": "2026-09-26T21:05:59+00:00"}
[2026-09-26 16:06:29] TX Python SDK azure-iot-device (MQTT 8883) -> {"tempIntake": 21.86, "tempExhaust": 33.0, "humedadRack": 45.89, "tsDispositivo": "2026-09-26T21:06:29+00:00"}
[2026-09-26 16:07:00] TX Python SDK azure-iot-device (MQTT 8883) -> {"tempIntake": 22.24, "tempExhaust": 33.3, "humedadRack": 45.95, "tsDispositivo": "2026-09-26T21:06:59+00:00"}
[2026-09-26 16:07:30] TX Python SDK azure-iot-device (MQTT 8883) -> {"tempIntake": 22.21, "tempExhaust": 33.09, "humedadRack": 46.73, "tsDispositivo": "2026-09-26T21:07:30+00:00"}
[2026-09-26 16:08:00] TX Python SDK azure-iot-device (MQTT 8883) -> {"tempIntake": 21.91, "tempExhaust": 33.65, "humedadRack": 46.9, "tsDispositivo": "2026-09-26T21:08:00+00:00"}
[2026-09-26 16:08:30] TX Python SDK azure-iot-device (MQTT 8883) -> {"tempIntake": 22.03, "tempExhaust": 33.87, "humedadRack": 46.88, "tsDispositivo": "2026-09-26T21:08:30+00:00"}
[2026-09-26 16:09:00] TX Python SDK azure-iot-device (MQTT 8883) -> {"tempIntake": 22.33, "tempExhaust": 33.68, "humedadRack": 47.78, "tsDispositivo": "2026-09-26T21:09:00+00:00"}
[2026-09-26 16:09:30] TX Python SDK azure-iot-device (MQTT 8883) -> {"tempIntake": 22.31, "tempExhaust": 33.02, "humedadRack": 47.47, "tsDispositivo": "2026-09-26T21:09:30+00:00"}
[2026-09-26 16:10:00] TX Python SDK azure-iot-device (MQTT 8883) -> {"tempIntake": 21.71, "tempExhaust": 32.81, "humedadRack": 46.22, "tsDispositivo": "2026-09-26T21:10:00+00:00"}
[2026-09-26 16:10:30] TX Python SDK azure-iot-device (MQTT 8883) -> {"tempIntake": 22.22, "tempExhaust": 33.43, "humedadRack": 46.39, "tsDispositivo": "2026-09-26T21:10:30+00:00"}
[2026-09-26 16:11:00] TX Python SDK azure-iot-device (MQTT 8883) -> {"tempIntake": 21.84, "tempExhaust": 33.34, "humedadRack": 47.16, "tsDispositivo": "2026-09-26T21:11:00+00:00"}
[2026-09-26 16:11:31] TX Python SDK azure-iot-device (MQTT 8883) -> {"tempIntake": 22.33, "tempExhaust": 32.99, "humedadRack": 46.72, "tsDispositivo": "2026-09-26T21:11:30+00:00"}
[2026-09-26 16:12:01] TX Python SDK azure-iot-device (MQTT 8883) -> {"tempIntake": 22.07, "tempExhaust": 33.28, "humedadRack": 47.65, "tsDispositivo": "2026-09-26T21:12:01+00:00"}
[2026-09-26 16:12:31] TX Python SDK azure-iot-device (MQTT 8883) -> {"tempIntake": 22.24, "tempExhaust": 33.3, "humedadRack": 46.68, "tsDispositivo": "2026-09-26T21:12:31+00:00"}
[2026-09-26 16:13:01] TX Python SDK azure-iot-device (MQTT 8883) -> {"tempIntake": 21.91, "tempExhaust": 32.56, "humedadRack": 46.03, "tsDispositivo": "2026-09-26T21:13:01+00:00"}
[2026-09-26 16:13:31] TX Python SDK azure-iot-device (MQTT 8883) -> {"tempIntake": 21.84, "tempExhaust": 33.29, "humedadRack": 47.79, "tsDispositivo": "2026-09-26T21:13:31+00:00"}
[2026-09-26 16:14:01] TX Python SDK azure-iot-device (MQTT 8883) -> {"tempIntake": 22.02, "tempExhaust": 33.03, "humedadRack": 45.88, "tsDispositivo": "2026-09-26T21:14:01+00:00"}
[2026-09-26 16:14:31] TX Python SDK azure-iot-device (MQTT 8883) -> {"tempIntake": 22.07, "tempExhaust": 33.16, "humedadRack": 47.79, "tsDispositivo": "2026-09-26T21:14:31+00:00"}
[2026-09-26 16:15:01] TX Python SDK azure-iot-device (MQTT 8883) -> {"tempIntake": 22.07, "tempExhaust": 32.89, "humedadRack": 45.84, "tsDispositivo": "2026-09-26T21:15:01+00:00"}
[2026-09-26 16:15:31] TX Python SDK azure-iot-device (MQTT 8883) -> {"tempIntake": 21.76, "tempExhaust": 32.81, "humedadRack": 46.43, "tsDispositivo": "2026-09-26T21:15:31+00:00"}
[2026-09-26 16:16:02] TX Python SDK azure-iot-device (MQTT 8883) -> {"tempIntake": 21.87, "tempExhaust": 32.58, "humedadRack": 46.49, "tsDispositivo": "2026-09-26T21:16:01+00:00"}
[2026-09-26 16:16:32] TX Python SDK azure-iot-device (MQTT 8883) -> {"tempIntake": 21.74, "tempExhaust": 33.13, "humedadRack": 47.37, "tsDispositivo": "2026-09-26T21:16:32+00:00"}
[2026-09-26 16:17:02] TX Python SDK azure-iot-device (MQTT 8883) -> {"tempIntake": 22.23, "tempExhaust": 33.05, "humedadRack": 47.04, "tsDispositivo": "2026-09-26T21:17:02+00:00"}
[2026-09-26 16:17:32] TX Python SDK azure-iot-device (MQTT 8883) -> {"tempIntake": 21.96, "tempExhaust": 33.75, "humedadRack": 45.49, "tsDispositivo": "2026-09-26T21:17:32+00:00"}
[2026-09-26 16:18:02] TX Python SDK azure-iot-device (MQTT 8883) -> {"tempIntake": 22.14, "tempExhaust": 32.86, "humedadRack": 47.22, "tsDispositivo": "2026-09-26T21:18:02+00:00"}
[2026-09-26 16:18:32] TX Python SDK azure-iot-device (MQTT 8883) -> {"tempIntake": 22.33, "tempExhaust": 32.93, "humedadRack": 47.06, "tsDispositivo": "2026-09-26T21:18:32+00:00"}
[2026-09-26 16:19:02] TX Python SDK azure-iot-device (MQTT 8883) -> {"tempIntake": 22.21, "tempExhaust": 33.33, "humedadRack": 45.76, "tsDispositivo": "2026-09-26T21:19:02+00:00"}
[2026-09-26 16:19:32] TX Python SDK azure-iot-device (MQTT 8883) -> {"tempIntake": 22.38, "tempExhaust": 33.36, "humedadRack": 45.88, "tsDispositivo": "2026-09-26T21:19:32+00:00"}
[2026-09-26 16:20:02] TX Python SDK azure-iot-device (MQTT 8883) -> {"tempIntake": 22.35, "tempExhaust": 33.33, "humedadRack": 47.03, "tsDispositivo": "2026-09-26T21:20:02+00:00"}
[2026-09-26 16:20:33] TX Python SDK azure-iot-device (MQTT 8883) -> {"tempIntake": 21.78, "tempExhaust": 33.12, "humedadRack": 46.46, "tsDispositivo": "2026-09-26T21:20:32+00:00"}
[2026-09-26 16:21:03] TX Python SDK azure-iot-device (MQTT 8883) -> {"tempIntake": 22.38, "tempExhaust": 34.18, "humedadRack": 47.25, "tsDispositivo": "2026-09-26T21:21:03+00:00"}
[2026-09-26 16:21:33] TX Python SDK azure-iot-device (MQTT 8883) -> {"tempIntake": 21.85, "tempExhaust": 33.43, "humedadRack": 47.36, "tsDispositivo": "2026-09-26T21:21:33+00:00"}
[2026-09-26 16:22:03] TX Python SDK azure-iot-device (MQTT 8883) -> {"tempIntake": 22.01, "tempExhaust": 32.95, "humedadRack": 46.29, "tsDispositivo": "2026-09-26T21:22:03+00:00"}
[2026-09-26 16:22:33] TX Python SDK azure-iot-device (MQTT 8883) -> {"tempIntake": 22.42, "tempExhaust": 33.98, "humedadRack": 47.22, "tsDispositivo": "2026-09-26T21:22:33+00:00"}
[2026-09-26 16:23:03] TX Python SDK azure-iot-device (MQTT 8883) -> {"tempIntake": 22.1, "tempExhaust": 33.35, "humedadRack": 45.85, "tsDispositivo": "2026-09-26T21:23:03+00:00"}
[2026-09-26 16:23:33] TX Python SDK azure-iot-device (MQTT 8883) -> {"tempIntake": 22.14, "tempExhaust": 33.75, "humedadRack": 45.85, "tsDispositivo": "2026-09-26T21:23:33+00:00"}
[2026-09-26 16:24:03] TX Python SDK azure-iot-device (MQTT 8883) -> {"tempIntake": 22.04, "tempExhaust": 33.15, "humedadRack": 46.93, "tsDispositivo": "2026-09-26T21:24:03+00:00"}
[2026-09-26 16:24:33] TX Python SDK azure-iot-device (MQTT 8883) -> {"tempIntake": 21.81, "tempExhaust": 33.27, "humedadRack": 45.25, "tsDispositivo": "2026-09-26T21:24:33+00:00"}
[2026-09-26 16:25:03] TX Python SDK azure-iot-device (MQTT 8883) -> {"tempIntake": 22.3, "tempExhaust": 33.97, "humedadRack": 46.61, "tsDispositivo": "2026-09-26T21:25:03+00:00"}
[2026-09-26 16:25:34] TX Python SDK azure-iot-device (MQTT 8883) -> {"tempIntake": 22.33, "tempExhaust": 32.91, "humedadRack": 47.26, "tsDispositivo": "2026-09-26T21:25:33+00:00"}
[2026-09-26 16:26:04] TX Python SDK azure-iot-device (MQTT 8883) -> {"tempIntake": 22.25, "tempExhaust": 33.42, "humedadRack": 46.31, "tsDispositivo": "2026-09-26T21:26:04+00:00"}
[2026-09-26 16:26:34] TX Python SDK azure-iot-device (MQTT 8883) -> {"tempIntake": 22.41, "tempExhaust": 33.09, "humedadRack": 46.97, "tsDispositivo": "2026-09-26T21:26:34+00:00"}
[2026-09-26 16:27:04] TX Python SDK azure-iot-device (MQTT 8883) -> {"tempIntake": 22.37, "tempExhaust": 33.33, "humedadRack": 46.9, "tsDispositivo": "2026-09-26T21:27:04+00:00"}
[2026-09-26 16:27:34] TX Python SDK azure-iot-device (MQTT 8883) -> {"tempIntake": 21.76, "tempExhaust": 33.2, "humedadRack": 46.58, "tsDispositivo": "2026-09-26T21:27:34+00:00"}
[2026-09-26 16:28:04] TX Python SDK azure-iot-device (MQTT 8883) -> {"tempIntake": 21.8, "tempExhaust": 32.89, "humedadRack": 46.8, "tsDispositivo": "2026-09-26T21:28:04+00:00"}
[2026-09-26 16:28:34] TX Python SDK azure-iot-device (MQTT 8883) -> {"tempIntake": 21.96, "tempExhaust": 32.58, "humedadRack": 45.82, "tsDispositivo": "2026-09-26T21:28:34+00:00"}
[2026-09-26 16:29:04] TX Python SDK azure-iot-device (MQTT 8883) -> {"tempIntake": 22.35, "tempExhaust": 33.81, "humedadRack": 46.68, "tsDispositivo": "2026-09-26T21:29:04+00:00"}
[2026-09-26 16:29:34] TX Python SDK azure-iot-device (MQTT 8883) -> {"tempIntake": 22.15, "tempExhaust": 33.5, "humedadRack": 45.03, "tsDispositivo": "2026-09-26T21:29:34+00:00"}
[2026-09-26 16:30:05] TX Python SDK azure-iot-device (MQTT 8883) -> {"tempIntake": 21.95, "tempExhaust": 33.31, "humedadRack": 45.64, "tsDispositivo": "2026-09-26T21:30:04+00:00"}
[2026-09-26 16:30:35] TX Python SDK azure-iot-device (MQTT 8883) -> {"tempIntake": 22.09, "tempExhaust": 32.94, "humedadRack": 46.79, "tsDispositivo": "2026-09-26T21:30:35+00:00"}
[2026-09-26 16:31:05] TX Python SDK azure-iot-device (MQTT 8883) -> {"tempIntake": 22.0, "tempExhaust": 33.08, "humedadRack": 45.77, "tsDispositivo": "2026-09-26T21:31:05+00:00"}
[2026-09-26 16:31:35] TX Python SDK azure-iot-device (MQTT 8883) -> {"tempIntake": 22.17, "tempExhaust": 33.03, "humedadRack": 45.1, "tsDispositivo": "2026-09-26T21:31:35+00:00"}
[2026-09-26 16:32:05] TX Python SDK azure-iot-device (MQTT 8883) -> {"tempIntake": 21.92, "tempExhaust": 33.29, "humedadRack": 47.16, "tsDispositivo": "2026-09-26T21:32:05+00:00"}
[2026-09-26 16:32:35] TX Python SDK azure-iot-device (MQTT 8883) -> {"tempIntake": 21.82, "tempExhaust": 33.04, "humedadRack": 45.36, "tsDispositivo": "2026-09-26T21:32:35+00:00"}
[2026-09-26 16:33:05] TX Python SDK azure-iot-device (MQTT 8883) -> {"tempIntake": 22.24, "tempExhaust": 33.13, "humedadRack": 45.7, "tsDispositivo": "2026-09-26T21:33:05+00:00"}
[2026-09-26 16:33:35] TX Python SDK azure-iot-device (MQTT 8883) -> {"tempIntake": 21.91, "tempExhaust": 33.52, "humedadRack": 47.03, "tsDispositivo": "2026-09-26T21:33:35+00:00"}
[2026-09-26 16:34:05] TX Python SDK azure-iot-device (MQTT 8883) -> {"tempIntake": 22.27, "tempExhaust": 33.06, "humedadRack": 45.28, "tsDispositivo": "2026-09-26T21:34:05+00:00"}
[2026-09-26 16:34:36] TX Python SDK azure-iot-device (MQTT 8883) -> {"tempIntake": 21.75, "tempExhaust": 32.72, "humedadRack": 45.47, "tsDispositivo": "2026-09-26T21:34:35+00:00"}
[2026-09-26 16:35:06] TX Python SDK azure-iot-device (MQTT 8883) -> {"tempIntake": 22.12, "tempExhaust": 33.86, "humedadRack": 46.12, "tsDispositivo": "2026-09-26T21:35:06+00:00"}
[2026-09-26 16:35:23] INFO  TWIN desired: {'$version': 2, 'modoOperacion': 'Normal', 'umbralHumedad': 60, 'umbralPM25': 35, 'umbralTemperatura': 27}
[2026-09-26 16:35:36] TX Python SDK azure-iot-device (MQTT 8883) -> {"tempIntake": 21.88, "tempExhaust": 32.86, "humedadRack": 46.76, "tsDispositivo": "2026-09-26T21:35:36+00:00"}
[2026-09-26 16:36:06] TX Python SDK azure-iot-device (MQTT 8883) -> {"tempIntake": 21.8, "tempExhaust": 32.76, "humedadRack": 47.16, "tsDispositivo": "2026-09-26T21:36:06+00:00"}
[2026-09-26 16:36:36] TX Python SDK azure-iot-device (MQTT 8883) -> {"tempIntake": 22.38, "tempExhaust": 33.36, "humedadRack": 45.48, "tsDispositivo": "2026-09-26T21:36:36+00:00"}
[2026-09-26 16:37:06] TX Python SDK azure-iot-device (MQTT 8883) -> {"tempIntake": 21.94, "tempExhaust": 32.73, "humedadRack": 46.91, "tsDispositivo": "2026-09-26T21:37:06+00:00"}
[2026-09-26 16:37:36] TX Python SDK azure-iot-device (MQTT 8883) -> {"tempIntake": 21.81, "tempExhaust": 32.46, "humedadRack": 46.29, "tsDispositivo": "2026-09-26T21:37:36+00:00"}
[2026-09-26 16:38:06] TX Python SDK azure-iot-device (MQTT 8883) -> {"tempIntake": 22.39, "tempExhaust": 33.03, "humedadRack": 46.07, "tsDispositivo": "2026-09-26T21:38:06+00:00"}
[2026-09-26 16:38:36] TX Python SDK azure-iot-device (MQTT 8883) -> {"tempIntake": 22.33, "tempExhaust": 32.96, "humedadRack": 46.79, "tsDispositivo": "2026-09-26T21:38:36+00:00"}
[2026-09-26 16:39:06] TX Python SDK azure-iot-device (MQTT 8883) -> {"tempIntake": 22.36, "tempExhaust": 34.01, "humedadRack": 45.33, "tsDispositivo": "2026-09-26T21:39:06+00:00"}
[2026-09-26 16:39:37] TX Python SDK azure-iot-device (MQTT 8883) -> {"tempIntake": 22.35, "tempExhaust": 33.24, "humedadRack": 46.69, "tsDispositivo": "2026-09-26T21:39:36+00:00"}
[2026-09-26 16:40:07] TX Python SDK azure-iot-device (MQTT 8883) -> {"tempIntake": 22.18, "tempExhaust": 33.75, "humedadRack": 46.12, "tsDispositivo": "2026-09-26T21:40:07+00:00"}
[2026-09-26 16:40:37] TX Python SDK azure-iot-device (MQTT 8883) -> {"tempIntake": 22.35, "tempExhaust": 33.53, "humedadRack": 46.96, "tsDispositivo": "2026-09-26T21:40:37+00:00"}
[2026-09-26 16:41:07] TX Python SDK azure-iot-device (MQTT 8883) -> {"tempIntake": 21.73, "tempExhaust": 32.36, "humedadRack": 45.3, "tsDispositivo": "2026-09-26T21:41:07+00:00"}
[2026-09-26 16:41:37] TX Python SDK azure-iot-device (MQTT 8883) -> {"tempIntake": 21.8, "tempExhaust": 32.89, "humedadRack": 46.05, "tsDispositivo": "2026-09-26T21:41:37+00:00"}
[2026-09-26 16:42:07] TX Python SDK azure-iot-device (MQTT 8883) -> {"tempIntake": 22.02, "tempExhaust": 33.43, "humedadRack": 46.78, "tsDispositivo": "2026-09-26T21:42:07+00:00"}
[2026-09-26 16:42:37] TX Python SDK azure-iot-device (MQTT 8883) -> {"tempIntake": 21.73, "tempExhaust": 32.51, "humedadRack": 44.8, "tsDispositivo": "2026-09-26T21:42:37+00:00"}
[2026-09-26 16:43:07] TX Python SDK azure-iot-device (MQTT 8883) -> {"tempIntake": 22.14, "tempExhaust": 32.95, "humedadRack": 44.82, "tsDispositivo": "2026-09-26T21:43:07+00:00"}
[2026-09-26 16:43:37] TX Python SDK azure-iot-device (MQTT 8883) -> {"tempIntake": 22.27, "tempExhaust": 33.39, "humedadRack": 46.41, "tsDispositivo": "2026-09-26T21:43:37+00:00"}
[2026-09-26 16:44:08] TX Python SDK azure-iot-device (MQTT 8883) -> {"tempIntake": 21.73, "tempExhaust": 33.25, "humedadRack": 45.24, "tsDispositivo": "2026-09-26T21:44:07+00:00"}
[2026-09-26 16:44:38] TX Python SDK azure-iot-device (MQTT 8883) -> {"tempIntake": 21.97, "tempExhaust": 32.62, "humedadRack": 46.57, "tsDispositivo": "2026-09-26T21:44:38+00:00"}
[2026-09-26 16:45:08] TX Python SDK azure-iot-device (MQTT 8883) -> {"tempIntake": 22.14, "tempExhaust": 33.32, "humedadRack": 44.84, "tsDispositivo": "2026-09-26T21:45:08+00:00"}
[2026-09-26 16:45:38] TX Python SDK azure-iot-device (MQTT 8883) -> {"tempIntake": 21.83, "tempExhaust": 32.76, "humedadRack": 46.8, "tsDispositivo": "2026-09-26T21:45:38+00:00"}
[2026-09-26 16:46:08] TX Python SDK azure-iot-device (MQTT 8883) -> {"tempIntake": 21.79, "tempExhaust": 33.22, "humedadRack": 45.97, "tsDispositivo": "2026-09-26T21:46:08+00:00"}
[2026-09-26 16:46:38] TX Python SDK azure-iot-device (MQTT 8883) -> {"tempIntake": 22.06, "tempExhaust": 33.55, "humedadRack": 44.68, "tsDispositivo": "2026-09-26T21:46:38+00:00"}
[2026-09-26 16:47:08] TX Python SDK azure-iot-device (MQTT 8883) -> {"tempIntake": 21.88, "tempExhaust": 33.14, "humedadRack": 46.82, "tsDispositivo": "2026-09-26T21:47:08+00:00"}
[2026-09-26 16:47:38] TX Python SDK azure-iot-device (MQTT 8883) -> {"tempIntake": 21.92, "tempExhaust": 33.59, "humedadRack": 46.06, "tsDispositivo": "2026-09-26T21:47:38+00:00"}
[2026-09-26 16:48:08] TX Python SDK azure-iot-device (MQTT 8883) -> {"tempIntake": 21.92, "tempExhaust": 33.35, "humedadRack": 44.93, "tsDispositivo": "2026-09-26T21:48:08+00:00"}
[2026-09-26 16:48:38] TX Python SDK azure-iot-device (MQTT 8883) -> {"tempIntake": 21.81, "tempExhaust": 32.69, "humedadRack": 46.13, "tsDispositivo": "2026-09-26T21:48:38+00:00"}
[2026-09-26 16:49:09] TX Python SDK azure-iot-device (MQTT 8883) -> {"tempIntake": 21.87, "tempExhaust": 33.09, "humedadRack": 45.25, "tsDispositivo": "2026-09-26T21:49:08+00:00"}
[2026-09-26 16:49:39] TX Python SDK azure-iot-device (MQTT 8883) -> {"tempIntake": 21.91, "tempExhaust": 32.67, "humedadRack": 44.85, "tsDispositivo": "2026-09-26T21:49:39+00:00"}
[2026-09-26 16:50:09] TX Python SDK azure-iot-device (MQTT 8883) -> {"tempIntake": 21.81, "tempExhaust": 33.16, "humedadRack": 46.77, "tsDispositivo": "2026-09-26T21:50:09+00:00"}
[2026-09-26 16:50:39] TX Python SDK azure-iot-device (MQTT 8883) -> {"tempIntake": 22.06, "tempExhaust": 32.91, "humedadRack": 44.9, "tsDispositivo": "2026-09-26T21:50:39+00:00"}
[2026-09-26 16:51:09] TX Python SDK azure-iot-device (MQTT 8883) -> {"tempIntake": 22.04, "tempExhaust": 33.35, "humedadRack": 45.75, "tsDispositivo": "2026-09-26T21:51:09+00:00"}
[2026-09-26 16:51:39] TX Python SDK azure-iot-device (MQTT 8883) -> {"tempIntake": 21.8, "tempExhaust": 32.38, "humedadRack": 45.35, "tsDispositivo": "2026-09-26T21:51:39+00:00"}
[2026-09-26 16:52:09] TX Python SDK azure-iot-device (MQTT 8883) -> {"tempIntake": 22.14, "tempExhaust": 33.47, "humedadRack": 46.54, "tsDispositivo": "2026-09-26T21:52:09+00:00"}
[2026-09-26 16:52:39] TX Python SDK azure-iot-device (MQTT 8883) -> {"tempIntake": 21.98, "tempExhaust": 33.06, "humedadRack": 45.16, "tsDispositivo": "2026-09-26T21:52:39+00:00"}
[2026-09-26 16:53:09] TX Python SDK azure-iot-device (MQTT 8883) -> {"tempIntake": 22.03, "tempExhaust": 33.03, "humedadRack": 46.55, "tsDispositivo": "2026-09-26T21:53:09+00:00"}
[2026-09-26 16:53:40] TX Python SDK azure-iot-device (MQTT 8883) -> {"tempIntake": 21.76, "tempExhaust": 32.74, "humedadRack": 46.19, "tsDispositivo": "2026-09-26T21:53:39+00:00"}
[2026-09-26 16:54:10] TX Python SDK azure-iot-device (MQTT 8883) -> {"tempIntake": 22.25, "tempExhaust": 33.65, "humedadRack": 45.58, "tsDispositivo": "2026-09-26T21:54:10+00:00"}
[2026-09-26 16:54:40] TX Python SDK azure-iot-device (MQTT 8883) -> {"tempIntake": 21.95, "tempExhaust": 33.24, "humedadRack": 45.63, "tsDispositivo": "2026-09-26T21:54:40+00:00"}
[2026-09-26 16:55:10] TX Python SDK azure-iot-device (MQTT 8883) -> {"tempIntake": 22.01, "tempExhaust": 33.48, "humedadRack": 45.55, "tsDispositivo": "2026-09-26T21:55:10+00:00"}
[2026-09-26 16:55:40] TX Python SDK azure-iot-device (MQTT 8883) -> {"tempIntake": 21.82, "tempExhaust": 33.19, "humedadRack": 46.51, "tsDispositivo": "2026-09-26T21:55:40+00:00"}
[2026-09-26 16:56:10] TX Python SDK azure-iot-device (MQTT 8883) -> {"tempIntake": 22.29, "tempExhaust": 33.46, "humedadRack": 45.3, "tsDispositivo": "2026-09-26T21:56:10+00:00"}
[2026-09-26 16:56:40] TX Python SDK azure-iot-device (MQTT 8883) -> {"tempIntake": 22.24, "tempExhaust": 33.62, "humedadRack": 44.83, "tsDispositivo": "2026-09-26T21:56:40+00:00"}
[2026-09-26 16:57:10] TX Python SDK azure-iot-device (MQTT 8883) -> {"tempIntake": 21.69, "tempExhaust": 32.59, "humedadRack": 46.29, "tsDispositivo": "2026-09-26T21:57:10+00:00"}
[2026-09-26 16:57:40] TX Python SDK azure-iot-device (MQTT 8883) -> {"tempIntake": 22.12, "tempExhaust": 33.28, "humedadRack": 44.8, "tsDispositivo": "2026-09-26T21:57:40+00:00"}
[2026-09-26 16:58:10] TX Python SDK azure-iot-device (MQTT 8883) -> {"tempIntake": 21.76, "tempExhaust": 33.42, "humedadRack": 46.63, "tsDispositivo": "2026-09-26T21:58:10+00:00"}
[2026-09-26 16:58:41] TX Python SDK azure-iot-device (MQTT 8883) -> {"tempIntake": 21.9, "tempExhaust": 33.15, "humedadRack": 46.2, "tsDispositivo": "2026-09-26T21:58:40+00:00"}
[2026-09-26 16:59:11] TX Python SDK azure-iot-device (MQTT 8883) -> {"tempIntake": 21.97, "tempExhaust": 33.22, "humedadRack": 44.57, "tsDispositivo": "2026-09-26T21:59:11+00:00"}
[2026-09-26 16:59:41] TX Python SDK azure-iot-device (MQTT 8883) -> {"tempIntake": 21.98, "tempExhaust": 33.76, "humedadRack": 45.88, "tsDispositivo": "2026-09-26T21:59:41+00:00"}
[2026-09-26 17:00:11] TX Python SDK azure-iot-device (MQTT 8883) -> {"tempIntake": 22.15, "tempExhaust": 33.75, "humedadRack": 44.3, "tsDispositivo": "2026-09-26T22:00:11+00:00"}
[2026-09-26 17:00:41] TX Python SDK azure-iot-device (MQTT 8883) -> {"tempIntake": 21.99, "tempExhaust": 33.2, "humedadRack": 46.56, "tsDispositivo": "2026-09-26T22:00:41+00:00"}
[2026-09-26 17:01:11] TX Python SDK azure-iot-device (MQTT 8883) -> {"tempIntake": 22.26, "tempExhaust": 33.38, "humedadRack": 44.26, "tsDispositivo": "2026-09-26T22:01:11+00:00"}
[2026-09-26 17:01:41] TX Python SDK azure-iot-device (MQTT 8883) -> {"tempIntake": 22.26, "tempExhaust": 32.96, "humedadRack": 45.4, "tsDispositivo": "2026-09-26T22:01:41+00:00"}
[2026-09-26 17:02:11] TX Python SDK azure-iot-device (MQTT 8883) -> {"tempIntake": 21.98, "tempExhaust": 32.93, "humedadRack": 44.33, "tsDispositivo": "2026-09-26T22:02:11+00:00"}
[2026-09-26 17:02:41] TX Python SDK azure-iot-device (MQTT 8883) -> {"tempIntake": 22.3, "tempExhaust": 33.56, "humedadRack": 44.32, "tsDispositivo": "2026-09-26T22:02:41+00:00"}
[2026-09-26 17:03:12] TX Python SDK azure-iot-device (MQTT 8883) -> {"tempIntake": 21.7, "tempExhaust": 32.99, "humedadRack": 45.97, "tsDispositivo": "2026-09-26T22:03:11+00:00"}
[2026-09-26 17:03:42] TX Python SDK azure-iot-device (MQTT 8883) -> {"tempIntake": 21.83, "tempExhaust": 33.0, "humedadRack": 45.49, "tsDispositivo": "2026-09-26T22:03:42+00:00"}
[2026-09-26 17:04:12] TX Python SDK azure-iot-device (MQTT 8883) -> {"tempIntake": 22.38, "tempExhaust": 32.99, "humedadRack": 46.21, "tsDispositivo": "2026-09-26T22:04:12+00:00"}
[2026-09-26 17:04:42] TX Python SDK azure-iot-device (MQTT 8883) -> {"tempIntake": 22.38, "tempExhaust": 33.53, "humedadRack": 45.53, "tsDispositivo": "2026-09-26T22:04:42+00:00"}
[2026-09-26 17:05:12] TX Python SDK azure-iot-device (MQTT 8883) -> {"tempIntake": 22.02, "tempExhaust": 32.9, "humedadRack": 45.58, "tsDispositivo": "2026-09-26T22:05:12+00:00"}
[2026-09-26 17:05:42] TX Python SDK azure-iot-device (MQTT 8883) -> {"tempIntake": 21.94, "tempExhaust": 33.23, "humedadRack": 44.59, "tsDispositivo": "2026-09-26T22:05:42+00:00"}
[2026-09-26 17:06:12] TX Python SDK azure-iot-device (MQTT 8883) -> {"tempIntake": 22.19, "tempExhaust": 33.18, "humedadRack": 44.2, "tsDispositivo": "2026-09-26T22:06:12+00:00"}
[2026-09-26 17:06:42] TX Python SDK azure-iot-device (MQTT 8883) -> {"tempIntake": 21.96, "tempExhaust": 33.29, "humedadRack": 46.03, "tsDispositivo": "2026-09-26T22:06:42+00:00"}
[2026-09-26 17:07:12] TX Python SDK azure-iot-device (MQTT 8883) -> {"tempIntake": 21.9, "tempExhaust": 32.47, "humedadRack": 45.67, "tsDispositivo": "2026-09-26T22:07:12+00:00"}
[2026-09-26 17:07:43] TX Python SDK azure-iot-device (MQTT 8883) -> {"tempIntake": 22.33, "tempExhaust": 33.33, "humedadRack": 46.39, "tsDispositivo": "2026-09-26T22:07:42+00:00"}
[2026-09-26 17:08:13] TX Python SDK azure-iot-device (MQTT 8883) -> {"tempIntake": 21.73, "tempExhaust": 33.44, "humedadRack": 45.88, "tsDispositivo": "2026-09-26T22:08:13+00:00"}
[2026-09-26 17:08:43] TX Python SDK azure-iot-device (MQTT 8883) -> {"tempIntake": 21.97, "tempExhaust": 33.28, "humedadRack": 45.39, "tsDispositivo": "2026-09-26T22:08:43+00:00"}
[2026-09-26 17:09:13] TX Python SDK azure-iot-device (MQTT 8883) -> {"tempIntake": 21.83, "tempExhaust": 33.33, "humedadRack": 44.69, "tsDispositivo": "2026-09-26T22:09:13+00:00"}
[2026-09-26 17:09:43] TX Python SDK azure-iot-device (MQTT 8883) -> {"tempIntake": 21.94, "tempExhaust": 33.03, "humedadRack": 46.23, "tsDispositivo": "2026-09-26T22:09:43+00:00"}
[2026-09-26 17:10:13] TX Python SDK azure-iot-device (MQTT 8883) -> {"tempIntake": 21.79, "tempExhaust": 32.75, "humedadRack": 45.67, "tsDispositivo": "2026-09-26T22:10:13+00:00"}
[2026-09-26 17:10:43] TX Python SDK azure-iot-device (MQTT 8883) -> {"tempIntake": 21.74, "tempExhaust": 32.54, "humedadRack": 46.09, "tsDispositivo": "2026-09-26T22:10:43+00:00"}
[2026-09-26 17:11:13] TX Python SDK azure-iot-device (MQTT 8883) -> {"tempIntake": 21.99, "tempExhaust": 32.64, "humedadRack": 44.13, "tsDispositivo": "2026-09-26T22:11:13+00:00"}
[2026-09-26 17:11:43] TX Python SDK azure-iot-device (MQTT 8883) -> {"tempIntake": 21.78, "tempExhaust": 32.63, "humedadRack": 45.16, "tsDispositivo": "2026-09-26T22:11:43+00:00"}
[2026-09-26 17:12:13] TX Python SDK azure-iot-device (MQTT 8883) -> {"tempIntake": 21.71, "tempExhaust": 32.85, "humedadRack": 44.91, "tsDispositivo": "2026-09-26T22:12:13+00:00"}
[2026-09-26 17:12:44] TX Python SDK azure-iot-device (MQTT 8883) -> {"tempIntake": 21.95, "tempExhaust": 33.49, "humedadRack": 44.97, "tsDispositivo": "2026-09-26T22:12:43+00:00"}
[2026-09-26 17:13:14] TX Python SDK azure-iot-device (MQTT 8883) -> {"tempIntake": 22.1, "tempExhaust": 32.91, "humedadRack": 45.46, "tsDispositivo": "2026-09-26T22:13:14+00:00"}
[2026-09-26 17:13:44] TX Python SDK azure-iot-device (MQTT 8883) -> {"tempIntake": 21.97, "tempExhaust": 32.58, "humedadRack": 44.95, "tsDispositivo": "2026-09-26T22:13:44+00:00"}
[2026-09-26 17:14:14] TX Python SDK azure-iot-device (MQTT 8883) -> {"tempIntake": 21.92, "tempExhaust": 33.36, "humedadRack": 45.1, "tsDispositivo": "2026-09-26T22:14:14+00:00"}
[2026-09-26 17:14:44] TX Python SDK azure-iot-device (MQTT 8883) -> {"tempIntake": 22.25, "tempExhaust": 33.03, "humedadRack": 44.18, "tsDispositivo": "2026-09-26T22:14:44+00:00"}
[2026-09-26 17:15:14] TX Python SDK azure-iot-device (MQTT 8883) -> {"tempIntake": 21.98, "tempExhaust": 33.3, "humedadRack": 45.91, "tsDispositivo": "2026-09-26T22:15:14+00:00"}
[2026-09-26 17:15:44] TX Python SDK azure-iot-device (MQTT 8883) -> {"tempIntake": 21.95, "tempExhaust": 33.21, "humedadRack": 45.75, "tsDispositivo": "2026-09-26T22:15:44+00:00"}
[2026-09-26 17:16:14] TX Python SDK azure-iot-device (MQTT 8883) -> {"tempIntake": 22.33, "tempExhaust": 33.59, "humedadRack": 44.52, "tsDispositivo": "2026-09-26T22:16:14+00:00"}
[2026-09-26 17:16:44] TX Python SDK azure-iot-device (MQTT 8883) -> {"tempIntake": 21.99, "tempExhaust": 33.53, "humedadRack": 45.32, "tsDispositivo": "2026-09-26T22:16:44+00:00"}
[2026-09-26 17:17:15] TX Python SDK azure-iot-device (MQTT 8883) -> {"tempIntake": 21.73, "tempExhaust": 32.99, "humedadRack": 45.82, "tsDispositivo": "2026-09-26T22:17:14+00:00"}
[2026-09-26 17:17:45] TX Python SDK azure-iot-device (MQTT 8883) -> {"tempIntake": 22.28, "tempExhaust": 32.87, "humedadRack": 45.7, "tsDispositivo": "2026-09-26T22:17:45+00:00"}
[2026-09-26 17:18:15] TX Python SDK azure-iot-device (MQTT 8883) -> {"tempIntake": 21.85, "tempExhaust": 32.95, "humedadRack": 45.28, "tsDispositivo": "2026-09-26T22:18:15+00:00"}
[2026-09-26 17:18:45] TX Python SDK azure-iot-device (MQTT 8883) -> {"tempIntake": 22.26, "tempExhaust": 33.04, "humedadRack": 44.43, "tsDispositivo": "2026-09-26T22:18:45+00:00"}
[2026-09-26 17:19:15] TX Python SDK azure-iot-device (MQTT 8883) -> {"tempIntake": 21.86, "tempExhaust": 32.94, "humedadRack": 44.57, "tsDispositivo": "2026-09-26T22:19:15+00:00"}
[2026-09-26 17:19:45] TX Python SDK azure-iot-device (MQTT 8883) -> {"tempIntake": 22.07, "tempExhaust": 33.01, "humedadRack": 45.45, "tsDispositivo": "2026-09-26T22:19:45+00:00"}
[2026-09-26 17:20:15] TX Python SDK azure-iot-device (MQTT 8883) -> {"tempIntake": 22.11, "tempExhaust": 33.26, "humedadRack": 45.27, "tsDispositivo": "2026-09-26T22:20:15+00:00"}
[2026-09-26 17:20:45] TX Python SDK azure-iot-device (MQTT 8883) -> {"tempIntake": 22.22, "tempExhaust": 33.62, "humedadRack": 45.08, "tsDispositivo": "2026-09-26T22:20:45+00:00"}
[2026-09-26 17:21:15] TX Python SDK azure-iot-device (MQTT 8883) -> {"tempIntake": 22.36, "tempExhaust": 33.11, "humedadRack": 44.29, "tsDispositivo": "2026-09-26T22:21:15+00:00"}
[2026-09-26 17:21:45] TX Python SDK azure-iot-device (MQTT 8883) -> {"tempIntake": 22.37, "tempExhaust": 33.94, "humedadRack": 45.35, "tsDispositivo": "2026-09-26T22:21:45+00:00"}
[2026-09-26 17:22:16] TX Python SDK azure-iot-device (MQTT 8883) -> {"tempIntake": 22.3, "tempExhaust": 33.07, "humedadRack": 44.95, "tsDispositivo": "2026-09-26T22:22:15+00:00"}
[2026-09-26 17:22:46] TX Python SDK azure-iot-device (MQTT 8883) -> {"tempIntake": 22.27, "tempExhaust": 33.23, "humedadRack": 44.73, "tsDispositivo": "2026-09-26T22:22:46+00:00"}
[2026-09-26 17:23:16] TX Python SDK azure-iot-device (MQTT 8883) -> {"tempIntake": 22.36, "tempExhaust": 32.95, "humedadRack": 45.72, "tsDispositivo": "2026-09-26T22:23:16+00:00"}
[2026-09-26 17:23:46] TX Python SDK azure-iot-device (MQTT 8883) -> {"tempIntake": 22.03, "tempExhaust": 32.8, "humedadRack": 45.41, "tsDispositivo": "2026-09-26T22:23:46+00:00"}
[2026-09-26 17:24:16] TX Python SDK azure-iot-device (MQTT 8883) -> {"tempIntake": 21.88, "tempExhaust": 33.03, "humedadRack": 44.31, "tsDispositivo": "2026-09-26T22:24:16+00:00"}
[2026-09-26 17:24:46] TX Python SDK azure-iot-device (MQTT 8883) -> {"tempIntake": 22.11, "tempExhaust": 33.84, "humedadRack": 43.9, "tsDispositivo": "2026-09-26T22:24:46+00:00"}
[2026-09-26 17:25:16] TX Python SDK azure-iot-device (MQTT 8883) -> {"tempIntake": 21.97, "tempExhaust": 33.18, "humedadRack": 44.96, "tsDispositivo": "2026-09-26T22:25:16+00:00"}
[2026-09-26 17:25:46] TX Python SDK azure-iot-device (MQTT 8883) -> {"tempIntake": 22.23, "tempExhaust": 33.29, "humedadRack": 44.94, "tsDispositivo": "2026-09-26T22:25:46+00:00"}
[2026-09-26 17:26:16] TX Python SDK azure-iot-device (MQTT 8883) -> {"tempIntake": 22.02, "tempExhaust": 33.67, "humedadRack": 44.66, "tsDispositivo": "2026-09-26T22:26:16+00:00"}
[2026-09-26 17:26:47] TX Python SDK azure-iot-device (MQTT 8883) -> {"tempIntake": 22.15, "tempExhaust": 33.8, "humedadRack": 44.28, "tsDispositivo": "2026-09-26T22:26:46+00:00"}
[2026-09-26 17:27:17] TX Python SDK azure-iot-device (MQTT 8883) -> {"tempIntake": 22.2, "tempExhaust": 33.81, "humedadRack": 43.72, "tsDispositivo": "2026-09-26T22:27:17+00:00"}
[2026-09-26 17:27:47] TX Python SDK azure-iot-device (MQTT 8883) -> {"tempIntake": 22.31, "tempExhaust": 33.31, "humedadRack": 44.48, "tsDispositivo": "2026-09-26T22:27:47+00:00"}
[2026-09-26 17:28:17] TX Python SDK azure-iot-device (MQTT 8883) -> {"tempIntake": 21.73, "tempExhaust": 32.22, "humedadRack": 44.17, "tsDispositivo": "2026-09-26T22:28:17+00:00"}
[2026-09-26 17:28:47] TX Python SDK azure-iot-device (MQTT 8883) -> {"tempIntake": 22.39, "tempExhaust": 33.33, "humedadRack": 44.68, "tsDispositivo": "2026-09-26T22:28:47+00:00"}
[2026-09-26 17:29:17] TX Python SDK azure-iot-device (MQTT 8883) -> {"tempIntake": 22.26, "tempExhaust": 34.0, "humedadRack": 44.18, "tsDispositivo": "2026-09-26T22:29:17+00:00"}
[2026-09-26 17:29:47] TX Python SDK azure-iot-device (MQTT 8883) -> {"tempIntake": 22.17, "tempExhaust": 32.87, "humedadRack": 45.09, "tsDispositivo": "2026-09-26T22:29:47+00:00"}
[2026-09-26 17:30:17] TX Python SDK azure-iot-device (MQTT 8883) -> {"tempIntake": 21.95, "tempExhaust": 32.87, "humedadRack": 43.87, "tsDispositivo": "2026-09-26T22:30:17+00:00"}
[2026-09-26 17:30:47] TX Python SDK azure-iot-device (MQTT 8883) -> {"tempIntake": 21.74, "tempExhaust": 32.95, "humedadRack": 44.27, "tsDispositivo": "2026-09-26T22:30:47+00:00"}
[2026-09-26 17:31:17] TX Python SDK azure-iot-device (MQTT 8883) -> {"tempIntake": 22.29, "tempExhaust": 33.05, "humedadRack": 43.88, "tsDispositivo": "2026-09-26T22:31:17+00:00"}
[2026-09-26 17:31:48] TX Python SDK azure-iot-device (MQTT 8883) -> {"tempIntake": 21.86, "tempExhaust": 33.09, "humedadRack": 45.21, "tsDispositivo": "2026-09-26T22:31:47+00:00"}
[2026-09-26 17:32:18] TX Python SDK azure-iot-device (MQTT 8883) -> {"tempIntake": 22.27, "tempExhaust": 33.12, "humedadRack": 45.66, "tsDispositivo": "2026-09-26T22:32:18+00:00"}
[2026-09-26 17:32:48] TX Python SDK azure-iot-device (MQTT 8883) -> {"tempIntake": 22.09, "tempExhaust": 32.6, "humedadRack": 44.65, "tsDispositivo": "2026-09-26T22:32:48+00:00"}
[2026-09-26 17:33:18] TX Python SDK azure-iot-device (MQTT 8883) -> {"tempIntake": 22.4, "tempExhaust": 33.75, "humedadRack": 43.76, "tsDispositivo": "2026-09-26T22:33:18+00:00"}
[2026-09-26 17:33:48] TX Python SDK azure-iot-device (MQTT 8883) -> {"tempIntake": 21.84, "tempExhaust": 32.68, "humedadRack": 43.73, "tsDispositivo": "2026-09-26T22:33:48+00:00"}
[2026-09-26 17:34:18] TX Python SDK azure-iot-device (MQTT 8883) -> {"tempIntake": 22.06, "tempExhaust": 32.9, "humedadRack": 44.64, "tsDispositivo": "2026-09-26T22:34:18+00:00"}
[2026-09-26 17:34:48] TX Python SDK azure-iot-device (MQTT 8883) -> {"tempIntake": 21.97, "tempExhaust": 33.33, "humedadRack": 45.14, "tsDispositivo": "2026-09-26T22:34:48+00:00"}
[2026-09-26 17:35:18] TX Python SDK azure-iot-device (MQTT 8883) -> {"tempIntake": 22.36, "tempExhaust": 33.47, "humedadRack": 44.24, "tsDispositivo": "2026-09-26T22:35:18+00:00"}
[2026-09-26 17:35:48] TX Python SDK azure-iot-device (MQTT 8883) -> {"tempIntake": 22.32, "tempExhaust": 33.96, "humedadRack": 43.48, "tsDispositivo": "2026-09-26T22:35:48+00:00"}
[2026-09-26 17:36:19] TX Python SDK azure-iot-device (MQTT 8883) -> {"tempIntake": 21.87, "tempExhaust": 33.17, "humedadRack": 44.76, "tsDispositivo": "2026-09-26T22:36:18+00:00"}
[2026-09-26 17:36:49] TX Python SDK azure-iot-device (MQTT 8883) -> {"tempIntake": 21.77, "tempExhaust": 32.83, "humedadRack": 44.7, "tsDispositivo": "2026-09-26T22:36:49+00:00"}
[2026-09-26 17:37:19] TX Python SDK azure-iot-device (MQTT 8883) -> {"tempIntake": 22.39, "tempExhaust": 34.08, "humedadRack": 44.88, "tsDispositivo": "2026-09-26T22:37:19+00:00"}
[2026-09-26 17:37:49] TX Python SDK azure-iot-device (MQTT 8883) -> {"tempIntake": 22.32, "tempExhaust": 33.54, "humedadRack": 45.6, "tsDispositivo": "2026-09-26T22:37:49+00:00"}
[2026-09-26 17:38:19] TX Python SDK azure-iot-device (MQTT 8883) -> {"tempIntake": 22.14, "tempExhaust": 33.54, "humedadRack": 45.09, "tsDispositivo": "2026-09-26T22:38:19+00:00"}
[2026-09-26 17:38:49] TX Python SDK azure-iot-device (MQTT 8883) -> {"tempIntake": 21.97, "tempExhaust": 33.07, "humedadRack": 43.7, "tsDispositivo": "2026-09-26T22:38:49+00:00"}
[2026-09-26 17:39:19] TX Python SDK azure-iot-device (MQTT 8883) -> {"tempIntake": 21.8, "tempExhaust": 32.59, "humedadRack": 45.02, "tsDispositivo": "2026-09-26T22:39:19+00:00"}
[2026-09-26 17:39:49] TX Python SDK azure-iot-device (MQTT 8883) -> {"tempIntake": 22.34, "tempExhaust": 33.71, "humedadRack": 43.32, "tsDispositivo": "2026-09-26T22:39:49+00:00"}
[2026-09-26 17:40:19] TX Python SDK azure-iot-device (MQTT 8883) -> {"tempIntake": 21.67, "tempExhaust": 32.4, "humedadRack": 45.6, "tsDispositivo": "2026-09-26T22:40:19+00:00"}
[2026-09-26 17:40:50] TX Python SDK azure-iot-device (MQTT 8883) -> {"tempIntake": 21.7, "tempExhaust": 33.14, "humedadRack": 43.38, "tsDispositivo": "2026-09-26T22:40:49+00:00"}
[2026-09-26 17:41:20] TX Python SDK azure-iot-device (MQTT 8883) -> {"tempIntake": 21.85, "tempExhaust": 32.56, "humedadRack": 43.69, "tsDispositivo": "2026-09-26T22:41:20+00:00"}
[2026-09-26 17:41:50] TX Python SDK azure-iot-device (MQTT 8883) -> {"tempIntake": 21.9, "tempExhaust": 33.48, "humedadRack": 44.76, "tsDispositivo": "2026-09-26T22:41:50+00:00"}
[2026-09-26 17:42:20] TX Python SDK azure-iot-device (MQTT 8883) -> {"tempIntake": 21.93, "tempExhaust": 32.92, "humedadRack": 43.69, "tsDispositivo": "2026-09-26T22:42:20+00:00"}
[2026-09-26 17:42:50] TX Python SDK azure-iot-device (MQTT 8883) -> {"tempIntake": 22.01, "tempExhaust": 32.65, "humedadRack": 44.68, "tsDispositivo": "2026-09-26T22:42:50+00:00"}
[2026-09-26 17:43:20] TX Python SDK azure-iot-device (MQTT 8883) -> {"tempIntake": 21.95, "tempExhaust": 32.62, "humedadRack": 43.83, "tsDispositivo": "2026-09-26T22:43:20+00:00"}
[2026-09-26 17:43:50] TX Python SDK azure-iot-device (MQTT 8883) -> {"tempIntake": 21.94, "tempExhaust": 32.46, "humedadRack": 44.47, "tsDispositivo": "2026-09-26T22:43:50+00:00"}
[2026-09-26 17:44:20] TX Python SDK azure-iot-device (MQTT 8883) -> {"tempIntake": 22.29, "tempExhaust": 33.58, "humedadRack": 44.35, "tsDispositivo": "2026-09-26T22:44:20+00:00"}
[2026-09-26 17:44:50] TX Python SDK azure-iot-device (MQTT 8883) -> {"tempIntake": 21.85, "tempExhaust": 32.89, "humedadRack": 45.04, "tsDispositivo": "2026-09-26T22:44:50+00:00"}
[2026-09-26 17:45:20] TX Python SDK azure-iot-device (MQTT 8883) -> {"tempIntake": 22.35, "tempExhaust": 33.66, "humedadRack": 44.45, "tsDispositivo": "2026-09-26T22:45:20+00:00"}
[2026-09-26 17:45:51] TX Python SDK azure-iot-device (MQTT 8883) -> {"tempIntake": 21.89, "tempExhaust": 32.45, "humedadRack": 44.86, "tsDispositivo": "2026-09-26T22:45:50+00:00"}
[2026-09-26 17:46:21] TX Python SDK azure-iot-device (MQTT 8883) -> {"tempIntake": 22.31, "tempExhaust": 33.13, "humedadRack": 44.29, "tsDispositivo": "2026-09-26T22:46:21+00:00"}
[2026-09-26 17:46:51] TX Python SDK azure-iot-device (MQTT 8883) -> {"tempIntake": 21.72, "tempExhaust": 32.62, "humedadRack": 43.63, "tsDispositivo": "2026-09-26T22:46:51+00:00"}
[2026-09-26 17:47:21] TX Python SDK azure-iot-device (MQTT 8883) -> {"tempIntake": 21.92, "tempExhaust": 32.99, "humedadRack": 44.33, "tsDispositivo": "2026-09-26T22:47:21+00:00"}
[2026-09-26 17:47:51] TX Python SDK azure-iot-device (MQTT 8883) -> {"tempIntake": 21.94, "tempExhaust": 33.29, "humedadRack": 44.38, "tsDispositivo": "2026-09-26T22:47:51+00:00"}
[2026-09-26 17:48:21] TX Python SDK azure-iot-device (MQTT 8883) -> {"tempIntake": 22.07, "tempExhaust": 33.37, "humedadRack": 43.63, "tsDispositivo": "2026-09-26T22:48:21+00:00"}
[2026-09-26 17:48:51] TX Python SDK azure-iot-device (MQTT 8883) -> {"tempIntake": 22.33, "tempExhaust": 33.4, "humedadRack": 44.89, "tsDispositivo": "2026-09-26T22:48:51+00:00"}
[2026-09-26 17:49:21] TX Python SDK azure-iot-device (MQTT 8883) -> {"tempIntake": 21.69, "tempExhaust": 32.84, "humedadRack": 43.5, "tsDispositivo": "2026-09-26T22:49:21+00:00"}
[2026-09-26 17:49:51] TX Python SDK azure-iot-device (MQTT 8883) -> {"tempIntake": 21.92, "tempExhaust": 33.44, "humedadRack": 44.31, "tsDispositivo": "2026-09-26T22:49:51+00:00"}
[2026-09-26 17:50:22] TX Python SDK azure-iot-device (MQTT 8883) -> {"tempIntake": 21.87, "tempExhaust": 32.79, "humedadRack": 44.65, "tsDispositivo": "2026-09-26T22:50:21+00:00"}
[2026-09-26 17:50:52] TX Python SDK azure-iot-device (MQTT 8883) -> {"tempIntake": 22.1, "tempExhaust": 33.54, "humedadRack": 43.4, "tsDispositivo": "2026-09-26T22:50:52+00:00"}
[2026-09-26 17:51:22] TX Python SDK azure-iot-device (MQTT 8883) -> {"tempIntake": 22.27, "tempExhaust": 33.64, "humedadRack": 44.65, "tsDispositivo": "2026-09-26T22:51:22+00:00"}
[2026-09-26 17:51:52] TX Python SDK azure-iot-device (MQTT 8883) -> {"tempIntake": 22.2, "tempExhaust": 33.03, "humedadRack": 44.46, "tsDispositivo": "2026-09-26T22:51:52+00:00"}
[2026-09-26 17:52:22] TX Python SDK azure-iot-device (MQTT 8883) -> {"tempIntake": 21.88, "tempExhaust": 32.31, "humedadRack": 43.05, "tsDispositivo": "2026-09-26T22:52:22+00:00"}
[2026-09-26 17:52:52] TX Python SDK azure-iot-device (MQTT 8883) -> {"tempIntake": 21.69, "tempExhaust": 32.62, "humedadRack": 44.61, "tsDispositivo": "2026-09-26T22:52:52+00:00"}
[2026-09-26 17:53:22] TX Python SDK azure-iot-device (MQTT 8883) -> {"tempIntake": 21.87, "tempExhaust": 32.76, "humedadRack": 44.58, "tsDispositivo": "2026-09-26T22:53:22+00:00"}
[2026-09-26 17:53:52] TX Python SDK azure-iot-device (MQTT 8883) -> {"tempIntake": 21.91, "tempExhaust": 33.34, "humedadRack": 43.85, "tsDispositivo": "2026-09-26T22:53:52+00:00"}
[2026-09-26 17:54:22] TX Python SDK azure-iot-device (MQTT 8883) -> {"tempIntake": 22.12, "tempExhaust": 33.07, "humedadRack": 44.61, "tsDispositivo": "2026-09-26T22:54:22+00:00"}
[2026-09-26 17:54:53] TX Python SDK azure-iot-device (MQTT 8883) -> {"tempIntake": 22.03, "tempExhaust": 33.61, "humedadRack": 44.33, "tsDispositivo": "2026-09-26T22:54:52+00:00"}
[2026-09-26 17:55:23] TX Python SDK azure-iot-device (MQTT 8883) -> {"tempIntake": 22.21, "tempExhaust": 33.08, "humedadRack": 44.54, "tsDispositivo": "2026-09-26T22:55:23+00:00"}
[2026-09-26 17:55:53] TX Python SDK azure-iot-device (MQTT 8883) -> {"tempIntake": 22.07, "tempExhaust": 33.23, "humedadRack": 44.12, "tsDispositivo": "2026-09-26T22:55:53+00:00"}
[2026-09-26 17:56:23] TX Python SDK azure-iot-device (MQTT 8883) -> {"tempIntake": 22.09, "tempExhaust": 32.75, "humedadRack": 43.09, "tsDispositivo": "2026-09-26T22:56:23+00:00"}
[2026-09-26 17:56:53] TX Python SDK azure-iot-device (MQTT 8883) -> {"tempIntake": 22.21, "tempExhaust": 32.95, "humedadRack": 44.86, "tsDispositivo": "2026-09-26T22:56:53+00:00"}
[2026-09-26 17:57:23] TX Python SDK azure-iot-device (MQTT 8883) -> {"tempIntake": 21.89, "tempExhaust": 32.45, "humedadRack": 44.0, "tsDispositivo": "2026-09-26T22:57:23+00:00"}
[2026-09-26 17:57:53] TX Python SDK azure-iot-device (MQTT 8883) -> {"tempIntake": 21.69, "tempExhaust": 32.33, "humedadRack": 44.33, "tsDispositivo": "2026-09-26T22:57:53+00:00"}
[2026-09-26 17:58:23] TX Python SDK azure-iot-device (MQTT 8883) -> {"tempIntake": 22.34, "tempExhaust": 32.93, "humedadRack": 42.93, "tsDispositivo": "2026-09-26T22:58:23+00:00"}
[2026-09-26 17:58:53] TX Python SDK azure-iot-device (MQTT 8883) -> {"tempIntake": 22.24, "tempExhaust": 33.33, "humedadRack": 43.48, "tsDispositivo": "2026-09-26T22:58:53+00:00"}
[2026-09-26 17:59:23] TX Python SDK azure-iot-device (MQTT 8883) -> {"tempIntake": 22.38, "tempExhaust": 32.98, "humedadRack": 43.73, "tsDispositivo": "2026-09-26T22:59:23+00:00"}
[2026-09-26 17:59:54] TX Python SDK azure-iot-device (MQTT 8883) -> {"tempIntake": 21.99, "tempExhaust": 32.38, "humedadRack": 42.9, "tsDispositivo": "2026-09-26T22:59:53+00:00"}
[2026-09-26 18:00:24] TX Python SDK azure-iot-device (MQTT 8883) -> {"tempIntake": 22.08, "tempExhaust": 33.3, "humedadRack": 44.85, "tsDispositivo": "2026-09-26T23:00:24+00:00"}
[2026-09-26 18:00:54] TX Python SDK azure-iot-device (MQTT 8883) -> {"tempIntake": 22.32, "tempExhaust": 33.22, "humedadRack": 44.37, "tsDispositivo": "2026-09-26T23:00:54+00:00"}
[2026-09-26 18:01:24] TX Python SDK azure-iot-device (MQTT 8883) -> {"tempIntake": 21.82, "tempExhaust": 32.72, "humedadRack": 44.29, "tsDispositivo": "2026-09-26T23:01:24+00:00"}
[2026-09-26 18:01:54] TX Python SDK azure-iot-device (MQTT 8883) -> {"tempIntake": 21.94, "tempExhaust": 32.89, "humedadRack": 44.58, "tsDispositivo": "2026-09-26T23:01:54+00:00"}
[2026-09-26 18:02:24] TX Python SDK azure-iot-device (MQTT 8883) -> {"tempIntake": 22.19, "tempExhaust": 33.6, "humedadRack": 43.44, "tsDispositivo": "2026-09-26T23:02:24+00:00"}
[2026-09-26 18:02:54] TX Python SDK azure-iot-device (MQTT 8883) -> {"tempIntake": 22.15, "tempExhaust": 32.57, "humedadRack": 44.73, "tsDispositivo": "2026-09-26T23:02:54+00:00"}
[2026-09-26 18:03:24] TX Python SDK azure-iot-device (MQTT 8883) -> {"tempIntake": 22.19, "tempExhaust": 33.52, "humedadRack": 44.42, "tsDispositivo": "2026-09-26T23:03:24+00:00"}
[2026-09-26 18:03:54] TX Python SDK azure-iot-device (MQTT 8883) -> {"tempIntake": 22.02, "tempExhaust": 33.11, "humedadRack": 44.98, "tsDispositivo": "2026-09-26T23:03:54+00:00"}
[2026-09-26 18:04:25] TX Python SDK azure-iot-device (MQTT 8883) -> {"tempIntake": 21.85, "tempExhaust": 32.39, "humedadRack": 44.32, "tsDispositivo": "2026-09-26T23:04:24+00:00"}
[2026-09-26 18:04:55] TX Python SDK azure-iot-device (MQTT 8883) -> {"tempIntake": 22.05, "tempExhaust": 33.34, "humedadRack": 44.96, "tsDispositivo": "2026-09-26T23:04:55+00:00"}
[2026-09-26 18:05:25] TX Python SDK azure-iot-device (MQTT 8883) -> {"tempIntake": 22.28, "tempExhaust": 33.23, "humedadRack": 43.16, "tsDispositivo": "2026-09-26T23:05:25+00:00"}
[2026-09-26 18:05:55] TX Python SDK azure-iot-device (MQTT 8883) -> {"tempIntake": 22.25, "tempExhaust": 33.1, "humedadRack": 43.39, "tsDispositivo": "2026-09-26T23:05:55+00:00"}
[2026-09-26 18:06:25] TX Python SDK azure-iot-device (MQTT 8883) -> {"tempIntake": 21.73, "tempExhaust": 32.78, "humedadRack": 43.86, "tsDispositivo": "2026-09-26T23:06:25+00:00"}
[2026-09-26 18:06:55] TX Python SDK azure-iot-device (MQTT 8883) -> {"tempIntake": 22.23, "tempExhaust": 33.14, "humedadRack": 44.45, "tsDispositivo": "2026-09-26T23:06:55+00:00"}
[2026-09-26 18:07:25] TX Python SDK azure-iot-device (MQTT 8883) -> {"tempIntake": 22.02, "tempExhaust": 33.5, "humedadRack": 43.43, "tsDispositivo": "2026-09-26T23:07:25+00:00"}
[2026-09-26 18:07:55] TX Python SDK azure-iot-device (MQTT 8883) -> {"tempIntake": 21.91, "tempExhaust": 33.47, "humedadRack": 43.96, "tsDispositivo": "2026-09-26T23:07:55+00:00"}
