[2026-09-26 15:37:35] INFO  DPS OK -> hub iotc-ce764639-456d-4e61-9e9c-e64c9a818624.azure-devices.net
[2026-09-26 15:37:35] INFO  puente conectado y publicando el ciclo de la puerta cada 120 s
[2026-09-26 15:37:35] INFO  puente HTTP escuchando en http://127.0.0.1:8098/telemetria (sensor de campo)
[2026-09-26 15:37:35] TX Puente HTTP/REST (sensor de campo -> Central) -> {"puertaAbierta": true, "eventosAcceso": 1, "tempPuerta": 24.19, "tsDispositivo": "2026-09-26T20:37:35+00:00"}
[2026-09-26 15:39:34] TX Puente HTTP/REST (sensor de campo -> Central) -> {"puertaAbierta": false, "eventosAcceso": 0, "tempPuerta": 23.71, "tsDispositivo": "2026-09-26T20:39:34+00:00"}
[2026-09-26 15:39:35] TX Puente HTTP/REST (sensor de campo -> Central) -> {"puertaAbierta": false, "eventosAcceso": 1, "tempPuerta": 23.78, "tsDispositivo": "2026-09-26T20:39:35+00:00"}
[2026-09-26 15:41:35] TX Puente HTTP/REST (sensor de campo -> Central) -> {"puertaAbierta": true, "eventosAcceso": 1, "tempPuerta": 24.06, "tsDispositivo": "2026-09-26T20:41:34+00:00"}
[2026-09-26 15:41:35] TX Puente HTTP/REST (sensor de campo -> Central) -> {"puertaAbierta": false, "eventosAcceso": 1, "tempPuerta": 24.29, "tsDispositivo": "2026-09-26T20:41:35+00:00"}
[2026-09-26 15:43:35] TX Puente HTTP/REST (sensor de campo -> Central) -> {"puertaAbierta": false, "eventosAcceso": 1, "tempPuerta": 24.13, "tsDispositivo": "2026-09-26T20:43:35+00:00"}
[2026-09-26 15:43:35] TX Puente HTTP/REST (sensor de campo -> Central) -> {"puertaAbierta": false, "eventosAcceso": 1, "tempPuerta": 24.11, "tsDispositivo": "2026-09-26T20:43:35+00:00"}
[2026-09-26 15:45:35] TX Puente HTTP/REST (sensor de campo -> Central) -> {"puertaAbierta": false, "eventosAcceso": 1, "tempPuerta": 24.09, "tsDispositivo": "2026-09-26T20:45:35+00:00"}
[2026-09-26 15:45:35] TX Puente HTTP/REST (sensor de campo -> Central) -> {"puertaAbierta": false, "eventosAcceso": 1, "tempPuerta": 24.27, "tsDispositivo": "2026-09-26T20:45:35+00:00"}
[2026-09-26 15:47:35] TX Puente HTTP/REST (sensor de campo -> Central) -> {"puertaAbierta": false, "eventosAcceso": 1, "tempPuerta": 24.12, "tsDispositivo": "2026-09-26T20:47:35+00:00"}
[2026-09-26 15:47:36] TX Puente HTTP/REST (sensor de campo -> Central) -> {"puertaAbierta": false, "eventosAcceso": 1, "tempPuerta": 23.81, "tsDispositivo": "2026-09-26T20:47:35+00:00"}
[2026-09-26 15:49:35] TX Puente HTTP/REST (sensor de campo -> Central) -> {"puertaAbierta": false, "eventosAcceso": 1, "tempPuerta": 23.77, "tsDispositivo": "2026-09-26T20:49:35+00:00"}
[2026-09-26 15:49:36] TX Puente HTTP/REST (sensor de campo -> Central) -> {"puertaAbierta": false, "eventosAcceso": 1, "tempPuerta": 24.15, "tsDispositivo": "2026-09-26T20:49:36+00:00"}
[2026-09-26 15:51:35] TX Puente HTTP/REST (sensor de campo -> Central) -> {"puertaAbierta": false, "eventosAcceso": 1, "tempPuerta": 24.31, "tsDispositivo": "2026-09-26T20:51:35+00:00"}
[2026-09-26 15:51:36] TX Puente HTTP/REST (sensor de campo -> Central) -> {"puertaAbierta": false, "eventosAcceso": 1, "tempPuerta": 24.0, "tsDispositivo": "2026-09-26T20:51:36+00:00"}
[2026-09-26 15:53:35] TX Puente HTTP/REST (sensor de campo -> Central) -> {"puertaAbierta": false, "eventosAcceso": 1, "tempPuerta": 24.14, "tsDispositivo": "2026-09-26T20:53:35+00:00"}
[2026-09-26 15:53:36] TX Puente HTTP/REST (sensor de campo -> Central) -> {"puertaAbierta": false, "eventosAcceso": 1, "tempPuerta": 24.32, "tsDispositivo": "2026-09-26T20:53:36+00:00"}
[2026-09-26 15:55:35] TX Puente HTTP/REST (sensor de campo -> Central) -> {"puertaAbierta": false, "eventosAcceso": 1, "tempPuerta": 24.26, "tsDispositivo": "2026-09-26T20:55:35+00:00"}
[2026-09-26 15:55:36] TX Puente HTTP/REST (sensor de campo -> Central) -> {"puertaAbierta": false, "eventosAcceso": 1, "tempPuerta": 23.74, "tsDispositivo": "2026-09-26T20:55:36+00:00"}
[2026-09-26 15:57:35] TX Puente HTTP/REST (sensor de campo -> Central) -> {"puertaAbierta": true, "eventosAcceso": 2, "tempPuerta": 24.07, "tsDispositivo": "2026-09-26T20:57:35+00:00"}
[2026-09-26 15:57:36] TX Puente HTTP/REST (sensor de campo -> Central) -> {"puertaAbierta": false, "eventosAcceso": 1, "tempPuerta": 23.63, "tsDispositivo": "2026-09-26T20:57:36+00:00"}
[2026-09-26 15:59:36] TX Puente HTTP/REST (sensor de campo -> Central) -> {"puertaAbierta": false, "eventosAcceso": 2, "tempPuerta": 24.27, "tsDispositivo": "2026-09-26T20:59:35+00:00"}
[2026-09-26 15:59:36] TX Puente HTTP/REST (sensor de campo -> Central) -> {"puertaAbierta": false, "eventosAcceso": 1, "tempPuerta": 24.18, "tsDispositivo": "2026-09-26T20:59:36+00:00"}
[2026-09-26 16:01:36] TX Puente HTTP/REST (sensor de campo -> Central) -> {"puertaAbierta": false, "eventosAcceso": 2, "tempPuerta": 24.24, "tsDispositivo": "2026-09-26T21:01:36+00:00"}
[2026-09-26 16:01:36] TX Puente HTTP/REST (sensor de campo -> Central) -> {"puertaAbierta": false, "eventosAcceso": 1, "tempPuerta": 24.14, "tsDispositivo": "2026-09-26T21:01:36+00:00"}
[2026-09-26 16:03:36] TX Puente HTTP/REST (sensor de campo -> Central) -> {"puertaAbierta": false, "eventosAcceso": 2, "tempPuerta": 24.33, "tsDispositivo": "2026-09-26T21:03:36+00:00"}
[2026-09-26 16:03:36] TX Puente HTTP/REST (sensor de campo -> Central) -> {"puertaAbierta": false, "eventosAcceso": 1, "tempPuerta": 24.05, "tsDispositivo": "2026-09-26T21:03:36+00:00"}
[2026-09-26 16:05:36] TX Puente HTTP/REST (sensor de campo -> Central) -> {"puertaAbierta": true, "eventosAcceso": 3, "tempPuerta": 24.24, "tsDispositivo": "2026-09-26T21:05:36+00:00"}
[2026-09-26 16:05:37] TX Puente HTTP/REST (sensor de campo -> Central) -> {"puertaAbierta": false, "eventosAcceso": 1, "tempPuerta": 23.69, "tsDispositivo": "2026-09-26T21:05:36+00:00"}
[2026-09-26 16:07:36] TX Puente HTTP/REST (sensor de campo -> Central) -> {"puertaAbierta": false, "eventosAcceso": 3, "tempPuerta": 24.23, "tsDispositivo": "2026-09-26T21:07:36+00:00"}
[2026-09-26 16:07:37] TX Puente HTTP/REST (sensor de campo -> Central) -> {"puertaAbierta": false, "eventosAcceso": 1, "tempPuerta": 23.88, "tsDispositivo": "2026-09-26T21:07:37+00:00"}
[2026-09-26 16:09:36] TX Puente HTTP/REST (sensor de campo -> Central) -> {"puertaAbierta": false, "eventosAcceso": 3, "tempPuerta": 23.93, "tsDispositivo": "2026-09-26T21:09:36+00:00"}
[2026-09-26 16:09:37] TX Puente HTTP/REST (sensor de campo -> Central) -> {"puertaAbierta": true, "eventosAcceso": 2, "tempPuerta": 23.92, "tsDispositivo": "2026-09-26T21:09:37+00:00"}
[2026-09-26 16:11:36] TX Puente HTTP/REST (sensor de campo -> Central) -> {"puertaAbierta": false, "eventosAcceso": 3, "tempPuerta": 24.11, "tsDispositivo": "2026-09-26T21:11:36+00:00"}
[2026-09-26 16:11:37] TX Puente HTTP/REST (sensor de campo -> Central) -> {"puertaAbierta": false, "eventosAcceso": 2, "tempPuerta": 23.82, "tsDispositivo": "2026-09-26T21:11:37+00:00"}
[2026-09-26 16:13:36] TX Puente HTTP/REST (sensor de campo -> Central) -> {"puertaAbierta": false, "eventosAcceso": 3, "tempPuerta": 24.24, "tsDispositivo": "2026-09-26T21:13:36+00:00"}
[2026-09-26 16:13:37] TX Puente HTTP/REST (sensor de campo -> Central) -> {"puertaAbierta": false, "eventosAcceso": 2, "tempPuerta": 24.27, "tsDispositivo": "2026-09-26T21:13:37+00:00"}
[2026-09-26 16:15:36] TX Puente HTTP/REST (sensor de campo -> Central) -> {"puertaAbierta": false, "eventosAcceso": 3, "tempPuerta": 23.98, "tsDispositivo": "2026-09-26T21:15:36+00:00"}
[2026-09-26 16:15:37] TX Puente HTTP/REST (sensor de campo -> Central) -> {"puertaAbierta": false, "eventosAcceso": 2, "tempPuerta": 23.62, "tsDispositivo": "2026-09-26T21:15:37+00:00"}
[2026-09-26 16:17:36] TX Puente HTTP/REST (sensor de campo -> Central) -> {"puertaAbierta": false, "eventosAcceso": 3, "tempPuerta": 23.54, "tsDispositivo": "2026-09-26T21:17:36+00:00"}
[2026-09-26 16:17:37] TX Puente HTTP/REST (sensor de campo -> Central) -> {"puertaAbierta": false, "eventosAcceso": 2, "tempPuerta": 24.22, "tsDispositivo": "2026-09-26T21:17:37+00:00"}
[2026-09-26 16:19:37] TX Puente HTTP/REST (sensor de campo -> Central) -> {"puertaAbierta": true, "eventosAcceso": 4, "tempPuerta": 23.65, "tsDispositivo": "2026-09-26T21:19:36+00:00"}
[2026-09-26 16:19:37] TX Puente HTTP/REST (sensor de campo -> Central) -> {"puertaAbierta": false, "eventosAcceso": 2, "tempPuerta": 23.9, "tsDispositivo": "2026-09-26T21:19:37+00:00"}
[2026-09-26 16:21:37] TX Puente HTTP/REST (sensor de campo -> Central) -> {"puertaAbierta": false, "eventosAcceso": 4, "tempPuerta": 23.63, "tsDispositivo": "2026-09-26T21:21:37+00:00"}
[2026-09-26 16:21:37] TX Puente HTTP/REST (sensor de campo -> Central) -> {"puertaAbierta": false, "eventosAcceso": 2, "tempPuerta": 23.61, "tsDispositivo": "2026-09-26T21:21:37+00:00"}
[2026-09-26 16:23:37] TX Puente HTTP/REST (sensor de campo -> Central) -> {"puertaAbierta": false, "eventosAcceso": 4, "tempPuerta": 23.9, "tsDispositivo": "2026-09-26T21:23:37+00:00"}
[2026-09-26 16:23:37] TX Puente HTTP/REST (sensor de campo -> Central) -> {"puertaAbierta": false, "eventosAcceso": 2, "tempPuerta": 23.58, "tsDispositivo": "2026-09-26T21:23:37+00:00"}
[2026-09-26 16:25:37] TX Puente HTTP/REST (sensor de campo -> Central) -> {"puertaAbierta": false, "eventosAcceso": 4, "tempPuerta": 23.52, "tsDispositivo": "2026-09-26T21:25:37+00:00"}
[2026-09-26 16:25:38] TX Puente HTTP/REST (sensor de campo -> Central) -> {"puertaAbierta": false, "eventosAcceso": 2, "tempPuerta": 24.25, "tsDispositivo": "2026-09-26T21:25:37+00:00"}
[2026-09-26 16:27:37] TX Puente HTTP/REST (sensor de campo -> Central) -> {"puertaAbierta": false, "eventosAcceso": 4, "tempPuerta": 23.59, "tsDispositivo": "2026-09-26T21:27:37+00:00"}
[2026-09-26 16:27:38] TX Puente HTTP/REST (sensor de campo -> Central) -> {"puertaAbierta": true, "eventosAcceso": 3, "tempPuerta": 24.05, "tsDispositivo": "2026-09-26T21:27:38+00:00"}
[2026-09-26 16:29:37] TX Puente HTTP/REST (sensor de campo -> Central) -> {"puertaAbierta": false, "eventosAcceso": 4, "tempPuerta": 23.59, "tsDispositivo": "2026-09-26T21:29:37+00:00"}
[2026-09-26 16:29:38] TX Puente HTTP/REST (sensor de campo -> Central) -> {"puertaAbierta": false, "eventosAcceso": 3, "tempPuerta": 23.71, "tsDispositivo": "2026-09-26T21:29:38+00:00"}
[2026-09-26 16:31:37] TX Puente HTTP/REST (sensor de campo -> Central) -> {"puertaAbierta": true, "eventosAcceso": 5, "tempPuerta": 23.88, "tsDispositivo": "2026-09-26T21:31:37+00:00"}
[2026-09-26 16:31:38] TX Puente HTTP/REST (sensor de campo -> Central) -> {"puertaAbierta": true, "eventosAcceso": 4, "tempPuerta": 24.12, "tsDispositivo": "2026-09-26T21:31:38+00:00"}
[2026-09-26 16:33:37] TX Puente HTTP/REST (sensor de campo -> Central) -> {"puertaAbierta": true, "eventosAcceso": 6, "tempPuerta": 23.81, "tsDispositivo": "2026-09-26T21:33:37+00:00"}
[2026-09-26 16:33:38] TX Puente HTTP/REST (sensor de campo -> Central) -> {"puertaAbierta": false, "eventosAcceso": 4, "tempPuerta": 23.9, "tsDispositivo": "2026-09-26T21:33:38+00:00"}
[2026-09-26 16:35:37] TX Puente HTTP/REST (sensor de campo -> Central) -> {"puertaAbierta": false, "eventosAcceso": 6, "tempPuerta": 23.85, "tsDispositivo": "2026-09-26T21:35:37+00:00"}
[2026-09-26 16:35:38] TX Puente HTTP/REST (sensor de campo -> Central) -> {"puertaAbierta": false, "eventosAcceso": 4, "tempPuerta": 23.9, "tsDispositivo": "2026-09-26T21:35:38+00:00"}
[2026-09-26 16:37:38] TX Puente HTTP/REST (sensor de campo -> Central) -> {"puertaAbierta": false, "eventosAcceso": 6, "tempPuerta": 23.49, "tsDispositivo": "2026-09-26T21:37:37+00:00"}
[2026-09-26 16:37:38] TX Puente HTTP/REST (sensor de campo -> Central) -> {"puertaAbierta": false, "eventosAcceso": 4, "tempPuerta": 23.5, "tsDispositivo": "2026-09-26T21:37:38+00:00"}
[2026-09-26 16:39:38] TX Puente HTTP/REST (sensor de campo -> Central) -> {"puertaAbierta": false, "eventosAcceso": 6, "tempPuerta": 24.13, "tsDispositivo": "2026-09-26T21:39:38+00:00"}
[2026-09-26 16:39:38] TX Puente HTTP/REST (sensor de campo -> Central) -> {"puertaAbierta": false, "eventosAcceso": 4, "tempPuerta": 23.53, "tsDispositivo": "2026-09-26T21:39:38+00:00"}
[2026-09-26 16:41:38] TX Puente HTTP/REST (sensor de campo -> Central) -> {"puertaAbierta": true, "eventosAcceso": 7, "tempPuerta": 23.81, "tsDispositivo": "2026-09-26T21:41:38+00:00"}
[2026-09-26 16:41:38] TX Puente HTTP/REST (sensor de campo -> Central) -> {"puertaAbierta": true, "eventosAcceso": 5, "tempPuerta": 23.75, "tsDispositivo": "2026-09-26T21:41:38+00:00"}
[2026-09-26 16:43:38] TX Puente HTTP/REST (sensor de campo -> Central) -> {"puertaAbierta": true, "eventosAcceso": 8, "tempPuerta": 23.63, "tsDispositivo": "2026-09-26T21:43:38+00:00"}
[2026-09-26 16:43:39] TX Puente HTTP/REST (sensor de campo -> Central) -> {"puertaAbierta": false, "eventosAcceso": 5, "tempPuerta": 24.02, "tsDispositivo": "2026-09-26T21:43:38+00:00"}
[2026-09-26 16:45:38] TX Puente HTTP/REST (sensor de campo -> Central) -> {"puertaAbierta": false, "eventosAcceso": 8, "tempPuerta": 23.7, "tsDispositivo": "2026-09-26T21:45:38+00:00"}
[2026-09-26 16:45:39] TX Puente HTTP/REST (sensor de campo -> Central) -> {"puertaAbierta": false, "eventosAcceso": 5, "tempPuerta": 23.56, "tsDispositivo": "2026-09-26T21:45:39+00:00"}
[2026-09-26 16:47:38] TX Puente HTTP/REST (sensor de campo -> Central) -> {"puertaAbierta": false, "eventosAcceso": 8, "tempPuerta": 23.68, "tsDispositivo": "2026-09-26T21:47:38+00:00"}
[2026-09-26 16:47:39] TX Puente HTTP/REST (sensor de campo -> Central) -> {"puertaAbierta": false, "eventosAcceso": 5, "tempPuerta": 23.93, "tsDispositivo": "2026-09-26T21:47:39+00:00"}
[2026-09-26 16:49:38] TX Puente HTTP/REST (sensor de campo -> Central) -> {"puertaAbierta": false, "eventosAcceso": 8, "tempPuerta": 23.49, "tsDispositivo": "2026-09-26T21:49:38+00:00"}
[2026-09-26 16:49:39] TX Puente HTTP/REST (sensor de campo -> Central) -> {"puertaAbierta": false, "eventosAcceso": 5, "tempPuerta": 23.84, "tsDispositivo": "2026-09-26T21:49:39+00:00"}
[2026-09-26 16:51:38] TX Puente HTTP/REST (sensor de campo -> Central) -> {"puertaAbierta": false, "eventosAcceso": 8, "tempPuerta": 23.75, "tsDispositivo": "2026-09-26T21:51:38+00:00"}
[2026-09-26 16:51:39] TX Puente HTTP/REST (sensor de campo -> Central) -> {"puertaAbierta": false, "eventosAcceso": 5, "tempPuerta": 23.46, "tsDispositivo": "2026-09-26T21:51:39+00:00"}
[2026-09-26 16:53:38] TX Puente HTTP/REST (sensor de campo -> Central) -> {"puertaAbierta": false, "eventosAcceso": 8, "tempPuerta": 24.12, "tsDispositivo": "2026-09-26T21:53:38+00:00"}
[2026-09-26 16:53:39] TX Puente HTTP/REST (sensor de campo -> Central) -> {"puertaAbierta": false, "eventosAcceso": 5, "tempPuerta": 23.44, "tsDispositivo": "2026-09-26T21:53:39+00:00"}
[2026-09-26 16:55:39] TX Puente HTTP/REST (sensor de campo -> Central) -> {"puertaAbierta": false, "eventosAcceso": 8, "tempPuerta": 23.67, "tsDispositivo": "2026-09-26T21:55:38+00:00"}
[2026-09-26 16:55:39] TX Puente HTTP/REST (sensor de campo -> Central) -> {"puertaAbierta": false, "eventosAcceso": 5, "tempPuerta": 23.88, "tsDispositivo": "2026-09-26T21:55:39+00:00"}
[2026-09-26 16:57:39] TX Puente HTTP/REST (sensor de campo -> Central) -> {"puertaAbierta": false, "eventosAcceso": 8, "tempPuerta": 23.96, "tsDispositivo": "2026-09-26T21:57:39+00:00"}
[2026-09-26 16:57:39] TX Puente HTTP/REST (sensor de campo -> Central) -> {"puertaAbierta": false, "eventosAcceso": 5, "tempPuerta": 23.84, "tsDispositivo": "2026-09-26T21:57:39+00:00"}
[2026-09-26 16:59:39] TX Puente HTTP/REST (sensor de campo -> Central) -> {"puertaAbierta": false, "eventosAcceso": 8, "tempPuerta": 23.94, "tsDispositivo": "2026-09-26T21:59:39+00:00"}
[2026-09-26 16:59:39] TX Puente HTTP/REST (sensor de campo -> Central) -> {"puertaAbierta": false, "eventosAcceso": 5, "tempPuerta": 23.71, "tsDispositivo": "2026-09-26T21:59:39+00:00"}
[2026-09-26 17:01:39] TX Puente HTTP/REST (sensor de campo -> Central) -> {"puertaAbierta": false, "eventosAcceso": 8, "tempPuerta": 23.5, "tsDispositivo": "2026-09-26T22:01:39+00:00"}
[2026-09-26 17:01:40] TX Puente HTTP/REST (sensor de campo -> Central) -> {"puertaAbierta": false, "eventosAcceso": 5, "tempPuerta": 23.9, "tsDispositivo": "2026-09-26T22:01:39+00:00"}
[2026-09-26 17:03:39] TX Puente HTTP/REST (sensor de campo -> Central) -> {"puertaAbierta": false, "eventosAcceso": 8, "tempPuerta": 23.88, "tsDispositivo": "2026-09-26T22:03:39+00:00"}
[2026-09-26 17:03:40] TX Puente HTTP/REST (sensor de campo -> Central) -> {"puertaAbierta": false, "eventosAcceso": 5, "tempPuerta": 23.85, "tsDispositivo": "2026-09-26T22:03:40+00:00"}
[2026-09-26 17:05:39] TX Puente HTTP/REST (sensor de campo -> Central) -> {"puertaAbierta": false, "eventosAcceso": 8, "tempPuerta": 23.48, "tsDispositivo": "2026-09-26T22:05:39+00:00"}
[2026-09-26 17:05:40] TX Puente HTTP/REST (sensor de campo -> Central) -> {"puertaAbierta": false, "eventosAcceso": 5, "tempPuerta": 23.6, "tsDispositivo": "2026-09-26T22:05:40+00:00"}
[2026-09-26 17:07:39] TX Puente HTTP/REST (sensor de campo -> Central) -> {"puertaAbierta": false, "eventosAcceso": 8, "tempPuerta": 23.84, "tsDispositivo": "2026-09-26T22:07:39+00:00"}
[2026-09-26 17:07:40] TX Puente HTTP/REST (sensor de campo -> Central) -> {"puertaAbierta": false, "eventosAcceso": 5, "tempPuerta": 23.84, "tsDispositivo": "2026-09-26T22:07:40+00:00"}
[2026-09-26 17:09:39] TX Puente HTTP/REST (sensor de campo -> Central) -> {"puertaAbierta": false, "eventosAcceso": 8, "tempPuerta": 23.58, "tsDispositivo": "2026-09-26T22:09:39+00:00"}
[2026-09-26 17:09:40] TX Puente HTTP/REST (sensor de campo -> Central) -> {"puertaAbierta": false, "eventosAcceso": 5, "tempPuerta": 23.72, "tsDispositivo": "2026-09-26T22:09:40+00:00"}
[2026-09-26 17:11:39] TX Puente HTTP/REST (sensor de campo -> Central) -> {"puertaAbierta": false, "eventosAcceso": 8, "tempPuerta": 23.67, "tsDispositivo": "2026-09-26T22:11:39+00:00"}
[2026-09-26 17:11:40] TX Puente HTTP/REST (sensor de campo -> Central) -> {"puertaAbierta": false, "eventosAcceso": 5, "tempPuerta": 24.07, "tsDispositivo": "2026-09-26T22:11:40+00:00"}
[2026-09-26 17:13:39] TX Puente HTTP/REST (sensor de campo -> Central) -> {"puertaAbierta": true, "eventosAcceso": 9, "tempPuerta": 23.68, "tsDispositivo": "2026-09-26T22:13:39+00:00"}
[2026-09-26 17:13:40] TX Puente HTTP/REST (sensor de campo -> Central) -> {"puertaAbierta": false, "eventosAcceso": 5, "tempPuerta": 23.99, "tsDispositivo": "2026-09-26T22:13:40+00:00"}
[2026-09-26 17:15:40] TX Puente HTTP/REST (sensor de campo -> Central) -> {"puertaAbierta": false, "eventosAcceso": 9, "tempPuerta": 23.58, "tsDispositivo": "2026-09-26T22:15:39+00:00"}
[2026-09-26 17:15:40] TX Puente HTTP/REST (sensor de campo -> Central) -> {"puertaAbierta": false, "eventosAcceso": 5, "tempPuerta": 23.38, "tsDispositivo": "2026-09-26T22:15:40+00:00"}
[2026-09-26 17:17:40] TX Puente HTTP/REST (sensor de campo -> Central) -> {"puertaAbierta": false, "eventosAcceso": 9, "tempPuerta": 23.55, "tsDispositivo": "2026-09-26T22:17:40+00:00"}
[2026-09-26 17:17:40] TX Puente HTTP/REST (sensor de campo -> Central) -> {"puertaAbierta": false, "eventosAcceso": 5, "tempPuerta": 23.86, "tsDispositivo": "2026-09-26T22:17:40+00:00"}
[2026-09-26 17:19:40] TX Puente HTTP/REST (sensor de campo -> Central) -> {"puertaAbierta": false, "eventosAcceso": 9, "tempPuerta": 23.66, "tsDispositivo": "2026-09-26T22:19:40+00:00"}
[2026-09-26 17:19:40] TX Puente HTTP/REST (sensor de campo -> Central) -> {"puertaAbierta": false, "eventosAcceso": 5, "tempPuerta": 23.51, "tsDispositivo": "2026-09-26T22:19:40+00:00"}
[2026-09-26 17:21:40] TX Puente HTTP/REST (sensor de campo -> Central) -> {"puertaAbierta": false, "eventosAcceso": 9, "tempPuerta": 23.65, "tsDispositivo": "2026-09-26T22:21:40+00:00"}
[2026-09-26 17:21:41] TX Puente HTTP/REST (sensor de campo -> Central) -> {"puertaAbierta": false, "eventosAcceso": 5, "tempPuerta": 23.86, "tsDispositivo": "2026-09-26T22:21:40+00:00"}
[2026-09-26 17:23:40] TX Puente HTTP/REST (sensor de campo -> Central) -> {"puertaAbierta": false, "eventosAcceso": 9, "tempPuerta": 23.97, "tsDispositivo": "2026-09-26T22:23:40+00:00"}
[2026-09-26 17:23:41] TX Puente HTTP/REST (sensor de campo -> Central) -> {"puertaAbierta": false, "eventosAcceso": 5, "tempPuerta": 23.42, "tsDispositivo": "2026-09-26T22:23:41+00:00"}
[2026-09-26 17:25:40] TX Puente HTTP/REST (sensor de campo -> Central) -> {"puertaAbierta": false, "eventosAcceso": 9, "tempPuerta": 24.01, "tsDispositivo": "2026-09-26T22:25:40+00:00"}
[2026-09-26 17:25:41] TX Puente HTTP/REST (sensor de campo -> Central) -> {"puertaAbierta": false, "eventosAcceso": 5, "tempPuerta": 23.45, "tsDispositivo": "2026-09-26T22:25:41+00:00"}
[2026-09-26 17:27:40] TX Puente HTTP/REST (sensor de campo -> Central) -> {"puertaAbierta": false, "eventosAcceso": 9, "tempPuerta": 23.5, "tsDispositivo": "2026-09-26T22:27:40+00:00"}
[2026-09-26 17:27:41] TX Puente HTTP/REST (sensor de campo -> Central) -> {"puertaAbierta": false, "eventosAcceso": 5, "tempPuerta": 23.93, "tsDispositivo": "2026-09-26T22:27:41+00:00"}
[2026-09-26 17:29:40] TX Puente HTTP/REST (sensor de campo -> Central) -> {"puertaAbierta": false, "eventosAcceso": 9, "tempPuerta": 23.8, "tsDispositivo": "2026-09-26T22:29:40+00:00"}
[2026-09-26 17:29:41] TX Puente HTTP/REST (sensor de campo -> Central) -> {"puertaAbierta": false, "eventosAcceso": 5, "tempPuerta": 24.03, "tsDispositivo": "2026-09-26T22:29:41+00:00"}
[2026-09-26 17:31:40] TX Puente HTTP/REST (sensor de campo -> Central) -> {"puertaAbierta": false, "eventosAcceso": 9, "tempPuerta": 23.53, "tsDispositivo": "2026-09-26T22:31:40+00:00"}
[2026-09-26 17:31:41] TX Puente HTTP/REST (sensor de campo -> Central) -> {"puertaAbierta": false, "eventosAcceso": 5, "tempPuerta": 23.37, "tsDispositivo": "2026-09-26T22:31:41+00:00"}
[2026-09-26 17:33:41] TX Puente HTTP/REST (sensor de campo -> Central) -> {"puertaAbierta": false, "eventosAcceso": 9, "tempPuerta": 23.62, "tsDispositivo": "2026-09-26T22:33:40+00:00"}
[2026-09-26 17:33:41] TX Puente HTTP/REST (sensor de campo -> Central) -> {"puertaAbierta": true, "eventosAcceso": 6, "tempPuerta": 24.05, "tsDispositivo": "2026-09-26T22:33:41+00:00"}
[2026-09-26 17:35:41] TX Puente HTTP/REST (sensor de campo -> Central) -> {"puertaAbierta": false, "eventosAcceso": 9, "tempPuerta": 23.94, "tsDispositivo": "2026-09-26T22:35:41+00:00"}
[2026-09-26 17:35:41] TX Puente HTTP/REST (sensor de campo -> Central) -> {"puertaAbierta": false, "eventosAcceso": 6, "tempPuerta": 23.65, "tsDispositivo": "2026-09-26T22:35:41+00:00"}
[2026-09-26 17:37:41] TX Puente HTTP/REST (sensor de campo -> Central) -> {"puertaAbierta": false, "eventosAcceso": 9, "tempPuerta": 23.46, "tsDispositivo": "2026-09-26T22:37:41+00:00"}
[2026-09-26 17:37:41] TX Puente HTTP/REST (sensor de campo -> Central) -> {"puertaAbierta": false, "eventosAcceso": 6, "tempPuerta": 23.43, "tsDispositivo": "2026-09-26T22:37:41+00:00"}
[2026-09-26 17:39:41] TX Puente HTTP/REST (sensor de campo -> Central) -> {"puertaAbierta": false, "eventosAcceso": 9, "tempPuerta": 23.66, "tsDispositivo": "2026-09-26T22:39:41+00:00"}
[2026-09-26 17:39:42] TX Puente HTTP/REST (sensor de campo -> Central) -> {"puertaAbierta": false, "eventosAcceso": 6, "tempPuerta": 23.28, "tsDispositivo": "2026-09-26T22:39:41+00:00"}
[2026-09-26 17:41:41] TX Puente HTTP/REST (sensor de campo -> Central) -> {"puertaAbierta": false, "eventosAcceso": 9, "tempPuerta": 23.86, "tsDispositivo": "2026-09-26T22:41:41+00:00"}
[2026-09-26 17:41:42] TX Puente HTTP/REST (sensor de campo -> Central) -> {"puertaAbierta": false, "eventosAcceso": 6, "tempPuerta": 23.79, "tsDispositivo": "2026-09-26T22:41:42+00:00"}
[2026-09-26 17:43:41] TX Puente HTTP/REST (sensor de campo -> Central) -> {"puertaAbierta": false, "eventosAcceso": 9, "tempPuerta": 23.66, "tsDispositivo": "2026-09-26T22:43:41+00:00"}
[2026-09-26 17:43:42] TX Puente HTTP/REST (sensor de campo -> Central) -> {"puertaAbierta": false, "eventosAcceso": 6, "tempPuerta": 23.48, "tsDispositivo": "2026-09-26T22:43:42+00:00"}
[2026-09-26 17:45:41] TX Puente HTTP/REST (sensor de campo -> Central) -> {"puertaAbierta": false, "eventosAcceso": 9, "tempPuerta": 23.53, "tsDispositivo": "2026-09-26T22:45:41+00:00"}
[2026-09-26 17:45:42] TX Puente HTTP/REST (sensor de campo -> Central) -> {"puertaAbierta": false, "eventosAcceso": 6, "tempPuerta": 23.6, "tsDispositivo": "2026-09-26T22:45:42+00:00"}
[2026-09-26 17:47:41] TX Puente HTTP/REST (sensor de campo -> Central) -> {"puertaAbierta": false, "eventosAcceso": 9, "tempPuerta": 23.48, "tsDispositivo": "2026-09-26T22:47:41+00:00"}
[2026-09-26 17:47:42] TX Puente HTTP/REST (sensor de campo -> Central) -> {"puertaAbierta": true, "eventosAcceso": 7, "tempPuerta": 23.3, "tsDispositivo": "2026-09-26T22:47:42+00:00"}
[2026-09-26 17:49:41] TX Puente HTTP/REST (sensor de campo -> Central) -> {"puertaAbierta": false, "eventosAcceso": 9, "tempPuerta": 23.42, "tsDispositivo": "2026-09-26T22:49:41+00:00"}
[2026-09-26 17:49:42] TX Puente HTTP/REST (sensor de campo -> Central) -> {"puertaAbierta": false, "eventosAcceso": 7, "tempPuerta": 23.33, "tsDispositivo": "2026-09-26T22:49:42+00:00"}
[2026-09-26 17:51:42] TX Puente HTTP/REST (sensor de campo -> Central) -> {"puertaAbierta": false, "eventosAcceso": 9, "tempPuerta": 23.79, "tsDispositivo": "2026-09-26T22:51:41+00:00"}
[2026-09-26 17:51:42] TX Puente HTTP/REST (sensor de campo -> Central) -> {"puertaAbierta": false, "eventosAcceso": 7, "tempPuerta": 23.54, "tsDispositivo": "2026-09-26T22:51:42+00:00"}
[2026-09-26 17:53:42] TX Puente HTTP/REST (sensor de campo -> Central) -> {"puertaAbierta": false, "eventosAcceso": 9, "tempPuerta": 23.52, "tsDispositivo": "2026-09-26T22:53:42+00:00"}
[2026-09-26 17:53:42] TX Puente HTTP/REST (sensor de campo -> Central) -> {"puertaAbierta": true, "eventosAcceso": 8, "tempPuerta": 23.2, "tsDispositivo": "2026-09-26T22:53:42+00:00"}
[2026-09-26 17:55:42] TX Puente HTTP/REST (sensor de campo -> Central) -> {"puertaAbierta": false, "eventosAcceso": 9, "tempPuerta": 23.62, "tsDispositivo": "2026-09-26T22:55:42+00:00"}
[2026-09-26 17:55:42] TX Puente HTTP/REST (sensor de campo -> Central) -> {"puertaAbierta": false, "eventosAcceso": 8, "tempPuerta": 23.66, "tsDispositivo": "2026-09-26T22:55:42+00:00"}
[2026-09-26 17:57:42] TX Puente HTTP/REST (sensor de campo -> Central) -> {"puertaAbierta": false, "eventosAcceso": 9, "tempPuerta": 23.59, "tsDispositivo": "2026-09-26T22:57:42+00:00"}
[2026-09-26 17:57:43] TX Puente HTTP/REST (sensor de campo -> Central) -> {"puertaAbierta": false, "eventosAcceso": 8, "tempPuerta": 23.63, "tsDispositivo": "2026-09-26T22:57:42+00:00"}
[2026-09-26 17:59:42] TX Puente HTTP/REST (sensor de campo -> Central) -> {"puertaAbierta": true, "eventosAcceso": 10, "tempPuerta": 23.4, "tsDispositivo": "2026-09-26T22:59:42+00:00"}
[2026-09-26 17:59:43] TX Puente HTTP/REST (sensor de campo -> Central) -> {"puertaAbierta": false, "eventosAcceso": 8, "tempPuerta": 23.17, "tsDispositivo": "2026-09-26T22:59:43+00:00"}
[2026-09-26 18:01:42] TX Puente HTTP/REST (sensor de campo -> Central) -> {"puertaAbierta": true, "eventosAcceso": 11, "tempPuerta": 23.54, "tsDispositivo": "2026-09-26T23:01:42+00:00"}
[2026-09-26 18:01:43] TX Puente HTTP/REST (sensor de campo -> Central) -> {"puertaAbierta": true, "eventosAcceso": 9, "tempPuerta": 23.33, "tsDispositivo": "2026-09-26T23:01:43+00:00"}
[2026-09-26 18:03:42] TX Puente HTTP/REST (sensor de campo -> Central) -> {"puertaAbierta": false, "eventosAcceso": 11, "tempPuerta": 23.87, "tsDispositivo": "2026-09-26T23:03:42+00:00"}
[2026-09-26 18:03:43] TX Puente HTTP/REST (sensor de campo -> Central) -> {"puertaAbierta": true, "eventosAcceso": 10, "tempPuerta": 23.67, "tsDispositivo": "2026-09-26T23:03:43+00:00"}
[2026-09-26 18:05:42] TX Puente HTTP/REST (sensor de campo -> Central) -> {"puertaAbierta": false, "eventosAcceso": 11, "tempPuerta": 23.35, "tsDispositivo": "2026-09-26T23:05:42+00:00"}
[2026-09-26 18:05:43] TX Puente HTTP/REST (sensor de campo -> Central) -> {"puertaAbierta": true, "eventosAcceso": 11, "tempPuerta": 23.51, "tsDispositivo": "2026-09-26T23:05:43+00:00"}
[2026-09-26 18:07:42] TX Puente HTTP/REST (sensor de campo -> Central) -> {"puertaAbierta": false, "eventosAcceso": 11, "tempPuerta": 23.35, "tsDispositivo": "2026-09-26T23:07:42+00:00"}
[2026-09-26 18:07:43] TX Puente HTTP/REST (sensor de campo -> Central) -> {"puertaAbierta": true, "eventosAcceso": 12, "tempPuerta": 23.36, "tsDispositivo": "2026-09-26T23:07:43+00:00"}
