[2026-09-26 15:37:22] INFO  DPS (MQTT) id_scope=0ne00FE1F90 registration_id=DC-PASILLO-04 | hub por MQTT/WebSockets=True
[2026-09-26 15:37:25] INFO  DPS OK en 2.2 s -> hub iotc-ce764639-456d-4e61-9e9c-e64c9a818624.azure-devices.net | estado=assigned | DC-PASILLO-04
iotc-ce764639-456d-4e61-9e9c-e64c9a818624.azure-devices.net
initialAssignment
null
[2026-09-26 15:37:25] INFO  MQTT sobre WebSockets (443) conectado a IoT Central
[2026-09-26 15:37:25] INFO  propiedades reportadas: {'zona': 'Pasillo frio / contencion', 'ubicacion': 'Sala blanca - pasillo entre filas A y C', 'origenEnvio': 'Python SDK azure-iot-device (MQTT sobre WebSockets 443)', 'fabricante': 'Dell Edge Gateway 3200 + Sensirion SDP810', 'modelo': 'Nodo-Py-WS/1.0', 'versionFirmware': '1.2.0', 'intervaloMuestreo': 60}
[2026-09-26 15:37:25] TX Python SDK azure-iot-device (MQTT sobre WebSockets 443) -> {"tempPasillo": 19.98, "humedadPasillo": 51.81, "deltaPresionPa": 19.4, "tsDispositivo": "2026-09-26T20:37:25+00:00"}
[2026-09-26 15:38:25] TX Python SDK azure-iot-device (MQTT sobre WebSockets 443) -> {"tempPasillo": 20.08, "humedadPasillo": 51.65, "deltaPresionPa": 19.5, "tsDispositivo": "2026-09-26T20:38:25+00:00"}
[2026-09-26 15:39:25] TX Python SDK azure-iot-device (MQTT sobre WebSockets 443) -> {"tempPasillo": 20.39, "humedadPasillo": 51.36, "deltaPresionPa": 21.5, "tsDispositivo": "2026-09-26T20:39:25+00:00"}
[2026-09-26 15:40:25] TX Python SDK azure-iot-device (MQTT sobre WebSockets 443) -> {"tempPasillo": 20.55, "humedadPasillo": 51.67, "deltaPresionPa": 21.2, "tsDispositivo": "2026-09-26T20:40:25+00:00"}
[2026-09-26 15:41:26] TX Python SDK azure-iot-device (MQTT sobre WebSockets 443) -> {"tempPasillo": 20.54, "humedadPasillo": 51.31, "deltaPresionPa": 21.0, "tsDispositivo": "2026-09-26T20:41:25+00:00"}
[2026-09-26 15:42:26] TX Python SDK azure-iot-device (MQTT sobre WebSockets 443) -> {"tempPasillo": 20.36, "humedadPasillo": 50.96, "deltaPresionPa": 18.4, "tsDispositivo": "2026-09-26T20:42:26+00:00"}
[2026-09-26 15:43:26] TX Python SDK azure-iot-device (MQTT sobre WebSockets 443) -> {"tempPasillo": 20.34, "humedadPasillo": 50.94, "deltaPresionPa": 18.5, "tsDispositivo": "2026-09-26T20:43:26+00:00"}
[2026-09-26 15:44:26] TX Python SDK azure-iot-device (MQTT sobre WebSockets 443) -> {"tempPasillo": 20.53, "humedadPasillo": 51.68, "deltaPresionPa": 18.2, "tsDispositivo": "2026-09-26T20:44:26+00:00"}
[2026-09-26 15:45:26] TX Python SDK azure-iot-device (MQTT sobre WebSockets 443) -> {"tempPasillo": 20.56, "humedadPasillo": 51.5, "deltaPresionPa": 21.5, "tsDispositivo": "2026-09-26T20:45:26+00:00"}
[2026-09-26 15:46:26] TX Python SDK azure-iot-device (MQTT sobre WebSockets 443) -> {"tempPasillo": 20.28, "humedadPasillo": 52.23, "deltaPresionPa": 21.2, "tsDispositivo": "2026-09-26T20:46:26+00:00"}
[2026-09-26 15:47:26] TX Python SDK azure-iot-device (MQTT sobre WebSockets 443) -> {"tempPasillo": 20.0, "humedadPasillo": 50.95, "deltaPresionPa": 18.2, "tsDispositivo": "2026-09-26T20:47:26+00:00"}
[2026-09-26 15:48:26] TX Python SDK azure-iot-device (MQTT sobre WebSockets 443) -> {"tempPasillo": 20.07, "humedadPasillo": 50.53, "deltaPresionPa": 19.5, "tsDispositivo": "2026-09-26T20:48:26+00:00"}
[2026-09-26 15:49:26] TX Python SDK azure-iot-device (MQTT sobre WebSockets 443) -> {"tempPasillo": 20.45, "humedadPasillo": 50.92, "deltaPresionPa": 20.0, "tsDispositivo": "2026-09-26T20:49:26+00:00"}
[2026-09-26 15:50:26] TX Python SDK azure-iot-device (MQTT sobre WebSockets 443) -> {"tempPasillo": 20.25, "humedadPasillo": 51.59, "deltaPresionPa": 19.6, "tsDispositivo": "2026-09-26T20:50:26+00:00"}
[2026-09-26 15:51:27] TX Python SDK azure-iot-device (MQTT sobre WebSockets 443) -> {"tempPasillo": 20.03, "humedadPasillo": 50.9, "deltaPresionPa": 20.7, "tsDispositivo": "2026-09-26T20:51:26+00:00"}
[2026-09-26 15:52:27] TX Python SDK azure-iot-device (MQTT sobre WebSockets 443) -> {"tempPasillo": 20.09, "humedadPasillo": 51.98, "deltaPresionPa": 17.3, "tsDispositivo": "2026-09-26T20:52:27+00:00"}
[2026-09-26 15:53:27] TX Python SDK azure-iot-device (MQTT sobre WebSockets 443) -> {"tempPasillo": 20.09, "humedadPasillo": 50.74, "deltaPresionPa": 19.3, "tsDispositivo": "2026-09-26T20:53:27+00:00"}
[2026-09-26 15:54:27] TX Python SDK azure-iot-device (MQTT sobre WebSockets 443) -> {"tempPasillo": 20.5, "humedadPasillo": 50.17, "deltaPresionPa": 18.6, "tsDispositivo": "2026-09-26T20:54:27+00:00"}
[2026-09-26 15:55:27] TX Python SDK azure-iot-device (MQTT sobre WebSockets 443) -> {"tempPasillo": 20.15, "humedadPasillo": 51.62, "deltaPresionPa": 21.4, "tsDispositivo": "2026-09-26T20:55:27+00:00"}
[2026-09-26 15:56:27] TX Python SDK azure-iot-device (MQTT sobre WebSockets 443) -> {"tempPasillo": 20.25, "humedadPasillo": 50.27, "deltaPresionPa": 17.6, "tsDispositivo": "2026-09-26T20:56:27+00:00"}
[2026-09-26 15:57:27] TX Python SDK azure-iot-device (MQTT sobre WebSockets 443) -> {"tempPasillo": 20.43, "humedadPasillo": 50.4, "deltaPresionPa": 19.2, "tsDispositivo": "2026-09-26T20:57:27+00:00"}
[2026-09-26 15:58:27] TX Python SDK azure-iot-device (MQTT sobre WebSockets 443) -> {"tempPasillo": 20.13, "humedadPasillo": 50.56, "deltaPresionPa": 19.2, "tsDispositivo": "2026-09-26T20:58:27+00:00"}
[2026-09-26 15:59:27] TX Python SDK azure-iot-device (MQTT sobre WebSockets 443) -> {"tempPasillo": 20.34, "humedadPasillo": 50.29, "deltaPresionPa": 20.2, "tsDispositivo": "2026-09-26T20:59:27+00:00"}
[2026-09-26 16:00:28] TX Python SDK azure-iot-device (MQTT sobre WebSockets 443) -> {"tempPasillo": 20.05, "humedadPasillo": 50.79, "deltaPresionPa": 22.0, "tsDispositivo": "2026-09-26T21:00:27+00:00"}
[2026-09-26 16:01:28] TX Python SDK azure-iot-device (MQTT sobre WebSockets 443) -> {"tempPasillo": 19.98, "humedadPasillo": 51.28, "deltaPresionPa": 21.7, "tsDispositivo": "2026-09-26T21:01:28+00:00"}
[2026-09-26 16:02:28] TX Python SDK azure-iot-device (MQTT sobre WebSockets 443) -> {"tempPasillo": 20.25, "humedadPasillo": 51.47, "deltaPresionPa": 19.9, "tsDispositivo": "2026-09-26T21:02:28+00:00"}
[2026-09-26 16:03:28] TX Python SDK azure-iot-device (MQTT sobre WebSockets 443) -> {"tempPasillo": 20.23, "humedadPasillo": 50.71, "deltaPresionPa": 18.6, "tsDispositivo": "2026-09-26T21:03:28+00:00"}
[2026-09-26 16:04:28] TX Python SDK azure-iot-device (MQTT sobre WebSockets 443) -> {"tempPasillo": 20.33, "humedadPasillo": 50.79, "deltaPresionPa": 18.4, "tsDispositivo": "2026-09-26T21:04:28+00:00"}
[2026-09-26 16:05:28] TX Python SDK azure-iot-device (MQTT sobre WebSockets 443) -> {"tempPasillo": 20.02, "humedadPasillo": 50.72, "deltaPresionPa": 19.0, "tsDispositivo": "2026-09-26T21:05:28+00:00"}
[2026-09-26 16:06:28] TX Python SDK azure-iot-device (MQTT sobre WebSockets 443) -> {"tempPasillo": 20.07, "humedadPasillo": 50.71, "deltaPresionPa": 18.5, "tsDispositivo": "2026-09-26T21:06:28+00:00"}
[2026-09-26 16:07:28] TX Python SDK azure-iot-device (MQTT sobre WebSockets 443) -> {"tempPasillo": 20.31, "humedadPasillo": 50.49, "deltaPresionPa": 17.6, "tsDispositivo": "2026-09-26T21:07:28+00:00"}
[2026-09-26 16:08:28] TX Python SDK azure-iot-device (MQTT sobre WebSockets 443) -> {"tempPasillo": 20.45, "humedadPasillo": 50.22, "deltaPresionPa": 20.8, "tsDispositivo": "2026-09-26T21:08:28+00:00"}
[2026-09-26 16:09:29] TX Python SDK azure-iot-device (MQTT sobre WebSockets 443) -> {"tempPasillo": 20.33, "humedadPasillo": 50.26, "deltaPresionPa": 21.5, "tsDispositivo": "2026-09-26T21:09:28+00:00"}
[2026-09-26 16:10:29] TX Python SDK azure-iot-device (MQTT sobre WebSockets 443) -> {"tempPasillo": 20.38, "humedadPasillo": 50.57, "deltaPresionPa": 19.1, "tsDispositivo": "2026-09-26T21:10:29+00:00"}
[2026-09-26 16:11:29] TX Python SDK azure-iot-device (MQTT sobre WebSockets 443) -> {"tempPasillo": 20.18, "humedadPasillo": 51.49, "deltaPresionPa": 18.0, "tsDispositivo": "2026-09-26T21:11:29+00:00"}
[2026-09-26 16:12:29] TX Python SDK azure-iot-device (MQTT sobre WebSockets 443) -> {"tempPasillo": 19.99, "humedadPasillo": 51.15, "deltaPresionPa": 20.5, "tsDispositivo": "2026-09-26T21:12:29+00:00"}
[2026-09-26 16:13:29] TX Python SDK azure-iot-device (MQTT sobre WebSockets 443) -> {"tempPasillo": 20.26, "humedadPasillo": 50.67, "deltaPresionPa": 21.5, "tsDispositivo": "2026-09-26T21:13:29+00:00"}
[2026-09-26 16:14:29] TX Python SDK azure-iot-device (MQTT sobre WebSockets 443) -> {"tempPasillo": 20.27, "humedadPasillo": 51.37, "deltaPresionPa": 17.4, "tsDispositivo": "2026-09-26T21:14:29+00:00"}
[2026-09-26 16:15:29] TX Python SDK azure-iot-device (MQTT sobre WebSockets 443) -> {"tempPasillo": 20.08, "humedadPasillo": 51.34, "deltaPresionPa": 20.4, "tsDispositivo": "2026-09-26T21:15:29+00:00"}
[2026-09-26 16:16:29] TX Python SDK azure-iot-device (MQTT sobre WebSockets 443) -> {"tempPasillo": 20.39, "humedadPasillo": 51.17, "deltaPresionPa": 17.7, "tsDispositivo": "2026-09-26T21:16:29+00:00"}
[2026-09-26 16:17:29] TX Python SDK azure-iot-device (MQTT sobre WebSockets 443) -> {"tempPasillo": 20.06, "humedadPasillo": 51.66, "deltaPresionPa": 20.7, "tsDispositivo": "2026-09-26T21:17:29+00:00"}
[2026-09-26 16:18:29] TX Python SDK azure-iot-device (MQTT sobre WebSockets 443) -> {"tempPasillo": 20.37, "humedadPasillo": 50.81, "deltaPresionPa": 19.4, "tsDispositivo": "2026-09-26T21:18:29+00:00"}
[2026-09-26 16:19:30] TX Python SDK azure-iot-device (MQTT sobre WebSockets 443) -> {"tempPasillo": 20.01, "humedadPasillo": 51.66, "deltaPresionPa": 20.4, "tsDispositivo": "2026-09-26T21:19:29+00:00"}
[2026-09-26 16:20:30] TX Python SDK azure-iot-device (MQTT sobre WebSockets 443) -> {"tempPasillo": 20.52, "humedadPasillo": 50.89, "deltaPresionPa": 20.8, "tsDispositivo": "2026-09-26T21:20:30+00:00"}
[2026-09-26 16:21:30] TX Python SDK azure-iot-device (MQTT sobre WebSockets 443) -> {"tempPasillo": 20.04, "humedadPasillo": 50.15, "deltaPresionPa": 18.9, "tsDispositivo": "2026-09-26T21:21:30+00:00"}
[2026-09-26 16:22:30] TX Python SDK azure-iot-device (MQTT sobre WebSockets 443) -> {"tempPasillo": 20.55, "humedadPasillo": 51.03, "deltaPresionPa": 19.4, "tsDispositivo": "2026-09-26T21:22:30+00:00"}
[2026-09-26 16:23:30] TX Python SDK azure-iot-device (MQTT sobre WebSockets 443) -> {"tempPasillo": 20.33, "humedadPasillo": 51.48, "deltaPresionPa": 19.3, "tsDispositivo": "2026-09-26T21:23:30+00:00"}
[2026-09-26 16:24:30] TX Python SDK azure-iot-device (MQTT sobre WebSockets 443) -> {"tempPasillo": 20.45, "humedadPasillo": 51.35, "deltaPresionPa": 17.5, "tsDispositivo": "2026-09-26T21:24:30+00:00"}
[2026-09-26 16:25:30] TX Python SDK azure-iot-device (MQTT sobre WebSockets 443) -> {"tempPasillo": 20.05, "humedadPasillo": 49.89, "deltaPresionPa": 17.3, "tsDispositivo": "2026-09-26T21:25:30+00:00"}
[2026-09-26 16:26:30] TX Python SDK azure-iot-device (MQTT sobre WebSockets 443) -> {"tempPasillo": 20.16, "humedadPasillo": 50.36, "deltaPresionPa": 18.5, "tsDispositivo": "2026-09-26T21:26:30+00:00"}
[2026-09-26 16:27:30] TX Python SDK azure-iot-device (MQTT sobre WebSockets 443) -> {"tempPasillo": 20.37, "humedadPasillo": 50.59, "deltaPresionPa": 17.2, "tsDispositivo": "2026-09-26T21:27:30+00:00"}
[2026-09-26 16:28:30] TX Python SDK azure-iot-device (MQTT sobre WebSockets 443) -> {"tempPasillo": 20.35, "humedadPasillo": 50.34, "deltaPresionPa": 20.9, "tsDispositivo": "2026-09-26T21:28:30+00:00"}
[2026-09-26 16:29:31] TX Python SDK azure-iot-device (MQTT sobre WebSockets 443) -> {"tempPasillo": 20.52, "humedadPasillo": 50.32, "deltaPresionPa": 19.9, "tsDispositivo": "2026-09-26T21:29:30+00:00"}
[2026-09-26 16:30:31] TX Python SDK azure-iot-device (MQTT sobre WebSockets 443) -> {"tempPasillo": 20.55, "humedadPasillo": 50.21, "deltaPresionPa": 18.8, "tsDispositivo": "2026-09-26T21:30:31+00:00"}
[2026-09-26 16:31:31] TX Python SDK azure-iot-device (MQTT sobre WebSockets 443) -> {"tempPasillo": 20.16, "humedadPasillo": 51.47, "deltaPresionPa": 20.1, "tsDispositivo": "2026-09-26T21:31:31+00:00"}
[2026-09-26 16:32:31] TX Python SDK azure-iot-device (MQTT sobre WebSockets 443) -> {"tempPasillo": 20.39, "humedadPasillo": 50.22, "deltaPresionPa": 21.3, "tsDispositivo": "2026-09-26T21:32:31+00:00"}
[2026-09-26 16:33:31] TX Python SDK azure-iot-device (MQTT sobre WebSockets 443) -> {"tempPasillo": 20.18, "humedadPasillo": 51.44, "deltaPresionPa": 19.9, "tsDispositivo": "2026-09-26T21:33:31+00:00"}
[2026-09-26 16:34:31] TX Python SDK azure-iot-device (MQTT sobre WebSockets 443) -> {"tempPasillo": 20.29, "humedadPasillo": 49.77, "deltaPresionPa": 20.0, "tsDispositivo": "2026-09-26T21:34:31+00:00"}
[2026-09-26 16:35:25] INFO  TWIN desired: {'$version': 2, 'modoOperacion': 'Normal', 'umbralHumedad': 60, 'umbralPM25': 35, 'umbralTemperatura': 27}
[2026-09-26 16:35:31] TX Python SDK azure-iot-device (MQTT sobre WebSockets 443) -> {"tempPasillo": 20.18, "humedadPasillo": 50.61, "deltaPresionPa": 18.9, "tsDispositivo": "2026-09-26T21:35:31+00:00"}
[2026-09-26 16:36:31] TX Python SDK azure-iot-device (MQTT sobre WebSockets 443) -> {"tempPasillo": 20.47, "humedadPasillo": 50.79, "deltaPresionPa": 21.9, "tsDispositivo": "2026-09-26T21:36:31+00:00"}
[2026-09-26 16:37:31] TX Python SDK azure-iot-device (MQTT sobre WebSockets 443) -> {"tempPasillo": 20.51, "humedadPasillo": 50.8, "deltaPresionPa": 19.2, "tsDispositivo": "2026-09-26T21:37:31+00:00"}
[2026-09-26 16:38:32] TX Python SDK azure-iot-device (MQTT sobre WebSockets 443) -> {"tempPasillo": 20.53, "humedadPasillo": 50.96, "deltaPresionPa": 21.6, "tsDispositivo": "2026-09-26T21:38:31+00:00"}
[2026-09-26 16:39:32] TX Python SDK azure-iot-device (MQTT sobre WebSockets 443) -> {"tempPasillo": 20.5, "humedadPasillo": 49.57, "deltaPresionPa": 18.0, "tsDispositivo": "2026-09-26T21:39:32+00:00"}
[2026-09-26 16:40:32] TX Python SDK azure-iot-device (MQTT sobre WebSockets 443) -> {"tempPasillo": 20.34, "humedadPasillo": 50.19, "deltaPresionPa": 19.9, "tsDispositivo": "2026-09-26T21:40:32+00:00"}
[2026-09-26 16:41:32] TX Python SDK azure-iot-device (MQTT sobre WebSockets 443) -> {"tempPasillo": 20.34, "humedadPasillo": 51.29, "deltaPresionPa": 20.2, "tsDispositivo": "2026-09-26T21:41:32+00:00"}
[2026-09-26 16:42:32] TX Python SDK azure-iot-device (MQTT sobre WebSockets 443) -> {"tempPasillo": 20.24, "humedadPasillo": 51.2, "deltaPresionPa": 21.7, "tsDispositivo": "2026-09-26T21:42:32+00:00"}
[2026-09-26 16:43:32] TX Python SDK azure-iot-device (MQTT sobre WebSockets 443) -> {"tempPasillo": 20.28, "humedadPasillo": 49.9, "deltaPresionPa": 19.2, "tsDispositivo": "2026-09-26T21:43:32+00:00"}
[2026-09-26 16:44:32] TX Python SDK azure-iot-device (MQTT sobre WebSockets 443) -> {"tempPasillo": 20.49, "humedadPasillo": 50.74, "deltaPresionPa": 18.3, "tsDispositivo": "2026-09-26T21:44:32+00:00"}
[2026-09-26 16:45:32] TX Python SDK azure-iot-device (MQTT sobre WebSockets 443) -> {"tempPasillo": 20.22, "humedadPasillo": 49.67, "deltaPresionPa": 20.0, "tsDispositivo": "2026-09-26T21:45:32+00:00"}
[2026-09-26 16:46:32] TX Python SDK azure-iot-device (MQTT sobre WebSockets 443) -> {"tempPasillo": 20.29, "humedadPasillo": 50.71, "deltaPresionPa": 20.5, "tsDispositivo": "2026-09-26T21:46:32+00:00"}
[2026-09-26 16:47:33] TX Python SDK azure-iot-device (MQTT sobre WebSockets 443) -> {"tempPasillo": 19.98, "humedadPasillo": 51.06, "deltaPresionPa": 17.3, "tsDispositivo": "2026-09-26T21:47:32+00:00"}
[2026-09-26 16:48:33] TX Python SDK azure-iot-device (MQTT sobre WebSockets 443) -> {"tempPasillo": 20.17, "humedadPasillo": 50.9, "deltaPresionPa": 19.5, "tsDispositivo": "2026-09-26T21:48:33+00:00"}
[2026-09-26 16:49:33] TX Python SDK azure-iot-device (MQTT sobre WebSockets 443) -> {"tempPasillo": 20.33, "humedadPasillo": 49.67, "deltaPresionPa": 19.5, "tsDispositivo": "2026-09-26T21:49:33+00:00"}
[2026-09-26 16:50:33] TX Python SDK azure-iot-device (MQTT sobre WebSockets 443) -> {"tempPasillo": 20.28, "humedadPasillo": 51.14, "deltaPresionPa": 19.2, "tsDispositivo": "2026-09-26T21:50:33+00:00"}
[2026-09-26 16:51:33] TX Python SDK azure-iot-device (MQTT sobre WebSockets 443) -> {"tempPasillo": 20.0, "humedadPasillo": 50.15, "deltaPresionPa": 18.9, "tsDispositivo": "2026-09-26T21:51:33+00:00"}
[2026-09-26 16:52:33] TX Python SDK azure-iot-device (MQTT sobre WebSockets 443) -> {"tempPasillo": 20.48, "humedadPasillo": 49.69, "deltaPresionPa": 22.0, "tsDispositivo": "2026-09-26T21:52:33+00:00"}
[2026-09-26 16:53:33] TX Python SDK azure-iot-device (MQTT sobre WebSockets 443) -> {"tempPasillo": 20.02, "humedadPasillo": 50.09, "deltaPresionPa": 18.7, "tsDispositivo": "2026-09-26T21:53:33+00:00"}
[2026-09-26 16:54:33] TX Python SDK azure-iot-device (MQTT sobre WebSockets 443) -> {"tempPasillo": 20.14, "humedadPasillo": 50.09, "deltaPresionPa": 18.6, "tsDispositivo": "2026-09-26T21:54:33+00:00"}
[2026-09-26 16:55:33] TX Python SDK azure-iot-device (MQTT sobre WebSockets 443) -> {"tempPasillo": 20.23, "humedadPasillo": 49.39, "deltaPresionPa": 22.0, "tsDispositivo": "2026-09-26T21:55:33+00:00"}
[2026-09-26 16:56:34] TX Python SDK azure-iot-device (MQTT sobre WebSockets 443) -> {"tempPasillo": 20.27, "humedadPasillo": 49.63, "deltaPresionPa": 18.3, "tsDispositivo": "2026-09-26T21:56:33+00:00"}
[2026-09-26 16:57:34] TX Python SDK azure-iot-device (MQTT sobre WebSockets 443) -> {"tempPasillo": 20.44, "humedadPasillo": 50.89, "deltaPresionPa": 19.6, "tsDispositivo": "2026-09-26T21:57:34+00:00"}
[2026-09-26 16:58:34] TX Python SDK azure-iot-device (MQTT sobre WebSockets 443) -> {"tempPasillo": 20.43, "humedadPasillo": 49.7, "deltaPresionPa": 17.8, "tsDispositivo": "2026-09-26T21:58:34+00:00"}
[2026-09-26 16:59:34] TX Python SDK azure-iot-device (MQTT sobre WebSockets 443) -> {"tempPasillo": 20.2, "humedadPasillo": 49.8, "deltaPresionPa": 19.8, "tsDispositivo": "2026-09-26T21:59:34+00:00"}
[2026-09-26 17:00:34] TX Python SDK azure-iot-device (MQTT sobre WebSockets 443) -> {"tempPasillo": 20.51, "humedadPasillo": 50.76, "deltaPresionPa": 19.7, "tsDispositivo": "2026-09-26T22:00:34+00:00"}
[2026-09-26 17:01:34] TX Python SDK azure-iot-device (MQTT sobre WebSockets 443) -> {"tempPasillo": 20.33, "humedadPasillo": 50.64, "deltaPresionPa": 20.8, "tsDispositivo": "2026-09-26T22:01:34+00:00"}
[2026-09-26 17:02:34] TX Python SDK azure-iot-device (MQTT sobre WebSockets 443) -> {"tempPasillo": 20.13, "humedadPasillo": 49.86, "deltaPresionPa": 19.3, "tsDispositivo": "2026-09-26T22:02:34+00:00"}
[2026-09-26 17:03:34] TX Python SDK azure-iot-device (MQTT sobre WebSockets 443) -> {"tempPasillo": 20.19, "humedadPasillo": 50.86, "deltaPresionPa": 18.7, "tsDispositivo": "2026-09-26T22:03:34+00:00"}
[2026-09-26 17:04:34] TX Python SDK azure-iot-device (MQTT sobre WebSockets 443) -> {"tempPasillo": 20.07, "humedadPasillo": 49.65, "deltaPresionPa": 19.5, "tsDispositivo": "2026-09-26T22:04:34+00:00"}
[2026-09-26 17:05:34] TX Python SDK azure-iot-device (MQTT sobre WebSockets 443) -> {"tempPasillo": 20.1, "humedadPasillo": 50.01, "deltaPresionPa": 18.5, "tsDispositivo": "2026-09-26T22:05:34+00:00"}
[2026-09-26 17:06:35] TX Python SDK azure-iot-device (MQTT sobre WebSockets 443) -> {"tempPasillo": 20.11, "humedadPasillo": 50.33, "deltaPresionPa": 21.7, "tsDispositivo": "2026-09-26T22:06:34+00:00"}
[2026-09-26 17:07:35] TX Python SDK azure-iot-device (MQTT sobre WebSockets 443) -> {"tempPasillo": 20.4, "humedadPasillo": 49.37, "deltaPresionPa": 20.9, "tsDispositivo": "2026-09-26T22:07:35+00:00"}
[2026-09-26 17:08:35] TX Python SDK azure-iot-device (MQTT sobre WebSockets 443) -> {"tempPasillo": 20.54, "humedadPasillo": 49.08, "deltaPresionPa": 20.3, "tsDispositivo": "2026-09-26T22:08:35+00:00"}
[2026-09-26 17:09:35] TX Python SDK azure-iot-device (MQTT sobre WebSockets 443) -> {"tempPasillo": 20.34, "humedadPasillo": 49.2, "deltaPresionPa": 18.7, "tsDispositivo": "2026-09-26T22:09:35+00:00"}
[2026-09-26 17:10:35] TX Python SDK azure-iot-device (MQTT sobre WebSockets 443) -> {"tempPasillo": 20.2, "humedadPasillo": 50.56, "deltaPresionPa": 18.7, "tsDispositivo": "2026-09-26T22:10:35+00:00"}
[2026-09-26 17:11:35] TX Python SDK azure-iot-device (MQTT sobre WebSockets 443) -> {"tempPasillo": 20.43, "humedadPasillo": 50.59, "deltaPresionPa": 19.0, "tsDispositivo": "2026-09-26T22:11:35+00:00"}
[2026-09-26 17:12:35] TX Python SDK azure-iot-device (MQTT sobre WebSockets 443) -> {"tempPasillo": 20.4, "humedadPasillo": 50.06, "deltaPresionPa": 17.9, "tsDispositivo": "2026-09-26T22:12:35+00:00"}
[2026-09-26 17:13:35] TX Python SDK azure-iot-device (MQTT sobre WebSockets 443) -> {"tempPasillo": 20.26, "humedadPasillo": 50.15, "deltaPresionPa": 19.6, "tsDispositivo": "2026-09-26T22:13:35+00:00"}
[2026-09-26 17:14:35] TX Python SDK azure-iot-device (MQTT sobre WebSockets 443) -> {"tempPasillo": 20.29, "humedadPasillo": 49.66, "deltaPresionPa": 21.1, "tsDispositivo": "2026-09-26T22:14:35+00:00"}
[2026-09-26 17:15:36] TX Python SDK azure-iot-device (MQTT sobre WebSockets 443) -> {"tempPasillo": 20.16, "humedadPasillo": 48.77, "deltaPresionPa": 21.8, "tsDispositivo": "2026-09-26T22:15:35+00:00"}
[2026-09-26 17:16:36] TX Python SDK azure-iot-device (MQTT sobre WebSockets 443) -> {"tempPasillo": 19.93, "humedadPasillo": 48.75, "deltaPresionPa": 17.9, "tsDispositivo": "2026-09-26T22:16:36+00:00"}
[2026-09-26 17:17:36] TX Python SDK azure-iot-device (MQTT sobre WebSockets 443) -> {"tempPasillo": 20.06, "humedadPasillo": 48.84, "deltaPresionPa": 19.9, "tsDispositivo": "2026-09-26T22:17:36+00:00"}
[2026-09-26 17:18:36] TX Python SDK azure-iot-device (MQTT sobre WebSockets 443) -> {"tempPasillo": 20.2, "humedadPasillo": 49.5, "deltaPresionPa": 20.3, "tsDispositivo": "2026-09-26T22:18:36+00:00"}
[2026-09-26 17:19:36] TX Python SDK azure-iot-device (MQTT sobre WebSockets 443) -> {"tempPasillo": 20.36, "humedadPasillo": 49.26, "deltaPresionPa": 20.0, "tsDispositivo": "2026-09-26T22:19:36+00:00"}
[2026-09-26 17:20:36] TX Python SDK azure-iot-device (MQTT sobre WebSockets 443) -> {"tempPasillo": 20.09, "humedadPasillo": 49.0, "deltaPresionPa": 19.0, "tsDispositivo": "2026-09-26T22:20:36+00:00"}
[2026-09-26 17:21:36] TX Python SDK azure-iot-device (MQTT sobre WebSockets 443) -> {"tempPasillo": 19.93, "humedadPasillo": 48.76, "deltaPresionPa": 20.5, "tsDispositivo": "2026-09-26T22:21:36+00:00"}
[2026-09-26 17:22:36] TX Python SDK azure-iot-device (MQTT sobre WebSockets 443) -> {"tempPasillo": 20.3, "humedadPasillo": 48.98, "deltaPresionPa": 18.3, "tsDispositivo": "2026-09-26T22:22:36+00:00"}
[2026-09-26 17:23:36] TX Python SDK azure-iot-device (MQTT sobre WebSockets 443) -> {"tempPasillo": 19.98, "humedadPasillo": 49.82, "deltaPresionPa": 21.9, "tsDispositivo": "2026-09-26T22:23:36+00:00"}
[2026-09-26 17:24:36] TX Python SDK azure-iot-device (MQTT sobre WebSockets 443) -> {"tempPasillo": 20.03, "humedadPasillo": 48.68, "deltaPresionPa": 19.0, "tsDispositivo": "2026-09-26T22:24:36+00:00"}
[2026-09-26 17:25:37] TX Python SDK azure-iot-device (MQTT sobre WebSockets 443) -> {"tempPasillo": 20.43, "humedadPasillo": 49.57, "deltaPresionPa": 17.6, "tsDispositivo": "2026-09-26T22:25:36+00:00"}
[2026-09-26 17:26:37] TX Python SDK azure-iot-device (MQTT sobre WebSockets 443) -> {"tempPasillo": 20.34, "humedadPasillo": 49.11, "deltaPresionPa": 17.9, "tsDispositivo": "2026-09-26T22:26:37+00:00"}
[2026-09-26 17:27:37] TX Python SDK azure-iot-device (MQTT sobre WebSockets 443) -> {"tempPasillo": 20.34, "humedadPasillo": 49.98, "deltaPresionPa": 21.9, "tsDispositivo": "2026-09-26T22:27:37+00:00"}
[2026-09-26 17:28:37] TX Python SDK azure-iot-device (MQTT sobre WebSockets 443) -> {"tempPasillo": 20.33, "humedadPasillo": 50.44, "deltaPresionPa": 22.1, "tsDispositivo": "2026-09-26T22:28:37+00:00"}
[2026-09-26 17:29:37] TX Python SDK azure-iot-device (MQTT sobre WebSockets 443) -> {"tempPasillo": 20.39, "humedadPasillo": 49.77, "deltaPresionPa": 19.8, "tsDispositivo": "2026-09-26T22:29:37+00:00"}
[2026-09-26 17:30:37] TX Python SDK azure-iot-device (MQTT sobre WebSockets 443) -> {"tempPasillo": 20.02, "humedadPasillo": 49.14, "deltaPresionPa": 19.2, "tsDispositivo": "2026-09-26T22:30:37+00:00"}
[2026-09-26 17:31:37] TX Python SDK azure-iot-device (MQTT sobre WebSockets 443) -> {"tempPasillo": 20.26, "humedadPasillo": 49.17, "deltaPresionPa": 18.8, "tsDispositivo": "2026-09-26T22:31:37+00:00"}
[2026-09-26 17:32:37] TX Python SDK azure-iot-device (MQTT sobre WebSockets 443) -> {"tempPasillo": 20.35, "humedadPasillo": 50.05, "deltaPresionPa": 20.3, "tsDispositivo": "2026-09-26T22:32:37+00:00"}
[2026-09-26 17:33:37] TX Python SDK azure-iot-device (MQTT sobre WebSockets 443) -> {"tempPasillo": 20.52, "humedadPasillo": 48.57, "deltaPresionPa": 20.7, "tsDispositivo": "2026-09-26T22:33:37+00:00"}
[2026-09-26 17:34:38] TX Python SDK azure-iot-device (MQTT sobre WebSockets 443) -> {"tempPasillo": 20.03, "humedadPasillo": 49.12, "deltaPresionPa": 20.1, "tsDispositivo": "2026-09-26T22:34:37+00:00"}
[2026-09-26 17:35:38] TX Python SDK azure-iot-device (MQTT sobre WebSockets 443) -> {"tempPasillo": 20.38, "humedadPasillo": 49.77, "deltaPresionPa": 19.4, "tsDispositivo": "2026-09-26T22:35:38+00:00"}
[2026-09-26 17:36:38] TX Python SDK azure-iot-device (MQTT sobre WebSockets 443) -> {"tempPasillo": 20.24, "humedadPasillo": 49.48, "deltaPresionPa": 17.2, "tsDispositivo": "2026-09-26T22:36:38+00:00"}
[2026-09-26 17:37:38] TX Python SDK azure-iot-device (MQTT sobre WebSockets 443) -> {"tempPasillo": 20.1, "humedadPasillo": 49.38, "deltaPresionPa": 21.5, "tsDispositivo": "2026-09-26T22:37:38+00:00"}
[2026-09-26 17:38:38] TX Python SDK azure-iot-device (MQTT sobre WebSockets 443) -> {"tempPasillo": 19.92, "humedadPasillo": 48.73, "deltaPresionPa": 20.5, "tsDispositivo": "2026-09-26T22:38:38+00:00"}
[2026-09-26 17:39:38] TX Python SDK azure-iot-device (MQTT sobre WebSockets 443) -> {"tempPasillo": 20.11, "humedadPasillo": 49.77, "deltaPresionPa": 21.3, "tsDispositivo": "2026-09-26T22:39:38+00:00"}
[2026-09-26 17:40:38] TX Python SDK azure-iot-device (MQTT sobre WebSockets 443) -> {"tempPasillo": 20.13, "humedadPasillo": 48.53, "deltaPresionPa": 18.3, "tsDispositivo": "2026-09-26T22:40:38+00:00"}
[2026-09-26 17:41:38] TX Python SDK azure-iot-device (MQTT sobre WebSockets 443) -> {"tempPasillo": 20.17, "humedadPasillo": 50.18, "deltaPresionPa": 17.7, "tsDispositivo": "2026-09-26T22:41:38+00:00"}
[2026-09-26 17:42:38] TX Python SDK azure-iot-device (MQTT sobre WebSockets 443) -> {"tempPasillo": 20.49, "humedadPasillo": 49.24, "deltaPresionPa": 21.8, "tsDispositivo": "2026-09-26T22:42:38+00:00"}
[2026-09-26 17:43:39] TX Python SDK azure-iot-device (MQTT sobre WebSockets 443) -> {"tempPasillo": 20.48, "humedadPasillo": 48.56, "deltaPresionPa": 21.3, "tsDispositivo": "2026-09-26T22:43:38+00:00"}
[2026-09-26 17:44:39] TX Python SDK azure-iot-device (MQTT sobre WebSockets 443) -> {"tempPasillo": 20.1, "humedadPasillo": 49.49, "deltaPresionPa": 18.1, "tsDispositivo": "2026-09-26T22:44:39+00:00"}
[2026-09-26 17:45:39] TX Python SDK azure-iot-device (MQTT sobre WebSockets 443) -> {"tempPasillo": 20.04, "humedadPasillo": 49.12, "deltaPresionPa": 19.3, "tsDispositivo": "2026-09-26T22:45:39+00:00"}
[2026-09-26 17:46:39] TX Python SDK azure-iot-device (MQTT sobre WebSockets 443) -> {"tempPasillo": 20.05, "humedadPasillo": 49.1, "deltaPresionPa": 18.7, "tsDispositivo": "2026-09-26T22:46:39+00:00"}
[2026-09-26 17:47:39] TX Python SDK azure-iot-device (MQTT sobre WebSockets 443) -> {"tempPasillo": 20.19, "humedadPasillo": 49.75, "deltaPresionPa": 21.4, "tsDispositivo": "2026-09-26T22:47:39+00:00"}
[2026-09-26 17:48:39] TX Python SDK azure-iot-device (MQTT sobre WebSockets 443) -> {"tempPasillo": 20.06, "humedadPasillo": 48.93, "deltaPresionPa": 18.6, "tsDispositivo": "2026-09-26T22:48:39+00:00"}
[2026-09-26 17:49:39] TX Python SDK azure-iot-device (MQTT sobre WebSockets 443) -> {"tempPasillo": 20.0, "humedadPasillo": 48.35, "deltaPresionPa": 18.1, "tsDispositivo": "2026-09-26T22:49:39+00:00"}
[2026-09-26 17:50:39] TX Python SDK azure-iot-device (MQTT sobre WebSockets 443) -> {"tempPasillo": 20.25, "humedadPasillo": 48.39, "deltaPresionPa": 20.4, "tsDispositivo": "2026-09-26T22:50:39+00:00"}
[2026-09-26 17:51:39] TX Python SDK azure-iot-device (MQTT sobre WebSockets 443) -> {"tempPasillo": 20.44, "humedadPasillo": 49.27, "deltaPresionPa": 18.7, "tsDispositivo": "2026-09-26T22:51:39+00:00"}
[2026-09-26 17:52:39] TX Python SDK azure-iot-device (MQTT sobre WebSockets 443) -> {"tempPasillo": 19.98, "humedadPasillo": 48.84, "deltaPresionPa": 21.7, "tsDispositivo": "2026-09-26T22:52:39+00:00"}
[2026-09-26 17:53:40] TX Python SDK azure-iot-device (MQTT sobre WebSockets 443) -> {"tempPasillo": 20.08, "humedadPasillo": 49.9, "deltaPresionPa": 21.3, "tsDispositivo": "2026-09-26T22:53:39+00:00"}
[2026-09-26 17:54:40] TX Python SDK azure-iot-device (MQTT sobre WebSockets 443) -> {"tempPasillo": 20.33, "humedadPasillo": 48.37, "deltaPresionPa": 18.6, "tsDispositivo": "2026-09-26T22:54:40+00:00"}
[2026-09-26 17:55:40] TX Python SDK azure-iot-device (MQTT sobre WebSockets 443) -> {"tempPasillo": 20.24, "humedadPasillo": 49.03, "deltaPresionPa": 17.5, "tsDispositivo": "2026-09-26T22:55:40+00:00"}
[2026-09-26 17:56:40] TX Python SDK azure-iot-device (MQTT sobre WebSockets 443) -> {"tempPasillo": 20.07, "humedadPasillo": 49.46, "deltaPresionPa": 17.6, "tsDispositivo": "2026-09-26T22:56:40+00:00"}
[2026-09-26 17:57:40] TX Python SDK azure-iot-device (MQTT sobre WebSockets 443) -> {"tempPasillo": 20.07, "humedadPasillo": 49.26, "deltaPresionPa": 18.9, "tsDispositivo": "2026-09-26T22:57:40+00:00"}
[2026-09-26 17:58:40] TX Python SDK azure-iot-device (MQTT sobre WebSockets 443) -> {"tempPasillo": 19.9, "humedadPasillo": 48.61, "deltaPresionPa": 17.3, "tsDispositivo": "2026-09-26T22:58:40+00:00"}
[2026-09-26 17:59:40] TX Python SDK azure-iot-device (MQTT sobre WebSockets 443) -> {"tempPasillo": 20.51, "humedadPasillo": 49.85, "deltaPresionPa": 18.9, "tsDispositivo": "2026-09-26T22:59:40+00:00"}
[2026-09-26 18:00:40] TX Python SDK azure-iot-device (MQTT sobre WebSockets 443) -> {"tempPasillo": 19.92, "humedadPasillo": 48.34, "deltaPresionPa": 16.9, "tsDispositivo": "2026-09-26T23:00:40+00:00"}
[2026-09-26 18:01:40] TX Python SDK azure-iot-device (MQTT sobre WebSockets 443) -> {"tempPasillo": 20.5, "humedadPasillo": 49.73, "deltaPresionPa": 20.0, "tsDispositivo": "2026-09-26T23:01:40+00:00"}
[2026-09-26 18:02:41] TX Python SDK azure-iot-device (MQTT sobre WebSockets 443) -> {"tempPasillo": 20.17, "humedadPasillo": 49.83, "deltaPresionPa": 20.2, "tsDispositivo": "2026-09-26T23:02:40+00:00"}
[2026-09-26 18:03:41] TX Python SDK azure-iot-device (MQTT sobre WebSockets 443) -> {"tempPasillo": 20.19, "humedadPasillo": 48.67, "deltaPresionPa": 17.2, "tsDispositivo": "2026-09-26T23:03:41+00:00"}
[2026-09-26 18:04:41] TX Python SDK azure-iot-device (MQTT sobre WebSockets 443) -> {"tempPasillo": 20.06, "humedadPasillo": 48.48, "deltaPresionPa": 21.9, "tsDispositivo": "2026-09-26T23:04:41+00:00"}
[2026-09-26 18:05:41] TX Python SDK azure-iot-device (MQTT sobre WebSockets 443) -> {"tempPasillo": 20.52, "humedadPasillo": 48.17, "deltaPresionPa": 18.6, "tsDispositivo": "2026-09-26T23:05:41+00:00"}
[2026-09-26 18:06:41] TX Python SDK azure-iot-device (MQTT sobre WebSockets 443) -> {"tempPasillo": 19.96, "humedadPasillo": 48.68, "deltaPresionPa": 20.9, "tsDispositivo": "2026-09-26T23:06:41+00:00"}
[2026-09-26 18:07:41] TX Python SDK azure-iot-device (MQTT sobre WebSockets 443) -> {"tempPasillo": 20.18, "humedadPasillo": 49.73, "deltaPresionPa": 21.5, "tsDispositivo": "2026-09-26T23:07:41+00:00"}
