[2026-09-26 15:37:20] supervisor iniciado (Ubuntu, 8 nodos) - python /home/mvale/venv_parcial/bin/python3
[2026-09-26 15:37:20]   arrancado sdk_mqtt (pid 2162)
[2026-09-26 15:37:22]   arrancado sdk_ws (pid 2171)
[2026-09-26 15:37:24]   arrancado paho (pid 2189)
[2026-09-26 15:37:26]   arrancado api_openmeteo (pid 2201)
[2026-09-26 15:37:28]   arrancado api_aire (pid 2210)
[2026-09-26 15:37:30]   arrancado csv_replay (pid 2216)
[2026-09-26 15:37:32]   arrancado http_bridge (pid 2225)
[2026-09-26 15:37:34]   arrancado acceso_campo (pid 2239)
[2026-09-26 15:37:36] nodos vivos: 8/8
[2026-09-26 15:37:51] nodos vivos: 8/8
[2026-09-26 15:38:06] nodos vivos: 8/8
[2026-09-26 15:38:21] nodos vivos: 8/8
[2026-09-26 15:38:36] nodos vivos: 8/8
[2026-09-26 15:38:51] nodos vivos: 8/8
[2026-09-26 15:39:06] nodos vivos: 8/8
[2026-09-26 15:39:21] nodos vivos: 8/8
[2026-09-26 15:39:36] nodos vivos: 8/8
[2026-09-26 15:39:51] nodos vivos: 8/8
[2026-09-26 15:40:06] nodos vivos: 8/8
[2026-09-26 15:40:21] nodos vivos: 8/8
[2026-09-26 15:40:36] nodos vivos: 8/8
[2026-09-26 15:40:51] nodos vivos: 8/8
[2026-09-26 15:41:06] nodos vivos: 8/8
[2026-09-26 15:41:21] nodos vivos: 8/8
[2026-09-26 15:41:36] nodos vivos: 8/8
[2026-09-26 15:41:51] nodos vivos: 8/8
[2026-09-26 15:42:06] nodos vivos: 8/8
[2026-09-26 15:42:21] nodos vivos: 8/8
[2026-09-26 15:42:36] nodos vivos: 8/8
[2026-09-26 15:42:51] nodos vivos: 8/8
[2026-09-26 15:43:06] nodos vivos: 8/8
[2026-09-26 15:43:21] nodos vivos: 8/8
[2026-09-26 15:43:36] nodos vivos: 8/8
[2026-09-26 15:43:51] nodos vivos: 8/8
[2026-09-26 15:44:06] nodos vivos: 8/8
[2026-09-26 15:44:21] nodos vivos: 8/8
[2026-09-26 15:44:36] nodos vivos: 8/8
[2026-09-26 15:44:51] nodos vivos: 8/8
[2026-09-26 15:45:06] nodos vivos: 8/8
[2026-09-26 15:45:21] nodos vivos: 8/8
[2026-09-26 15:45:36] nodos vivos: 8/8
[2026-09-26 15:45:51] nodos vivos: 8/8
[2026-09-26 15:46:06] nodos vivos: 8/8
[2026-09-26 15:46:21] nodos vivos: 8/8
[2026-09-26 15:46:36] nodos vivos: 8/8
[2026-09-26 15:46:51] nodos vivos: 8/8
[2026-09-26 15:47:06] nodos vivos: 8/8
[2026-09-26 15:47:21] nodos vivos: 8/8
[2026-09-26 15:47:36] nodos vivos: 8/8
[2026-09-26 15:47:51] nodos vivos: 8/8
[2026-09-26 15:48:06] nodos vivos: 8/8
[2026-09-26 15:48:21] nodos vivos: 8/8
[2026-09-26 15:48:36] nodos vivos: 8/8
[2026-09-26 15:48:51] nodos vivos: 8/8
[2026-09-26 15:49:06] nodos vivos: 8/8
[2026-09-26 15:49:21] nodos vivos: 8/8
[2026-09-26 15:49:36] nodos vivos: 8/8
[2026-09-26 15:49:51] nodos vivos: 8/8
[2026-09-26 15:50:06] nodos vivos: 8/8
[2026-09-26 15:50:21] nodos vivos: 8/8
[2026-09-26 15:50:36] nodos vivos: 8/8
[2026-09-26 15:50:51] nodos vivos: 8/8
[2026-09-26 15:51:06] nodos vivos: 8/8
[2026-09-26 15:51:21] nodos vivos: 8/8
[2026-09-26 15:51:36] nodos vivos: 8/8
[2026-09-26 15:51:51] nodos vivos: 8/8
[2026-09-26 15:52:06] nodos vivos: 8/8
[2026-09-26 15:52:21] nodos vivos: 8/8
[2026-09-26 15:52:36] nodos vivos: 8/8
[2026-09-26 15:52:51] nodos vivos: 8/8
[2026-09-26 15:53:06] nodos vivos: 8/8
[2026-09-26 15:53:21] nodos vivos: 8/8
[2026-09-26 15:53:36] nodos vivos: 8/8
[2026-09-26 15:53:51] nodos vivos: 8/8
[2026-09-26 15:54:06] nodos vivos: 8/8
[2026-09-26 15:54:21] nodos vivos: 8/8
[2026-09-26 15:54:36] nodos vivos: 8/8
[2026-09-26 15:54:51] nodos vivos: 8/8
[2026-09-26 15:55:06] nodos vivos: 8/8
[2026-09-26 15:55:21] nodos vivos: 8/8
[2026-09-26 15:55:36] nodos vivos: 8/8
[2026-09-26 15:55:51] nodos vivos: 8/8
[2026-09-26 15:56:06] nodos vivos: 8/8
[2026-09-26 15:56:21] nodos vivos: 8/8
[2026-09-26 15:56:36] nodos vivos: 8/8
[2026-09-26 15:56:51] nodos vivos: 8/8
[2026-09-26 15:57:06] nodos vivos: 8/8
[2026-09-26 15:57:21] nodos vivos: 8/8
[2026-09-26 15:57:36] nodos vivos: 8/8
[2026-09-26 15:57:51] nodos vivos: 8/8
[2026-09-26 15:58:06] nodos vivos: 8/8
[2026-09-26 15:58:21] nodos vivos: 8/8
[2026-09-26 15:58:36] nodos vivos: 8/8
[2026-09-26 15:58:51] nodos vivos: 8/8
[2026-09-26 15:59:06] nodos vivos: 8/8
[2026-09-26 15:59:21] nodos vivos: 8/8
[2026-09-26 15:59:36] nodos vivos: 8/8
[2026-09-26 15:59:51] nodos vivos: 8/8
[2026-09-26 16:00:06] nodos vivos: 8/8
[2026-09-26 16:00:21] nodos vivos: 8/8
[2026-09-26 16:00:36] nodos vivos: 8/8
[2026-09-26 16:00:51] nodos vivos: 8/8
[2026-09-26 16:01:06] nodos vivos: 8/8
[2026-09-26 16:01:21] nodos vivos: 8/8
[2026-09-26 16:01:36] nodos vivos: 8/8
[2026-09-26 16:01:51] nodos vivos: 8/8
[2026-09-26 16:02:06] nodos vivos: 8/8
[2026-09-26 16:02:21] nodos vivos: 8/8
[2026-09-26 16:02:36] nodos vivos: 8/8
[2026-09-26 16:02:51] nodos vivos: 8/8
[2026-09-26 16:03:06] nodos vivos: 8/8
[2026-09-26 16:03:21] nodos vivos: 8/8
[2026-09-26 16:03:36] nodos vivos: 8/8
[2026-09-26 16:03:51] nodos vivos: 8/8
[2026-09-26 16:04:06] nodos vivos: 8/8
[2026-09-26 16:04:21] nodos vivos: 8/8
[2026-09-26 16:04:36] nodos vivos: 8/8
[2026-09-26 16:04:51] nodos vivos: 8/8
[2026-09-26 16:05:06] nodos vivos: 8/8
[2026-09-26 16:05:21] nodos vivos: 8/8
[2026-09-26 16:05:36] nodos vivos: 8/8
[2026-09-26 16:05:51] nodos vivos: 8/8
[2026-09-26 16:06:06] nodos vivos: 8/8
[2026-09-26 16:06:21] nodos vivos: 8/8
[2026-09-26 16:06:36] nodos vivos: 8/8
[2026-09-26 16:06:51] nodos vivos: 8/8
[2026-09-26 16:07:06] nodos vivos: 8/8
[2026-09-26 16:07:21] nodos vivos: 8/8
[2026-09-26 16:07:36] nodos vivos: 8/8
[2026-09-26 16:07:51] nodos vivos: 8/8
[2026-09-26 16:08:06] nodos vivos: 8/8
[2026-09-26 16:08:21] nodos vivos: 8/8
[2026-09-26 16:08:36] nodos vivos: 8/8
[2026-09-26 16:08:51] nodos vivos: 8/8
[2026-09-26 16:09:06] nodos vivos: 8/8
[2026-09-26 16:09:21] nodos vivos: 8/8
[2026-09-26 16:09:36] nodos vivos: 8/8
[2026-09-26 16:09:51] nodos vivos: 8/8
[2026-09-26 16:10:06] nodos vivos: 8/8
[2026-09-26 16:10:21] nodos vivos: 8/8
[2026-09-26 16:10:36] nodos vivos: 8/8
[2026-09-26 16:10:51] nodos vivos: 8/8
[2026-09-26 16:11:06] nodos vivos: 8/8
[2026-09-26 16:11:21] nodos vivos: 8/8
[2026-09-26 16:11:36] nodos vivos: 8/8
[2026-09-26 16:11:51] nodos vivos: 8/8
[2026-09-26 16:12:06] nodos vivos: 8/8
[2026-09-26 16:12:21] nodos vivos: 8/8
[2026-09-26 16:12:36] nodos vivos: 8/8
[2026-09-26 16:12:51] nodos vivos: 8/8
[2026-09-26 16:13:06] nodos vivos: 8/8
[2026-09-26 16:13:21] nodos vivos: 8/8
[2026-09-26 16:13:36] nodos vivos: 8/8
[2026-09-26 16:13:51] nodos vivos: 8/8
[2026-09-26 16:14:06] nodos vivos: 8/8
[2026-09-26 16:14:21] nodos vivos: 8/8
[2026-09-26 16:14:36] nodos vivos: 8/8
[2026-09-26 16:14:51] nodos vivos: 8/8
[2026-09-26 16:15:06] nodos vivos: 8/8
[2026-09-26 16:15:21] nodos vivos: 8/8
[2026-09-26 16:15:36] nodos vivos: 8/8
[2026-09-26 16:15:51] nodos vivos: 8/8
[2026-09-26 16:16:06] nodos vivos: 8/8
[2026-09-26 16:16:21] nodos vivos: 8/8
[2026-09-26 16:16:36] nodos vivos: 8/8
[2026-09-26 16:16:51] nodos vivos: 8/8
[2026-09-26 16:17:06] nodos vivos: 8/8
[2026-09-26 16:17:21] nodos vivos: 8/8
[2026-09-26 16:17:36] nodos vivos: 8/8
[2026-09-26 16:17:51] nodos vivos: 8/8
[2026-09-26 16:18:06] nodos vivos: 8/8
[2026-09-26 16:18:21] nodos vivos: 8/8
[2026-09-26 16:18:36] nodos vivos: 8/8
[2026-09-26 16:18:51] nodos vivos: 8/8
[2026-09-26 16:19:06] nodos vivos: 8/8
[2026-09-26 16:19:21] nodos vivos: 8/8
[2026-09-26 16:19:36] nodos vivos: 8/8
[2026-09-26 16:19:51] nodos vivos: 8/8
[2026-09-26 16:20:06] nodos vivos: 8/8
[2026-09-26 16:20:21] nodos vivos: 8/8
[2026-09-26 16:20:36] nodos vivos: 8/8
[2026-09-26 16:20:51] nodos vivos: 8/8
[2026-09-26 16:21:06] nodos vivos: 8/8
[2026-09-26 16:21:21] nodos vivos: 8/8
[2026-09-26 16:21:36] nodos vivos: 8/8
[2026-09-26 16:21:51] nodos vivos: 8/8
[2026-09-26 16:22:06] nodos vivos: 8/8
[2026-09-26 16:22:21] nodos vivos: 8/8
[2026-09-26 16:22:36] nodos vivos: 8/8
[2026-09-26 16:22:51] nodos vivos: 8/8
[2026-09-26 16:23:06] nodos vivos: 8/8
[2026-09-26 16:23:21] nodos vivos: 8/8
[2026-09-26 16:23:36] nodos vivos: 8/8
[2026-09-26 16:23:51] nodos vivos: 8/8
[2026-09-26 16:24:06] nodos vivos: 8/8
[2026-09-26 16:24:21] nodos vivos: 8/8
[2026-09-26 16:24:36] nodos vivos: 8/8
[2026-09-26 16:24:51] nodos vivos: 8/8
[2026-09-26 16:25:06] nodos vivos: 8/8
[2026-09-26 16:25:21] nodos vivos: 8/8
[2026-09-26 16:25:36] nodos vivos: 8/8
[2026-09-26 16:25:51] nodos vivos: 8/8
[2026-09-26 16:26:06] nodos vivos: 8/8
[2026-09-26 16:26:21] nodos vivos: 8/8
[2026-09-26 16:26:36] nodos vivos: 8/8
[2026-09-26 16:26:51] nodos vivos: 8/8
[2026-09-26 16:27:06] nodos vivos: 8/8
[2026-09-26 16:27:21] nodos vivos: 8/8
[2026-09-26 16:27:36] nodos vivos: 8/8
[2026-09-26 16:27:51] nodos vivos: 8/8
[2026-09-26 16:28:06] nodos vivos: 8/8
[2026-09-26 16:28:21] nodos vivos: 8/8
[2026-09-26 16:28:36] nodos vivos: 8/8
[2026-09-26 16:28:51] nodos vivos: 8/8
[2026-09-26 16:29:06] nodos vivos: 8/8
[2026-09-26 16:29:21] nodos vivos: 8/8
[2026-09-26 16:29:36] nodos vivos: 8/8
[2026-09-26 16:29:51] nodos vivos: 8/8
[2026-09-26 16:30:06] nodos vivos: 8/8
[2026-09-26 16:30:21] nodos vivos: 8/8
[2026-09-26 16:30:36] nodos vivos: 8/8
[2026-09-26 16:30:51] nodos vivos: 8/8
[2026-09-26 16:31:06] nodos vivos: 8/8
[2026-09-26 16:31:21] nodos vivos: 8/8
[2026-09-26 16:31:36] nodos vivos: 8/8
[2026-09-26 16:31:51] nodos vivos: 8/8
[2026-09-26 16:32:06] nodos vivos: 8/8
[2026-09-26 16:32:21] nodos vivos: 8/8
[2026-09-26 16:32:36] nodos vivos: 8/8
[2026-09-26 16:32:51] nodos vivos: 8/8
[2026-09-26 16:33:06] nodos vivos: 8/8
[2026-09-26 16:33:21] nodos vivos: 8/8
[2026-09-26 16:33:36] nodos vivos: 8/8
[2026-09-26 16:33:51] nodos vivos: 8/8
[2026-09-26 16:34:06] nodos vivos: 8/8
[2026-09-26 16:34:21] nodos vivos: 8/8
[2026-09-26 16:34:36] nodos vivos: 8/8
[2026-09-26 16:34:51] nodos vivos: 8/8
[2026-09-26 16:35:06] nodos vivos: 8/8
[2026-09-26 16:35:21] nodos vivos: 8/8
[2026-09-26 16:35:36] nodos vivos: 8/8
[2026-09-26 16:35:51] nodos vivos: 8/8
[2026-09-26 16:36:06] nodos vivos: 8/8
[2026-09-26 16:36:21] nodos vivos: 8/8
[2026-09-26 16:36:36] nodos vivos: 8/8
[2026-09-26 16:36:51] nodos vivos: 8/8
[2026-09-26 16:37:06] nodos vivos: 8/8
[2026-09-26 16:37:21] nodos vivos: 8/8
[2026-09-26 16:37:36] nodos vivos: 8/8
[2026-09-26 16:37:51] nodos vivos: 8/8
[2026-09-26 16:38:06] nodos vivos: 8/8
[2026-09-26 16:38:21] nodos vivos: 8/8
[2026-09-26 16:38:36] nodos vivos: 8/8
[2026-09-26 16:38:51] nodos vivos: 8/8
[2026-09-26 16:39:06] nodos vivos: 8/8
[2026-09-26 16:39:21] nodos vivos: 8/8
[2026-09-26 16:39:36] nodos vivos: 8/8
[2026-09-26 16:39:51] nodos vivos: 8/8
[2026-09-26 16:40:06] nodos vivos: 8/8
[2026-09-26 16:40:21] nodos vivos: 8/8
[2026-09-26 16:40:36] nodos vivos: 8/8
[2026-09-26 16:40:51] nodos vivos: 8/8
[2026-09-26 16:41:06] nodos vivos: 8/8
[2026-09-26 16:41:21] nodos vivos: 8/8
[2026-09-26 16:41:36] nodos vivos: 8/8
[2026-09-26 16:41:51] nodos vivos: 8/8
[2026-09-26 16:42:06] nodos vivos: 8/8
[2026-09-26 16:42:21] nodos vivos: 8/8
[2026-09-26 16:42:36] nodos vivos: 8/8
[2026-09-26 16:42:51] nodos vivos: 8/8
[2026-09-26 16:43:06] nodos vivos: 8/8
[2026-09-26 16:43:21] nodos vivos: 8/8
[2026-09-26 16:43:36] nodos vivos: 8/8
[2026-09-26 16:43:51] nodos vivos: 8/8
[2026-09-26 16:44:06] nodos vivos: 8/8
[2026-09-26 16:44:21] nodos vivos: 8/8
[2026-09-26 16:44:36] nodos vivos: 8/8
[2026-09-26 16:44:51] nodos vivos: 8/8
[2026-09-26 16:45:06] nodos vivos: 8/8
[2026-09-26 16:45:21] nodos vivos: 8/8
[2026-09-26 16:45:36] nodos vivos: 8/8
[2026-09-26 16:45:51] nodos vivos: 8/8
[2026-09-26 16:46:06] nodos vivos: 8/8
[2026-09-26 16:46:21] nodos vivos: 8/8
[2026-09-26 16:46:36] nodos vivos: 8/8
[2026-09-26 16:46:51] nodos vivos: 8/8
[2026-09-26 16:47:06] nodos vivos: 8/8
[2026-09-26 16:47:21] nodos vivos: 8/8
[2026-09-26 16:47:36] nodos vivos: 8/8
[2026-09-26 16:47:51] nodos vivos: 8/8
[2026-09-26 16:48:06] nodos vivos: 8/8
[2026-09-26 16:48:21] nodos vivos: 8/8
[2026-09-26 16:48:36] nodos vivos: 8/8
[2026-09-26 16:48:51] nodos vivos: 8/8
[2026-09-26 16:49:06] nodos vivos: 8/8
[2026-09-26 16:49:21] nodos vivos: 8/8
[2026-09-26 16:49:36] nodos vivos: 8/8
[2026-09-26 16:49:51] nodos vivos: 8/8
[2026-09-26 16:50:06] nodos vivos: 8/8
[2026-09-26 16:50:21] nodos vivos: 8/8
[2026-09-26 16:50:36] nodos vivos: 8/8
[2026-09-26 16:50:51] nodos vivos: 8/8
[2026-09-26 16:51:06] nodos vivos: 8/8
[2026-09-26 16:51:21] nodos vivos: 8/8
[2026-09-26 16:51:36] nodos vivos: 8/8
[2026-09-26 16:51:51] nodos vivos: 8/8
[2026-09-26 16:52:06] nodos vivos: 8/8
[2026-09-26 16:52:21] nodos vivos: 8/8
[2026-09-26 16:52:36] nodos vivos: 8/8
[2026-09-26 16:52:51] nodos vivos: 8/8
[2026-09-26 16:53:06] nodos vivos: 8/8
[2026-09-26 16:53:21] nodos vivos: 8/8
[2026-09-26 16:53:36] nodos vivos: 8/8
[2026-09-26 16:53:51] nodos vivos: 8/8
[2026-09-26 16:54:06] nodos vivos: 8/8
[2026-09-26 16:54:21] nodos vivos: 8/8
[2026-09-26 16:54:36] nodos vivos: 8/8
[2026-09-26 16:54:51] nodos vivos: 8/8
[2026-09-26 16:55:06] nodos vivos: 8/8
[2026-09-26 16:55:21] nodos vivos: 8/8
[2026-09-26 16:55:36] nodos vivos: 8/8
[2026-09-26 16:55:51] nodos vivos: 8/8
[2026-09-26 16:56:06] nodos vivos: 8/8
[2026-09-26 16:56:21] nodos vivos: 8/8
[2026-09-26 16:56:36] nodos vivos: 8/8
[2026-09-26 16:56:51] nodos vivos: 8/8
[2026-09-26 16:57:06] nodos vivos: 8/8
[2026-09-26 16:57:21] nodos vivos: 8/8
[2026-09-26 16:57:36] nodos vivos: 8/8
[2026-09-26 16:57:51] nodos vivos: 8/8
[2026-09-26 16:58:06] nodos vivos: 8/8
[2026-09-26 16:58:21] nodos vivos: 8/8
[2026-09-26 16:58:36] nodos vivos: 8/8
[2026-09-26 16:58:51] nodos vivos: 8/8
[2026-09-26 16:59:06] nodos vivos: 8/8
[2026-09-26 16:59:21] nodos vivos: 8/8
[2026-09-26 16:59:36] nodos vivos: 8/8
[2026-09-26 16:59:51] nodos vivos: 8/8
[2026-09-26 17:00:06] nodos vivos: 8/8
[2026-09-26 17:00:21] nodos vivos: 8/8
[2026-09-26 17:00:36] nodos vivos: 8/8
[2026-09-26 17:00:51] nodos vivos: 8/8
[2026-09-26 17:01:06] nodos vivos: 8/8
[2026-09-26 17:01:21] nodos vivos: 8/8
[2026-09-26 17:01:36] nodos vivos: 8/8
[2026-09-26 17:01:51] nodos vivos: 8/8
[2026-09-26 17:02:06] nodos vivos: 8/8
[2026-09-26 17:02:21] nodos vivos: 8/8
[2026-09-26 17:02:36] nodos vivos: 8/8
[2026-09-26 17:02:51] nodos vivos: 8/8
[2026-09-26 17:03:06] nodos vivos: 8/8
[2026-09-26 17:03:21] nodos vivos: 8/8
[2026-09-26 17:03:36] nodos vivos: 8/8
[2026-09-26 17:03:51] nodos vivos: 8/8
[2026-09-26 17:04:06] nodos vivos: 8/8
[2026-09-26 17:04:21] nodos vivos: 8/8
[2026-09-26 17:04:36] nodos vivos: 8/8
[2026-09-26 17:04:51] nodos vivos: 8/8
[2026-09-26 17:05:06] nodos vivos: 8/8
[2026-09-26 17:05:21] nodos vivos: 8/8
[2026-09-26 17:05:36] nodos vivos: 8/8
[2026-09-26 17:05:51] nodos vivos: 8/8
[2026-09-26 17:06:06] nodos vivos: 8/8
[2026-09-26 17:06:21] nodos vivos: 8/8
[2026-09-26 17:06:36] nodos vivos: 8/8
[2026-09-26 17:06:51] nodos vivos: 8/8
[2026-09-26 17:07:06] nodos vivos: 8/8
[2026-09-26 17:07:21] nodos vivos: 8/8
[2026-09-26 17:07:36] nodos vivos: 8/8
[2026-09-26 17:07:51] nodos vivos: 8/8
[2026-09-26 17:08:06] nodos vivos: 8/8
[2026-09-26 17:08:21] nodos vivos: 8/8
[2026-09-26 17:08:36] nodos vivos: 8/8
[2026-09-26 17:08:51] nodos vivos: 8/8
[2026-09-26 17:09:06] nodos vivos: 8/8
[2026-09-26 17:09:21] nodos vivos: 8/8
[2026-09-26 17:09:36] nodos vivos: 8/8
[2026-09-26 17:09:51] nodos vivos: 8/8
[2026-09-26 17:10:06] nodos vivos: 8/8
[2026-09-26 17:10:21] nodos vivos: 8/8
[2026-09-26 17:10:36] nodos vivos: 8/8
[2026-09-26 17:10:51] nodos vivos: 8/8
[2026-09-26 17:11:06] nodos vivos: 8/8
[2026-09-26 17:11:21] nodos vivos: 8/8
[2026-09-26 17:11:36] nodos vivos: 8/8
[2026-09-26 17:11:51] nodos vivos: 8/8
[2026-09-26 17:12:06] nodos vivos: 8/8
[2026-09-26 17:12:21] nodos vivos: 8/8
[2026-09-26 17:12:36] nodos vivos: 8/8
[2026-09-26 17:12:51] nodos vivos: 8/8
[2026-09-26 17:13:06] nodos vivos: 8/8
[2026-09-26 17:13:21] nodos vivos: 8/8
[2026-09-26 17:13:36] nodos vivos: 8/8
[2026-09-26 17:13:51] nodos vivos: 8/8
[2026-09-26 17:14:06] nodos vivos: 8/8
[2026-09-26 17:14:21] nodos vivos: 8/8
[2026-09-26 17:14:36] nodos vivos: 8/8
[2026-09-26 17:14:51] nodos vivos: 8/8
[2026-09-26 17:15:06] nodos vivos: 8/8
[2026-09-26 17:15:21] nodos vivos: 8/8
[2026-09-26 17:15:36] nodos vivos: 8/8
[2026-09-26 17:15:51] nodos vivos: 8/8
[2026-09-26 17:16:06] nodos vivos: 8/8
[2026-09-26 17:16:21] nodos vivos: 8/8
[2026-09-26 17:16:36] nodos vivos: 8/8
[2026-09-26 17:16:51] nodos vivos: 8/8
[2026-09-26 17:17:06] nodos vivos: 8/8
[2026-09-26 17:17:21] nodos vivos: 8/8
[2026-09-26 17:17:36] nodos vivos: 8/8
[2026-09-26 17:17:51] nodos vivos: 8/8
[2026-09-26 17:18:06] nodos vivos: 8/8
[2026-09-26 17:18:21] nodos vivos: 8/8
[2026-09-26 17:18:36] nodos vivos: 8/8
[2026-09-26 17:18:51] nodos vivos: 8/8
[2026-09-26 17:19:06] nodos vivos: 8/8
[2026-09-26 17:19:21] nodos vivos: 8/8
[2026-09-26 17:19:36] nodos vivos: 8/8
[2026-09-26 17:19:51] nodos vivos: 8/8
[2026-09-26 17:20:06] nodos vivos: 8/8
[2026-09-26 17:20:21] nodos vivos: 8/8
[2026-09-26 17:20:36] nodos vivos: 8/8
[2026-09-26 17:20:51] nodos vivos: 8/8
[2026-09-26 17:21:06] nodos vivos: 8/8
[2026-09-26 17:21:21] nodos vivos: 8/8
[2026-09-26 17:21:36] nodos vivos: 8/8
[2026-09-26 17:21:51] nodos vivos: 8/8
[2026-09-26 17:22:06] nodos vivos: 8/8
[2026-09-26 17:22:21] nodos vivos: 8/8
[2026-09-26 17:22:36] nodos vivos: 8/8
[2026-09-26 17:22:51] nodos vivos: 8/8
[2026-09-26 17:23:06] nodos vivos: 8/8
[2026-09-26 17:23:21] nodos vivos: 8/8
[2026-09-26 17:23:36] nodos vivos: 8/8
[2026-09-26 17:23:51] nodos vivos: 8/8
[2026-09-26 17:24:06] nodos vivos: 8/8
[2026-09-26 17:24:21] nodos vivos: 8/8
[2026-09-26 17:24:36] nodos vivos: 8/8
[2026-09-26 17:24:51] nodos vivos: 8/8
[2026-09-26 17:25:06] nodos vivos: 8/8
[2026-09-26 17:25:21] nodos vivos: 8/8
[2026-09-26 17:25:36] nodos vivos: 8/8
[2026-09-26 17:25:51] nodos vivos: 8/8
[2026-09-26 17:26:06] nodos vivos: 8/8
[2026-09-26 17:26:21] nodos vivos: 8/8
[2026-09-26 17:26:36] nodos vivos: 8/8
[2026-09-26 17:26:51] nodos vivos: 8/8
[2026-09-26 17:27:06] nodos vivos: 8/8
[2026-09-26 17:27:21] nodos vivos: 8/8
[2026-09-26 17:27:36] nodos vivos: 8/8
[2026-09-26 17:27:51] nodos vivos: 8/8
[2026-09-26 17:28:06] nodos vivos: 8/8
[2026-09-26 17:28:21] nodos vivos: 8/8
[2026-09-26 17:28:36] nodos vivos: 8/8
[2026-09-26 17:28:51] nodos vivos: 8/8
[2026-09-26 17:29:06] nodos vivos: 8/8
[2026-09-26 17:29:21] nodos vivos: 8/8
[2026-09-26 17:29:36] nodos vivos: 8/8
[2026-09-26 17:29:51] nodos vivos: 8/8
[2026-09-26 17:30:06] nodos vivos: 8/8
[2026-09-26 17:30:21] nodos vivos: 8/8
[2026-09-26 17:30:36] nodos vivos: 8/8
[2026-09-26 17:30:51] nodos vivos: 8/8
[2026-09-26 17:31:06] nodos vivos: 8/8
[2026-09-26 17:31:21] nodos vivos: 8/8
[2026-09-26 17:31:36] nodos vivos: 8/8
[2026-09-26 17:31:51] nodos vivos: 8/8
[2026-09-26 17:32:06] nodos vivos: 8/8
[2026-09-26 17:32:21] nodos vivos: 8/8
[2026-09-26 17:32:36] nodos vivos: 8/8
[2026-09-26 17:32:51] nodos vivos: 8/8
[2026-09-26 17:33:06] nodos vivos: 8/8
[2026-09-26 17:33:21] nodos vivos: 8/8
[2026-09-26 17:33:36] nodos vivos: 8/8
[2026-09-26 17:33:51] nodos vivos: 8/8
[2026-09-26 17:34:06] nodos vivos: 8/8
[2026-09-26 17:34:21] nodos vivos: 8/8
[2026-09-26 17:34:36] nodos vivos: 8/8
[2026-09-26 17:34:51] nodos vivos: 8/8
[2026-09-26 17:35:06] nodos vivos: 8/8
[2026-09-26 17:35:21] nodos vivos: 8/8
[2026-09-26 17:35:36] nodos vivos: 8/8
[2026-09-26 17:35:51] nodos vivos: 8/8
[2026-09-26 17:36:06] nodos vivos: 8/8
[2026-09-26 17:36:21] nodos vivos: 8/8
[2026-09-26 17:36:36] nodos vivos: 8/8
[2026-09-26 17:36:51] nodos vivos: 8/8
[2026-09-26 17:37:06] nodos vivos: 8/8
[2026-09-26 17:37:21] nodos vivos: 8/8
[2026-09-26 17:37:36] nodos vivos: 8/8
[2026-09-26 17:37:51] nodos vivos: 8/8
[2026-09-26 17:38:06] nodos vivos: 8/8
[2026-09-26 17:38:21] nodos vivos: 8/8
[2026-09-26 17:38:36] nodos vivos: 8/8
[2026-09-26 17:38:51] nodos vivos: 8/8
[2026-09-26 17:39:06] nodos vivos: 8/8
[2026-09-26 17:39:21] nodos vivos: 8/8
[2026-09-26 17:39:36] nodos vivos: 8/8
[2026-09-26 17:39:51] nodos vivos: 8/8
[2026-09-26 17:40:06] nodos vivos: 8/8
[2026-09-26 17:40:21] nodos vivos: 8/8
[2026-09-26 17:40:37] nodos vivos: 8/8
[2026-09-26 17:40:52] nodos vivos: 8/8
[2026-09-26 17:41:07] nodos vivos: 8/8
[2026-09-26 17:41:22] nodos vivos: 8/8
[2026-09-26 17:41:37] nodos vivos: 8/8
[2026-09-26 17:41:52] nodos vivos: 8/8
[2026-09-26 17:42:07] nodos vivos: 8/8
[2026-09-26 17:42:22] nodos vivos: 8/8
[2026-09-26 17:42:37] nodos vivos: 8/8
[2026-09-26 17:42:52] nodos vivos: 8/8
[2026-09-26 17:43:07] nodos vivos: 8/8
[2026-09-26 17:43:22] nodos vivos: 8/8
[2026-09-26 17:43:37] nodos vivos: 8/8
[2026-09-26 17:43:52] nodos vivos: 8/8
[2026-09-26 17:44:07] nodos vivos: 8/8
[2026-09-26 17:44:22] nodos vivos: 8/8
[2026-09-26 17:44:37] nodos vivos: 8/8
[2026-09-26 17:44:52] nodos vivos: 8/8
[2026-09-26 17:45:07] nodos vivos: 8/8
[2026-09-26 17:45:22] nodos vivos: 8/8
[2026-09-26 17:45:37] nodos vivos: 8/8
[2026-09-26 17:45:52] nodos vivos: 8/8
[2026-09-26 17:46:07] nodos vivos: 8/8
[2026-09-26 17:46:22] nodos vivos: 8/8
[2026-09-26 17:46:37] nodos vivos: 8/8
[2026-09-26 17:46:52] nodos vivos: 8/8
[2026-09-26 17:47:07] nodos vivos: 8/8
[2026-09-26 17:47:22] nodos vivos: 8/8
[2026-09-26 17:47:37] nodos vivos: 8/8
[2026-09-26 17:47:52] nodos vivos: 8/8
[2026-09-26 17:48:07] nodos vivos: 8/8
[2026-09-26 17:48:22] nodos vivos: 8/8
[2026-09-26 17:48:37] nodos vivos: 8/8
[2026-09-26 17:48:52] nodos vivos: 8/8
[2026-09-26 17:49:07] nodos vivos: 8/8
[2026-09-26 17:49:22] nodos vivos: 8/8
[2026-09-26 17:49:37] nodos vivos: 8/8
[2026-09-26 17:49:52] nodos vivos: 8/8
[2026-09-26 17:50:07] nodos vivos: 8/8
[2026-09-26 17:50:22] nodos vivos: 8/8
[2026-09-26 17:50:37] nodos vivos: 8/8
[2026-09-26 17:50:52] nodos vivos: 8/8
[2026-09-26 17:51:07] nodos vivos: 8/8
[2026-09-26 17:51:22] nodos vivos: 8/8
[2026-09-26 17:51:37] nodos vivos: 8/8
[2026-09-26 17:51:52] nodos vivos: 8/8
[2026-09-26 17:52:07] nodos vivos: 8/8
[2026-09-26 17:52:22] nodos vivos: 8/8
[2026-09-26 17:52:37] nodos vivos: 8/8
[2026-09-26 17:52:52] nodos vivos: 8/8
[2026-09-26 17:53:07] nodos vivos: 8/8
[2026-09-26 17:53:22] nodos vivos: 8/8
[2026-09-26 17:53:37] nodos vivos: 8/8
[2026-09-26 17:53:52] nodos vivos: 8/8
[2026-09-26 17:54:07] nodos vivos: 8/8
[2026-09-26 17:54:22] nodos vivos: 8/8
[2026-09-26 17:54:37] nodos vivos: 8/8
[2026-09-26 17:54:52] nodos vivos: 8/8
[2026-09-26 17:55:07] nodos vivos: 8/8
[2026-09-26 17:55:22] nodos vivos: 8/8
[2026-09-26 17:55:37] nodos vivos: 8/8
[2026-09-26 17:55:52] nodos vivos: 8/8
[2026-09-26 17:56:07] nodos vivos: 8/8
[2026-09-26 17:56:22] nodos vivos: 8/8
[2026-09-26 17:56:37] nodos vivos: 8/8
[2026-09-26 17:56:52] nodos vivos: 8/8
[2026-09-26 17:57:07] nodos vivos: 8/8
[2026-09-26 17:57:22] nodos vivos: 8/8
[2026-09-26 17:57:37] nodos vivos: 8/8
[2026-09-26 17:57:52] nodos vivos: 8/8
[2026-09-26 17:58:07] nodos vivos: 8/8
[2026-09-26 17:58:22] nodos vivos: 8/8
[2026-09-26 17:58:37] nodos vivos: 8/8
[2026-09-26 17:58:52] nodos vivos: 8/8
[2026-09-26 17:59:07] nodos vivos: 8/8
[2026-09-26 17:59:22] nodos vivos: 8/8
[2026-09-26 17:59:37] nodos vivos: 8/8
[2026-09-26 17:59:52] nodos vivos: 8/8
[2026-09-26 18:00:07] nodos vivos: 8/8
[2026-09-26 18:00:22] nodos vivos: 8/8
[2026-09-26 18:00:37] nodos vivos: 8/8
[2026-09-26 18:00:52] nodos vivos: 8/8
[2026-09-26 18:01:07] nodos vivos: 8/8
[2026-09-26 18:01:22] nodos vivos: 8/8
[2026-09-26 18:01:37] nodos vivos: 8/8
[2026-09-26 18:01:52] nodos vivos: 8/8
[2026-09-26 18:02:07] nodos vivos: 8/8
[2026-09-26 18:02:22] nodos vivos: 8/8
[2026-09-26 18:02:37] nodos vivos: 8/8
[2026-09-26 18:02:52] nodos vivos: 8/8
[2026-09-26 18:03:07] nodos vivos: 8/8
[2026-09-26 18:03:22] nodos vivos: 8/8
[2026-09-26 18:03:37] nodos vivos: 8/8
[2026-09-26 18:03:52] nodos vivos: 8/8
[2026-09-26 18:04:07] nodos vivos: 8/8
[2026-09-26 18:04:22] nodos vivos: 8/8
[2026-09-26 18:04:37] nodos vivos: 8/8
[2026-09-26 18:04:52] nodos vivos: 8/8
[2026-09-26 18:05:07] nodos vivos: 8/8
[2026-09-26 18:05:22] nodos vivos: 8/8
[2026-09-26 18:05:37] nodos vivos: 8/8
[2026-09-26 18:05:52] nodos vivos: 8/8
[2026-09-26 18:06:07] nodos vivos: 8/8
[2026-09-26 18:06:22] nodos vivos: 8/8
[2026-09-26 18:06:37] nodos vivos: 8/8
[2026-09-26 18:06:52] nodos vivos: 8/8
[2026-09-26 18:07:07] nodos vivos: 8/8
[2026-09-26 18:07:22] nodos vivos: 8/8
[2026-09-26 18:07:37] nodos vivos: 8/8
[2026-09-26 18:07:52] nodos vivos: 8/8
 18:07:22] nodos vivos: 8/8
[2026-09-26 18:07:37] nodos vivos: 8/8
[2026-09-26 18:07:52] nodos vivos: 8/8
